Component: Arm Compiler for Embedded 6.19 Tool: armlink [5e73cb00]

==============================================================================

Section Cross References

    startup.o(STACK) refers (Special) to heapauxi.o(.text) for __use_two_region_memory
    startup.o(HEAP) refers (Special) to heapauxi.o(.text) for __use_two_region_memory
    startup.o(RESET) refers (Special) to heapauxi.o(.text) for __use_two_region_memory
    startup.o(RESET) refers to startup.o(STACK) for StackMem
    startup.o(RESET) refers to osumain.o(.text.GPIOPortC_Handler) for GPIOPortC_Handler
    startup.o(RESET) refers to osumain.o(.text.GPIOPortE_Handler) for GPIOPortE_Handler
    startup.o(RESET) refers to osumain.o(.text.Timer0A_Handler) for Timer0A_Handler
    startup.o(RESET) refers to osumain.o(.text.Timer1A_Handler) for Timer1A_Handler
    startup.o(RESET) refers to wave.o(.text.Timer2A_Handler) for Timer2A_Handler
    startup.o(RESET) refers to texas.o(.text.Timer5A_Handler) for Timer5A_Handler
    startup.o(RESET) refers to __main.o(!!!main) for __main
    startup.o(.text) refers (Special) to heapauxi.o(.text) for __use_two_region_memory
    startup.o(.text) refers to startup.o(HEAP) for HeapMem
    startup.o(.text) refers to startup.o(STACK) for StackMem
    random.o(.text) refers to random.o(DATA) for M
    timer0.o(.text.Timer0_Init) refers to timer0.o(.bss.PeriodicTask0) for PeriodicTask0
    timer0.o(.ARM.exidx.text.Timer0_Init) refers to timer0.o(.text.Timer0_Init) for [Anonymous Symbol]
    timer0.o(.ARM.exidx.text.Timer0A_Stop) refers to timer0.o(.text.Timer0A_Stop) for [Anonymous Symbol]
    timer0.o(.ARM.exidx.text.Timer0A_Start) refers to timer0.o(.text.Timer0A_Start) for [Anonymous Symbol]
    timer1.o(.ARM.exidx.text.Timer1_Init) refers to timer1.o(.text.Timer1_Init) for [Anonymous Symbol]
    texas.o(.ARM.exidx.text.Scope) refers to texas.o(.text.Scope) for [Anonymous Symbol]
    texas.o(.ARM.exidx.text.LogicAnalyzerA) refers to texas.o(.text.LogicAnalyzerA) for [Anonymous Symbol]
    texas.o(.ARM.exidx.text.LogicAnalyzerB) refers to texas.o(.text.LogicAnalyzerB) for [Anonymous Symbol]
    texas.o(.ARM.exidx.text.LogicAnalyzerC) refers to texas.o(.text.LogicAnalyzerC) for [Anonymous Symbol]
    texas.o(.ARM.exidx.text.LogicAnalyzerE) refers to texas.o(.text.LogicAnalyzerE) for [Anonymous Symbol]
    texas.o(.ARM.exidx.text.LogicAnalyzerF) refers to texas.o(.text.LogicAnalyzerF) for [Anonymous Symbol]
    texas.o(.text.PeriodicTask2_Init) refers to texas.o(.bss.PeriodicTask2) for PeriodicTask2
    texas.o(.ARM.exidx.text.PeriodicTask2_Init) refers to texas.o(.text.PeriodicTask2_Init) for [Anonymous Symbol]
    texas.o(.text.Timer5A_Handler) refers to texas.o(.bss.PeriodicTask2) for PeriodicTask2
    texas.o(.ARM.exidx.text.Timer5A_Handler) refers to texas.o(.text.Timer5A_Handler) for [Anonymous Symbol]
    texas.o(.ARM.exidx.text.PeriodicTask2_Stop) refers to texas.o(.text.PeriodicTask2_Stop) for [Anonymous Symbol]
    texas.o(.ARM.exidx.text.UART0_Init) refers to texas.o(.text.UART0_Init) for [Anonymous Symbol]
    texas.o(.ARM.exidx.text.UART0_InChar) refers to texas.o(.text.UART0_InChar) for [Anonymous Symbol]
    texas.o(.ARM.exidx.text.UART0_OutChar) refers to texas.o(.text.UART0_OutChar) for [Anonymous Symbol]
    texas.o(.text.UART0_OutString) refers to texas.o(.text.UART0_OutChar) for UART0_OutChar
    texas.o(.ARM.exidx.text.UART0_OutString) refers to texas.o(.text.UART0_OutString) for [Anonymous Symbol]
    texas.o(.ARM.exidx.text.ADC1_Init) refers to texas.o(.text.ADC1_Init) for [Anonymous Symbol]
    texas.o(.text.TExaS_Init) refers to startup.o(.text) for DisableInterrupts
    texas.o(.text.TExaS_Init) refers to pll.o(.text.PLL_Init) for PLL_Init
    texas.o(.text.TExaS_Init) refers to texas.o(.text.UART0_Init) for UART0_Init
    texas.o(.text.TExaS_Init) refers to texas.o(.text.LogicAnalyzerA) for LogicAnalyzerA
    texas.o(.text.TExaS_Init) refers to texas.o(.text.PeriodicTask2_Init) for PeriodicTask2_Init
    texas.o(.text.TExaS_Init) refers to texas.o(.text.LogicAnalyzerB) for LogicAnalyzerB
    texas.o(.text.TExaS_Init) refers to texas.o(.text.LogicAnalyzerC) for LogicAnalyzerC
    texas.o(.text.TExaS_Init) refers to texas.o(.text.LogicAnalyzerE) for LogicAnalyzerE
    texas.o(.text.TExaS_Init) refers to texas.o(.text.LogicAnalyzerF) for LogicAnalyzerF
    texas.o(.text.TExaS_Init) refers to texas.o(.text.ADC1_Init) for ADC1_Init
    texas.o(.text.TExaS_Init) refers to texas.o(.text.Scope) for Scope
    texas.o(.ARM.exidx.text.TExaS_Init) refers to texas.o(.text.TExaS_Init) for [Anonymous Symbol]
    texas.o(.text.TExaS_Stop) refers to texas.o(.text.PeriodicTask2_Stop) for PeriodicTask2_Stop
    texas.o(.ARM.exidx.text.TExaS_Stop) refers to texas.o(.text.TExaS_Stop) for [Anonymous Symbol]
    osumain.o(.text.GPIOPortE_Handler) refers to osumain.o(.data.dirPressed) for dirPressed
[...]
    st7735.o(.text.Output_Init) refers to st7735.o(.text.ST7735_FillScreen) for ST7735_FillScreen
    st7735.o(.ARM.exidx.text.Output_Init) refers to st7735.o(.text.Output_Init) for [Anonymous Symbol]
    st7735.o(.text.Output_Clear) refers to st7735.o(.text.ST7735_FillScreen) for ST7735_FillScreen
    st7735.o(.ARM.exidx.text.Output_Clear) refers to st7735.o(.text.Output_Clear) for [Anonymous Symbol]
    st7735.o(.text.Output_Off) refers to st7735.o(.text.Output_Clear) for Output_Clear
    st7735.o(.ARM.exidx.text.Output_Off) refers to st7735.o(.text.Output_Off) for [Anonymous Symbol]
    st7735.o(.text.Output_On) refers to st7735.o(.text.Output_Init) for Output_Init
    st7735.o(.ARM.exidx.text.Output_On) refers to st7735.o(.text.Output_On) for [Anonymous Symbol]
    st7735.o(.text.Output_Color) refers to st7735.o(.text.ST7735_SetTextColor) for ST7735_SetTextColor
    st7735.o(.ARM.exidx.text.Output_Color) refers to st7735.o(.text.Output_Color) for [Anonymous Symbol]
    wave.o(.ARM.exidx.text.Timer2A_Init) refers to wave.o(.text.Timer2A_Init) for [Anonymous Symbol]
    wave.o(.ARM.exidx.text.Timer2A_Start) refers to wave.o(.text.Timer2A_Start) for [Anonymous Symbol]
    wave.o(.ARM.exidx.text.Wave_Stop) refers to wave.o(.text.Wave_Stop) for [Anonymous Symbol]
    wave.o(.text.Wave_Init) refers to wave.o(.text.Timer2A_Init) for Timer2A_Init
    wave.o(.text.Wave_Init) refers to wave.o(.text.Wave_Stop) for Wave_Stop
    wave.o(.text.Wave_Init) refers to dac.o(.text.DAC_Init) for DAC_Init
    wave.o(.ARM.exidx.text.Wave_Init) refers to wave.o(.text.Wave_Init) for [Anonymous Symbol]
    wave.o(.ARM.exidx.text.Timer2A_Handler) refers to wave.o(.text.Timer2A_Handler) for [Anonymous Symbol]
    wave.o(.ARM.exidx.text.Wave_Start) refers to wave.o(.text.Wave_Start) for [Anonymous Symbol]
    wave.o(.text.Wave_Shoot) refers to wave.o(.rodata.shoot) for shoot
    wave.o(.text.Wave_Shoot) refers to wave.o(.text.Wave_Start) for Wave_Start
    wave.o(.ARM.exidx.text.Wave_Shoot) refers to wave.o(.text.Wave_Shoot) for [Anonymous Symbol]
    wave.o(.text.Wave_Killed) refers to wave.o(.rodata.invaderkilled) for invaderkilled
    wave.o(.text.Wave_Killed) refers to wave.o(.text.Wave_Start) for Wave_Start
    wave.o(.ARM.exidx.text.Wave_Killed) refers to wave.o(.text.Wave_Killed) for [Anonymous Symbol]
    wave.o(.text.Wave_Explosion) refers to wave.o(.rodata.explosion) for explosion
    wave.o(.text.Wave_Explosion) refers to wave.o(.text.Wave_Start) for Wave_Start
    wave.o(.ARM.exidx.text.Wave_Explosion) refers to wave.o(.text.Wave_Explosion) for [Anonymous Symbol]
    wave.o(.text.Wave_Highpitch) refers to wave.o(.rodata.highpitch) for highpitch
    wave.o(.text.Wave_Highpitch) refers to wave.o(.text.Wave_Start) for Wave_Start
    wave.o(.ARM.exidx.text.Wave_Highpitch) refers to wave.o(.text.Wave_Highpitch) for [Anonymous Symbol]
    edgetrigger.o(.ARM.exidx.text.EdgeTrigger_Init) refers to edgetrigger.o(.text.EdgeTrigger_Init) for [Anonymous Symbol]
    joystick.o(.ARM.exidx.text.JoyStick_Init) refers to joystick.o(.text.JoyStick_Init) for [Anonymous Symbol]
    joystick.o(.ARM.exidx.text.JoyStick_In) refers to joystick.o(.text.JoyStick_In) for [Anonymous Symbol]
    __main.o(!!!main) refers to __rtentry.o(.ARM.Collect$$rtentry$$00000000) for __rt_entry
    __rtentry.o(.ARM.Collect$$rtentry$$00000000) refers (Special) to __rtentry2.o(.ARM.Collect$$rtentry$$0000000A) for __rt_entry_li
    __rtentry.o(.ARM.Collect$$rtentry$$00000000) refers (Special) to __rtentry2.o(.ARM.Collect$$rtentry$$0000000D) for __rt_entry_main
    __rtentry.o(.ARM.Collect$$rtentry$$00000000) refers (Special) to __rtentry2.o(.ARM.Collect$$rtentry$$0000000C) for __rt_entry_postli_1
    __rtentry.o(.ARM.Collect$$rtentry$$00000000) refers (Special) to __rtentry2.o(.ARM.Collect$$rtentry$$00000009) for __rt_entry_postsh_1
    __rtentry.o(.ARM.Collect$$rtentry$$00000000) refers (Special) to __rtentry2.o(.ARM.Collect$$rtentry$$00000002) for __rt_entry_presh_1
    __rtentry.o(.ARM.Collect$$rtentry$$00000000) refers (Special) to __rtentry4.o(.ARM.Collect$$rtentry$$00000004) for __rt_entry_sh
    __rtentry2.o(.ARM.Collect$$rtentry$$00000008) refers to boardinit2.o(.text) for _platform_post_stackheap_init
    __rtentry2.o(.ARM.Collect$$rtentry$$0000000A) refers to libinit.o(.ARM.Collect$$libinit$$00000000) for __rt_lib_init
    __rtentry2.o(.ARM.Collect$$rtentry$$0000000B) refers to boardinit3.o(.text) for _platform_post_lib_init
    __rtentry2.o(.ARM.Collect$$rtentry$$0000000D) refers to osumain.o(.text.main) for main
    __rtentry2.o(.ARM.Collect$$rtentry$$0000000D) refers to exit.o(.text) for exit
    __rtentry2.o(.ARM.exidx) refers to __rtentry2.o(.ARM.Collect$$rtentry$$00000001) for .ARM.Collect$$rtentry$$00000001
    __rtentry2.o(.ARM.exidx) refers to __rtentry2.o(.ARM.Collect$$rtentry$$00000008) for .ARM.Collect$$rtentry$$00000008
    __rtentry2.o(.ARM.exidx) refers to __rtentry2.o(.ARM.Collect$$rtentry$$0000000A) for .ARM.Collect$$rtentry$$0000000A
    __rtentry2.o(.ARM.exidx) refers to __rtentry2.o(.ARM.Collect$$rtentry$$0000000B) for .ARM.Collect$$rtentry$$0000000B
    __rtentry2.o(.ARM.exidx) refers to __rtentry2.o(.ARM.Collect$$rtentry$$0000000D) for .ARM.Collect$$rtentry$$0000000D
    __rtentry4.o(.ARM.Collect$$rtentry$$00000004) refers to sys_stackheap_outer.o(.text) for __user_setup_stackheap
    __rtentry4.o(.ARM.exidx) refers to __rtentry4.o(.ARM.Collect$$rtentry$$00000004) for .ARM.Collect$$rtentry$$00000004
    sys_stackheap_outer.o(.text) refers to libspace.o(.text) for __user_perproc_libspace
    sys_stackheap_outer.o(.text) refers to startup.o(.text) for __user_initial_stackheap
    exit.o(.text) refers to rtexit.o(.ARM.Collect$$rtexit$$00000000) for __rt_exit
    libinit.o(.ARM.Collect$$libinit$$00000000) refers (Special) to libinit2.o(.ARM.Collect$$libinit$$00000030) for __rt_lib_init_alloca_1
    libinit.o(.ARM.Collect$$libinit$$00000000) refers (Special) to libinit2.o(.ARM.Collect$$libinit$$0000002E) for __rt_lib_init_argv_1
    libinit.o(.ARM.Collect$$libinit$$00000000) refers (Special) to libinit2.o(.ARM.Collect$$libinit$$0000001D) for __rt_lib_init_atexit_1
    libinit.o(.ARM.Collect$$libinit$$00000000) refers (Special) to libinit2.o(.ARM.Collect$$libinit$$00000023) for __rt_lib_init_clock_1
    libinit.o(.ARM.Collect$$libinit$$00000000) refers (Special) to libinit2.o(.ARM.Collect$$libinit$$00000034) for __rt_lib_init_cpp_1
    libinit.o(.ARM.Collect$$libinit$$00000000) refers (Special) to libinit2.o(.ARM.Collect$$libinit$$00000032) for __rt_lib_init_exceptions_1
    libinit.o(.ARM.Collect$$libinit$$00000000) refers (Special) to libinit2.o(.ARM.Collect$$libinit$$00000002) for __rt_lib_init_fp_1
    libinit.o(.ARM.Collect$$libinit$$00000000) refers (Special) to libinit2.o(.ARM.Collect$$libinit$$00000021) for __rt_lib_init_fp_trap_1
    libinit.o(.ARM.Collect$$libinit$$00000000) refers (Special) to libinit2.o(.ARM.Collect$$libinit$$00000025) for __rt_lib_init_getenv_1
    libinit.o(.ARM.Collect$$libinit$$00000000) refers (Special) to libinit2.o(.ARM.Collect$$libinit$$0000000C) for __rt_lib_init_heap_1
    libinit.o(.ARM.Collect$$libinit$$00000000) refers (Special) to libinit2.o(.ARM.Collect$$libinit$$00000013) for __rt_lib_init_lc_collate_1
    libinit.o(.ARM.Collect$$libinit$$00000000) refers (Special) to libinit2.o(.ARM.Collect$$libinit$$00000015) for __rt_lib_init_lc_ctype_1
    libinit.o(.ARM.Collect$$libinit$$00000000) refers (Special) to libinit2.o(.ARM.Collect$$libinit$$00000017) for __rt_lib_init_lc_monetary_1
    libinit.o(.ARM.Collect$$libinit$$00000000) refers (Special) to libinit2.o(.ARM.Collect$$libinit$$00000019) for __rt_lib_init_lc_numeric_1
    libinit.o(.ARM.Collect$$libinit$$00000000) refers (Special) to libinit2.o(.ARM.Collect$$libinit$$0000001B) for __rt_lib_init_lc_time_1
    libinit.o(.ARM.Collect$$libinit$$00000000) refers (Special) to libinit2.o(.ARM.Collect$$libinit$$00000006) for __rt_lib_init_preinit_1
    libinit.o(.ARM.Collect$$libinit$$00000000) refers (Special) to libinit2.o(.ARM.Collect$$libinit$$00000010) for __rt_lib_init_rand_1
    libinit.o(.ARM.Collect$$libinit$$00000000) refers (Special) to libinit2.o(.ARM.Collect$$libinit$$00000004) for __rt_lib_init_relocate_pie_1
    libinit.o(.ARM.Collect$$libinit$$00000000) refers (Special) to libinit2.o(.ARM.Collect$$libinit$$00000035) for __rt_lib_init_return
    libinit.o(.ARM.Collect$$libinit$$00000000) refers (Special) to libinit2.o(.ARM.Collect$$libinit$$0000001F) for __rt_lib_init_signal_1
    libinit.o(.ARM.Collect$$libinit$$00000000) refers (Special) to libinit2.o(.ARM.Collect$$libinit$$00000027) for __rt_lib_init_stdio_1
    libinit.o(.ARM.Collect$$libinit$$00000000) refers (Special) to libinit2.o(.ARM.Collect$$libinit$$0000000E) for __rt_lib_init_user_alloc_1
    libspace.o(.text) refers to libspace.o(.bss) for __libspace_start
    rtexit.o(.ARM.Collect$$rtexit$$00000000) refers (Special) to rtexit2.o(.ARM.Collect$$rtexit$$00000004) for __rt_exit_exit
    rtexit.o(.ARM.Collect$$rtexit$$00000000) refers (Special) to rtexit2.o(.ARM.Collect$$rtexit$$00000003) for __rt_exit_ls
    rtexit.o(.ARM.Collect$$rtexit$$00000000) refers (Special) to rtexit2.o(.ARM.Collect$$rtexit$$00000002) for __rt_exit_prels_1
    rtexit.o(.ARM.exidx) refers (Special) to rtexit2.o(.ARM.Collect$$rtexit$$00000004) for __rt_exit_exit
    rtexit.o(.ARM.exidx) refers (Special) to rtexit2.o(.ARM.Collect$$rtexit$$00000003) for __rt_exit_ls
    rtexit.o(.ARM.exidx) refers (Special) to rtexit2.o(.ARM.Collect$$rtexit$$00000002) for __rt_exit_prels_1
    rtexit.o(.ARM.exidx) refers to rtexit.o(.ARM.Collect$$rtexit$$00000000) for .ARM.Collect$$rtexit$$00000000
    libinit2.o(.ARM.Collect$$libinit$$00000012) refers to libinit2.o(.ARM.Collect$$libinit$$00000011) for .ARM.Collect$$libinit$$00000011
    libinit2.o(.ARM.Collect$$libinit$$00000014) refers to libinit2.o(.ARM.Collect$$libinit$$00000011) for .ARM.Collect$$libinit$$00000011
    libinit2.o(.ARM.Collect$$libinit$$00000016) refers to libinit2.o(.ARM.Collect$$libinit$$00000011) for .ARM.Collect$$libinit$$00000011
    libinit2.o(.ARM.Collect$$libinit$$00000018) refers to libinit2.o(.ARM.Collect$$libinit$$00000011) for .ARM.Collect$$libinit$$00000011
    libinit2.o(.ARM.Collect$$libinit$$0000001A) refers to libinit2.o(.ARM.Collect$$libinit$$00000011) for .ARM.Collect$$libinit$$00000011
    libinit2.o(.ARM.Collect$$libinit$$00000028) refers to argv_veneer.o(.emb_text) for __ARM_argv_veneer
    libinit2.o(.ARM.Collect$$libinit$$00000029) refers to argv_veneer.o(.emb_text) for __ARM_argv_veneer
    rtexit2.o(.ARM.Collect$$rtexit$$00000003) refers to libshutdown.o(.ARM.Collect$$libshutdown$$00000000) for __rt_lib_shutdown
    rtexit2.o(.ARM.Collect$$rtexit$$00000004) refers to sys_exit.o(.text) for _sys_exit
    rtexit2.o(.ARM.exidx) refers to rtexit2.o(.ARM.Collect$$rtexit$$00000001) for .ARM.Collect$$rtexit$$00000001
    rtexit2.o(.ARM.exidx) refers to rtexit2.o(.ARM.Collect$$rtexit$$00000003) for .ARM.Collect$$rtexit$$00000003
    rtexit2.o(.ARM.exidx) refers to rtexit2.o(.ARM.Collect$$rtexit$$00000004) for .ARM.Collect$$rtexit$$00000004
    argv_veneer.o(.emb_text) refers to no_argv.o(.text) for __ARM_get_argv
    sys_exit.o(.text) refers (Special) to use_no_semi.o(.text) for __I$use$semihosting
    sys_exit.o(.text) refers (Special) to indicate_semi.o(.text) for __semihosting_library_function
    sys_exit_hlt.o(.text) refers (Special) to use_no_semi.o(.text) for __I$use$semihosting
    sys_exit_hlt.o(.text) refers (Special) to indicate_semi.o(.text) for __semihosting_library_function
    _get_argv_nomalloc.o(.text) refers (Special) to hrguard.o(.text) for __heap_region$guard
    _get_argv_nomalloc.o(.text) refers to defsig_rtmem_outer.o(.text) for __rt_SIGRTMEM
    _get_argv_nomalloc.o(.text) refers to sys_command.o(.text) for _sys_command_string
    libshutdown.o(.ARM.Collect$$libshutdown$$00000000) refers (Special) to libshutdown2.o(.ARM.Collect$$libshutdown$$00000002) for __rt_lib_shutdown_cpp_1
    libshutdown.o(.ARM.Collect$$libshutdown$$00000000) refers (Special) to libshutdown2.o(.ARM.Collect$$libshutdown$$00000007) for __rt_lib_shutdown_fp_trap_1
    libshutdown.o(.ARM.Collect$$libshutdown$$00000000) refers (Special) to libshutdown2.o(.ARM.Collect$$libshutdown$$0000000F) for __rt_lib_shutdown_heap_1
    libshutdown.o(.ARM.Collect$$libshutdown$$00000000) refers (Special) to libshutdown2.o(.ARM.Collect$$libshutdown$$00000010) for __rt_lib_shutdown_return
    libshutdown.o(.ARM.Collect$$libshutdown$$00000000) refers (Special) to libshutdown2.o(.ARM.Collect$$libshutdown$$0000000A) for __rt_lib_shutdown_signal_1
    libshutdown.o(.ARM.Collect$$libshutdown$$00000000) refers (Special) to libshutdown2.o(.ARM.Collect$$libshutdown$$00000004) for __rt_lib_shutdown_stdio_1
    libshutdown.o(.ARM.Collect$$libshutdown$$00000000) refers (Special) to libshutdown2.o(.ARM.Collect$$libshutdown$$0000000C) for __rt_lib_shutdown_user_alloc_1
    sys_command.o(.text) refers (Special) to use_no_semi.o(.text) for __I$use$semihosting
    sys_command.o(.text) refers (Special) to indicate_semi.o(.text) for __semihosting_library_function
    sys_command_hlt.o(.text) refers (Special) to use_no_semi.o(.text) for __I$use$semihosting
    sys_command_hlt.o(.text) refers (Special) to indicate_semi.o(.text) for __semihosting_library_function
    defsig_rtmem_outer.o(.text) refers to defsig_rtmem_inner.o(.text) for __rt_SIGRTMEM_inner
    defsig_rtmem_outer.o(.text) refers to defsig_exit.o(.text) for __sig_exit
    defsig_rtmem_formal.o(.text) refers to rt_raise.o(.text) for __rt_raise
    rt_raise.o(.text) refers to __raise.o(.text) for __raise
    rt_raise.o(.text) refers to sys_exit.o(.text) for _sys_exit
    defsig_exit.o(.text) refers to sys_exit.o(.text) for _sys_exit
    defsig_rtmem_inner.o(.text) refers to defsig_general.o(.text) for __default_signal_display
    __raise.o(.text) refers to defsig.o(CL$$defsig) for __default_signal_handler
    defsig_general.o(.text) refers to sys_wrch.o(.text) for _ttywrch
    sys_wrch.o(.text) refers (Special) to use_no_semi.o(.text) for __I$use$semihosting
    sys_wrch.o(.text) refers (Special) to indicate_semi.o(.text) for __semihosting_library_function
    sys_wrch_hlt.o(.text) refers (Special) to use_no_semi.o(.text) for __I$use$semihosting
    sys_wrch_hlt.o(.text) refers (Special) to indicate_semi.o(.text) for __semihosting_library_function
    defsig.o(CL$$defsig) refers to defsig_rtmem_inner.o(.text) for __rt_SIGRTMEM_inner
    defsig_abrt_inner.o(.text) refers to defsig_general.o(.text) for __default_signal_display
    defsig_fpe_inner.o(.text) refers to defsig_general.o(.text) for __default_signal_display
    defsig_rtred_inner.o(.text) refers to defsig_general.o(.text) for __default_signal_display
    defsig_stak_inner.o(.text) refers to defsig_general.o(.text) for __default_signal_display
    defsig_pvfn_inner.o(.text) refers to defsig_general.o(.text) for __default_signal_display
    defsig_cppl_inner.o(.text) refers to defsig_general.o(.text) for __default_signal_display
    defsig_segv_inner.o(.text) refers to defsig_general.o(.text) for __default_signal_display
    defsig_other.o(.text) refers to defsig_general.o(.text) for __default_signal_display


==============================================================================

Removing Unused input sections from the image.

    Removing random.o(DATA), (4 bytes).
    Removing random.o(.text), (60 bytes).
    Removing timer0.o(.text), (0 bytes).
    Removing timer0.o(.text.Timer0_Init), (150 bytes).
    Removing timer0.o(.ARM.exidx.text.Timer0_Init), (8 bytes).
    Removing timer0.o(.text.Timer0A_Stop), (16 bytes).
    Removing timer0.o(.ARM.exidx.text.Timer0A_Stop), (8 bytes).
    Removing timer0.o(.text.Timer0A_Start), (16 bytes).
    Removing timer0.o(.ARM.exidx.text.Timer0A_Start), (8 bytes).
    Removing timer0.o(.bss.PeriodicTask0), (4 bytes).
    Removing timer1.o(.text), (0 bytes).
    Removing timer1.o(.ARM.exidx.text.Timer1_Init), (8 bytes).
    Removing texas.o(.text), (0 bytes).
    Removing texas.o(.ARM.exidx.text.Scope), (8 bytes).
    Removing texas.o(.ARM.exidx.text.LogicAnalyzerA), (8 bytes).
    Removing texas.o(.ARM.exidx.text.LogicAnalyzerB), (8 bytes).
    Removing texas.o(.ARM.exidx.text.LogicAnalyzerC), (8 bytes).
    Removing texas.o(.ARM.exidx.text.LogicAnalyzerE), (8 bytes).
    Removing texas.o(.ARM.exidx.text.LogicAnalyzerF), (8 bytes).
    Removing texas.o(.ARM.exidx.text.PeriodicTask2_Init), (8 bytes).
    Removing texas.o(.ARM.exidx.text.Timer5A_Handler), (8 bytes).
    Removing texas.o(.text.PeriodicTask2_Stop), (48 bytes).
    Removing texas.o(.ARM.exidx.text.PeriodicTask2_Stop), (8 bytes).
    Removing texas.o(.ARM.exidx.text.UART0_Init), (8 bytes).
    Removing texas.o(.text.UART0_InChar), (36 bytes).
    Removing texas.o(.ARM.exidx.text.UART0_InChar), (8 bytes).
    Removing texas.o(.text.UART0_OutChar), (46 bytes).
    Removing texas.o(.ARM.exidx.text.UART0_OutChar), (8 bytes).
    Removing texas.o(.text.UART0_OutString), (36 bytes).
    Removing texas.o(.ARM.exidx.text.UART0_OutString), (8 bytes).
    Removing texas.o(.ARM.exidx.text.ADC1_Init), (8 bytes).
    Removing texas.o(.ARM.exidx.text.TExaS_Init), (8 bytes).
    Removing texas.o(.text.TExaS_Stop), (8 bytes).
    Removing texas.o(.ARM.exidx.text.TExaS_Stop), (8 bytes).
    Removing osumain.o(.text), (0 bytes).
    Removing osumain.o(.ARM.exidx.text.GPIOPortE_Handler), (8 bytes).
    Removing osumain.o(.ARM.exidx.text.GPIOPortC_Handler), (8 bytes).
    Removing osumain.o(.ARM.exidx.text.Timer1A_Handler), (8 bytes).
    Removing osumain.o(.ARM.exidx.text.Timer0A_Handler), (8 bytes).
    Removing osumain.o(.ARM.exidx.text.main), (8 bytes).
    Removing osumain.o(.ARM.exidx.text.startScreen), (8 bytes).
    Removing osumain.o(.ARM.exidx.text.hover), (8 bytes).
    Removing osumain.o(.ARM.exidx.text.menuScreen), (8 bytes).
    Removing osumain.o(.ARM.exidx.text.languageSelectScreen), (8 bytes).
    Removing osumain.o(.text.difficultySelectScreen), (2 bytes).
    Removing osumain.o(.ARM.exidx.text.difficultySelectScreen), (8 bytes).
    Removing osumain.o(.text.gameScreen), (2 bytes).
    Removing osumain.o(.ARM.exidx.text.gameScreen), (8 bytes).
    Removing osumain.o(.text.pauseScreen), (76 bytes).
    Removing osumain.o(.ARM.exidx.text.pauseScreen), (8 bytes).
    Removing osumain.o(.text.endScreen), (32 bytes).
    Removing osumain.o(.ARM.exidx.text.endScreen), (8 bytes).
    Removing osumain.o(.bss.currScreen), (1 bytes).
    Removing osumain.o(.data.prevScreen), (1 bytes).
    Removing osumain.o(.data.difficulty), (1 bytes).
    Removing osumain.o(.data.enMSG), (16 bytes).
    Removing osumain.o(.data.frMSG), (16 bytes).
    Removing osumain.o(.bss.uScore), (4 bytes).
    Removing osumain.o(.ARM.use_no_argv), (4 bytes).
    Removing adc.o(.text), (0 bytes).
    Removing adc.o(.ARM.exidx.text.ADC_Init), (8 bytes).
    Removing adc.o(.text.ADC_In), (70 bytes).
    Removing adc.o(.ARM.exidx.text.ADC_In), (8 bytes).
    Removing dac.o(.text), (0 bytes).
    Removing dac.o(.ARM.exidx.text.DAC_Init), (8 bytes).
    Removing dac.o(.text.DAC_Out), (20 bytes).
    Removing dac.o(.ARM.exidx.text.DAC_Out), (8 bytes).
    Removing pll.o(.text), (0 bytes).
    Removing pll.o(.ARM.exidx.text.PLL_Init), (8 bytes).
    Removing st7735.o(.text), (0 bytes).
    Removing st7735.o(.ARM.exidx.text.writecommand), (8 bytes).
    Removing st7735.o(.ARM.exidx.text.writedata), (8 bytes).
    Removing st7735.o(.ARM.exidx.text.Delay1ms), (8 bytes).
    Removing st7735.o(.text.ST7735_InitB), (50 bytes).
    Removing st7735.o(.ARM.exidx.text.ST7735_InitB), (8 bytes).
    Removing st7735.o(.ARM.exidx.text.commonInit), (8 bytes).
    Removing st7735.o(.ARM.exidx.text.ST7735_SetCursor), (8 bytes).
    Removing st7735.o(.ARM.exidx.text.ST7735_FillScreen), (8 bytes).
    Removing st7735.o(.ARM.exidx.text.ST7735_InitR), (8 bytes).
    Removing st7735.o(.ARM.exidx.text.commandList), (8 bytes).
    Removing st7735.o(.ARM.exidx.text.ST7735_DrawPixel), (8 bytes).
    Removing st7735.o(.ARM.exidx.text.setAddrWindow), (8 bytes).
    Removing st7735.o(.ARM.exidx.text.pushColor), (8 bytes).
    Removing st7735.o(.text.ST7735_DrawFastVLine), (198 bytes).
    Removing st7735.o(.ARM.exidx.text.ST7735_DrawFastVLine), (8 bytes).
    Removing st7735.o(.text.ST7735_DrawFastHLine), (198 bytes).
    Removing st7735.o(.ARM.exidx.text.ST7735_DrawFastHLine), (8 bytes).
    Removing st7735.o(.ARM.exidx.text.ST7735_FillRect), (8 bytes).
    Removing st7735.o(.text.ST7735_DrawSmallCircle), (218 bytes).
    Removing st7735.o(.ARM.exidx.text.ST7735_DrawSmallCircle), (8 bytes).
    Removing st7735.o(.text.deselect), (36 bytes).
    Removing st7735.o(.ARM.exidx.text.deselect), (8 bytes).
    Removing st7735.o(.text.ST7735_DrawCircle), (218 bytes).
    Removing st7735.o(.ARM.exidx.text.ST7735_DrawCircle), (8 bytes).
    Removing st7735.o(.text.ST7735_Color565), (48 bytes).
    Removing st7735.o(.ARM.exidx.text.ST7735_Color565), (8 bytes).
    Removing st7735.o(.ARM.exidx.text.ST7735_SwapColor), (8 bytes).
    Removing st7735.o(.ARM.exidx.text.ST7735_DrawBitmap), (8 bytes).
    Removing st7735.o(.ARM.exidx.text.ST7735_DrawCharS), (8 bytes).
    Removing st7735.o(.text.ST7735_DrawChar), (428 bytes).
    Removing st7735.o(.ARM.exidx.text.ST7735_DrawChar), (8 bytes).
    Removing st7735.o(.ARM.exidx.text.ST7735_DrawString), (8 bytes).
    Removing st7735.o(.text.ST7735_OutUDec), (184 bytes).
    Removing st7735.o(.ARM.exidx.text.ST7735_OutUDec), (8 bytes).
    Removing st7735.o(.text.ST7735_OutFix), (184 bytes).
    Removing st7735.o(.ARM.exidx.text.ST7735_OutFix), (8 bytes).
    Removing st7735.o(.text.ST7735_SetRotation), (290 bytes).
    Removing st7735.o(.ARM.exidx.text.ST7735_SetRotation), (8 bytes).
    Removing st7735.o(.text.ST7735_InvertDisplay), (32 bytes).
    Removing st7735.o(.ARM.exidx.text.ST7735_InvertDisplay), (8 bytes).
    Removing st7735.o(.text.ST7735_PlotClear), (144 bytes).
    Removing st7735.o(.ARM.exidx.text.ST7735_PlotClear), (8 bytes).
    Removing st7735.o(.text.ST7735_PlotPoint), (222 bytes).
    Removing st7735.o(.ARM.exidx.text.ST7735_PlotPoint), (8 bytes).
    Removing st7735.o(.text.ST7735_PlotLine), (462 bytes).
    Removing st7735.o(.ARM.exidx.text.ST7735_PlotLine), (8 bytes).
    Removing st7735.o(.text.ST7735_PlotPoints), (314 bytes).
    Removing st7735.o(.ARM.exidx.text.ST7735_PlotPoints), (8 bytes).
    Removing st7735.o(.text.ST7735_PlotBar), (138 bytes).
    Removing st7735.o(.ARM.exidx.text.ST7735_PlotBar), (8 bytes).
    Removing st7735.o(.text.ST7735_PlotdBfs), (96 bytes).
    Removing st7735.o(.ARM.exidx.text.ST7735_PlotdBfs), (8 bytes).
    Removing st7735.o(.text.ST7735_PlotNext), (48 bytes).
    Removing st7735.o(.ARM.exidx.text.ST7735_PlotNext), (8 bytes).
    Removing st7735.o(.text.ST7735_PlotNextErase), (90 bytes).
    Removing st7735.o(.ARM.exidx.text.ST7735_PlotNextErase), (8 bytes).
    Removing st7735.o(.ARM.exidx.text.ST7735_OutChar), (8 bytes).
    Removing st7735.o(.ARM.exidx.text.ST7735_OutString), (8 bytes).
    Removing st7735.o(.text.ST7735_SetTextColor), (24 bytes).
    Removing st7735.o(.ARM.exidx.text.ST7735_SetTextColor), (8 bytes).
    Removing st7735.o(.text.fputc), (22 bytes).
    Removing st7735.o(.ARM.exidx.text.fputc), (8 bytes).
    Removing st7735.o(.text.fgetc), (10 bytes).
    Removing st7735.o(.ARM.exidx.text.fgetc), (8 bytes).
    Removing st7735.o(.text.ferror), (12 bytes).
    Removing st7735.o(.ARM.exidx.text.ferror), (8 bytes).
    Removing st7735.o(.ARM.exidx.text.Output_Init), (8 bytes).
    Removing st7735.o(.text.Output_Clear), (10 bytes).
    Removing st7735.o(.ARM.exidx.text.Output_Clear), (8 bytes).
    Removing st7735.o(.text.Output_Off), (8 bytes).
    Removing st7735.o(.ARM.exidx.text.Output_Off), (8 bytes).
    Removing st7735.o(.text.Output_On), (8 bytes).
    Removing st7735.o(.ARM.exidx.text.Output_On), (8 bytes).
    Removing st7735.o(.text.Output_Color), (18 bytes).
    Removing st7735.o(.ARM.exidx.text.Output_Color), (8 bytes).
    Removing st7735.o(.rodata.Bcmd), (103 bytes).
    Removing st7735.o(.rodata.smallCircle), (36 bytes).
    Removing st7735.o(.rodata.circle), (60 bytes).
    Removing st7735.o(.bss.Message), (12 bytes).
    Removing st7735.o(.bss.Rotation), (1 bytes).
    Removing st7735.o(.bss.Ymax), (4 bytes).
    Removing st7735.o(.bss.Ymin), (4 bytes).
    Removing st7735.o(.bss.Yrange), (4 bytes).
    Removing st7735.o(.bss.X), (4 bytes).
    Removing st7735.o(.bss.lastj), (4 bytes).
    Removing st7735.o(.rodata.dBfs), (512 bytes).
    Removing st7735.o(.bss.Messageindex), (4 bytes).
    Removing stringconversion.o(.text), (240 bytes).
    Removing wave.o(.text), (0 bytes).
    Removing wave.o(.ARM.exidx.text.Timer2A_Init), (8 bytes).
    Removing wave.o(.text.Timer2A_Start), (16 bytes).
    Removing wave.o(.ARM.exidx.text.Timer2A_Start), (8 bytes).
    Removing wave.o(.ARM.exidx.text.Wave_Stop), (8 bytes).
    Removing wave.o(.ARM.exidx.text.Wave_Init), (8 bytes).
    Removing wave.o(.ARM.exidx.text.Timer2A_Handler), (8 bytes).
    Removing wave.o(.text.Wave_Start), (10 bytes).
    Removing wave.o(.ARM.exidx.text.Wave_Start), (8 bytes).
    Removing wave.o(.text.Wave_Shoot), (20 bytes).
    Removing wave.o(.ARM.exidx.text.Wave_Shoot), (8 bytes).
    Removing wave.o(.text.Wave_Killed), (20 bytes).
    Removing wave.o(.ARM.exidx.text.Wave_Killed), (8 bytes).
    Removing wave.o(.text.Wave_Explosion), (20 bytes).
    Removing wave.o(.ARM.exidx.text.Wave_Explosion), (8 bytes).
    Removing wave.o(.text.Wave_Highpitch), (20 bytes).
    Removing wave.o(.ARM.exidx.text.Wave_Highpitch), (8 bytes).
    Removing wave.o(.rodata.shoot), (4080 bytes).
    Removing wave.o(.rodata.invaderkilled), (3377 bytes).
    Removing wave.o(.rodata.explosion), (2000 bytes).
    Removing wave.o(.rodata.highpitch), (1802 bytes).
    Removing wave.o(.rodata.fastinvader1), (982 bytes).
    Removing wave.o(.rodata.fastinvader2), (1042 bytes).
    Removing wave.o(.rodata.fastinvader3), (1054 bytes).
    Removing wave.o(.rodata.fastinvader4), (1098 bytes).
    Removing edgetrigger.o(.text), (0 bytes).
    Removing edgetrigger.o(.ARM.exidx.text.EdgeTrigger_Init), (8 bytes).
    Removing joystick.o(.text), (0 bytes).
    Removing joystick.o(.ARM.exidx.text.JoyStick_Init), (8 bytes).
    Removing joystick.o(.ARM.exidx.text.JoyStick_In), (8 bytes).

188 unused section(s) (total 21692 bytes) removed from the image.

==============================================================================

Image Symbol Table

    Local Symbols

    Symbol Name                              Value     Ov Type        Size  Object(Section)

    ../clib/angel/boardlib.s                 0x00000000   Number         0  boardinit1.o ABSOLUTE
    ../clib/angel/boardlib.s                 0x00000000   Number         0  boardinit2.o ABSOLUTE
    ../clib/angel/boardlib.s                 0x00000000   Number         0  boardinit3.o ABSOLUTE
    ../clib/angel/boardlib.s                 0x00000000   Number         0  boardshut.o ABSOLUTE
    ../clib/angel/handlers.s                 0x00000000   Number         0  __scatter_copy.o ABSOLUTE
    ../clib/angel/handlers.s                 0x00000000   Number         0  __scatter_zi.o ABSOLUTE
    ../clib/angel/kernel.s                   0x00000000   Number         0  __rtentry.o ABSOLUTE
    ../clib/angel/kernel.s                   0x00000000   Number         0  __rtentry2.o ABSOLUTE
    ../clib/angel/kernel.s                   0x00000000   Number         0  __rtentry4.o ABSOLUTE
    ../clib/angel/kernel.s                   0x00000000   Number         0  rtexit.o ABSOLUTE
    ../clib/angel/kernel.s                   0x00000000   Number         0  rtexit2.o ABSOLUTE
    ../clib/angel/rt.s                       0x00000000   Number         0  rt_raise.o ABSOLUTE
    ../clib/angel/scatter.s                  0x00000000   Number         0  __scatter.o ABSOLUTE
    ../clib/angel/startup.s                  0x00000000   Number         0  __main.o ABSOLUTE
    ../clib/angel/sys.s                      0x00000000   Number         0  sys_stackheap_outer.o ABSOLUTE
    ../clib/angel/sys.s                      0x00000000   Number         0  libspace.o ABSOLUTE
    ../clib/angel/sys.s                      0x00000000   Number         0  use_no_semi.o ABSOLUTE
    ../clib/angel/sys.s                      0x00000000   Number         0  indicate_semi.o ABSOLUTE
    ../clib/angel/sysapp.c                   0x00000000   Number         0  sys_exit.o ABSOLUTE
    ../clib/angel/sysapp.c                   0x00000000   Number         0  sys_exit_hlt.o ABSOLUTE
    ../clib/angel/sysapp.c                   0x00000000   Number         0  sys_command.o ABSOLUTE
    ../clib/angel/sysapp.c                   0x00000000   Number         0  sys_command_hlt.o ABSOLUTE
    ../clib/angel/sysapp.c                   0x00000000   Number         0  sys_wrch.o ABSOLUTE
    ../clib/angel/sysapp.c                   0x00000000   Number         0  sys_wrch_hlt.o ABSOLUTE
    ../clib/armsys.c                         0x00000000   Number         0  argv_veneer.o ABSOLUTE
    ../clib/armsys.c                         0x00000000   Number         0  argv_veneer.o ABSOLUTE
    ../clib/armsys.c                         0x00000000   Number         0  _get_argv_nomalloc.o ABSOLUTE
    ../clib/armsys.c                         0x00000000   Number         0  no_argv.o ABSOLUTE
    ../clib/heapalloc.c                      0x00000000   Number         0  hrguard.o ABSOLUTE
    ../clib/heapaux.c                        0x00000000   Number         0  heapauxi.o ABSOLUTE
    ../clib/libinit.s                        0x00000000   Number         0  libinit.o ABSOLUTE
    ../clib/libinit.s                        0x00000000   Number         0  libinit2.o ABSOLUTE
    ../clib/libinit.s                        0x00000000   Number         0  libshutdown.o ABSOLUTE
    ../clib/libinit.s                        0x00000000   Number         0  libshutdown2.o ABSOLUTE
    ../clib/signal.c                         0x00000000   Number         0  defsig_rtmem_outer.o ABSOLUTE
    ../clib/signal.c                         0x00000000   Number         0  defsig_rtmem_formal.o ABSOLUTE
    ../clib/signal.c                         0x00000000   Number         0  defsig_exit.o ABSOLUTE
    ../clib/signal.c                         0x00000000   Number         0  defsig_rtmem_inner.o ABSOLUTE
    ../clib/signal.c                         0x00000000   Number         0  __raise.o ABSOLUTE
    ../clib/signal.c                         0x00000000   Number         0  defsig_general.o ABSOLUTE
    ../clib/signal.c                         0x00000000   Number         0  defsig_abrt_inner.o ABSOLUTE
    ../clib/signal.c                         0x00000000   Number         0  defsig_fpe_inner.o ABSOLUTE
    ../clib/signal.c                         0x00000000   Number         0  defsig_rtred_inner.o ABSOLUTE
    ../clib/signal.c                         0x00000000   Number         0  defsig_stak_inner.o ABSOLUTE
    ../clib/signal.c                         0x00000000   Number         0  defsig_pvfn_inner.o ABSOLUTE
    ../clib/signal.c                         0x00000000   Number         0  defsig_cppl_inner.o ABSOLUTE
    ../clib/signal.c                         0x00000000   Number         0  defsig_segv_inner.o ABSOLUTE
    ../clib/signal.c                         0x00000000   Number         0  defsig_other.o ABSOLUTE
    ../clib/signal.s                         0x00000000   Number         0  defsig.o ABSOLUTE
    ../clib/stdlib.c                         0x00000000   Number         0  abs.o ABSOLUTE
    ../clib/stdlib.c                         0x00000000   Number         0  exit.o ABSOLUTE
    ../fplib/fpinit.s                        0x00000000   Number         0  fpinit.o ABSOLUTE
    ../fplib/fpinit_empty.s                  0x00000000   Number         0  fpinit_empty.o ABSOLUTE
    ..\inc\BusyWait.s                        0x00000000   Number         0  busywait.o ABSOLUTE
    ..\inc\StringConversion.s                0x00000000   Number         0  stringconversion.o ABSOLUTE
    ADC.c                                    0x00000000   Number         0  adc.o ABSOLUTE
    DAC.c                                    0x00000000   Number         0  dac.o ABSOLUTE
    EdgeTrigger.c                            0x00000000   Number         0  edgetrigger.o ABSOLUTE
    JoyStick.c                               0x00000000   Number         0  joystick.o ABSOLUTE
    OsuMain.c                                0x00000000   Number         0  osumain.o ABSOLUTE
    PLL.c                                    0x00000000   Number         0  pll.o ABSOLUTE
    ST7735.c                                 0x00000000   Number         0  st7735.o ABSOLUTE
    TExaS.c                                  0x00000000   Number         0  texas.o ABSOLUTE
    Timer0.c                                 0x00000000   Number         0  timer0.o ABSOLUTE
    Timer1.c                                 0x00000000   Number         0  timer1.o ABSOLUTE
    dc.s                                     0x00000000   Number         0  dc.o ABSOLUTE
    random.s                                 0x00000000   Number         0  random.o ABSOLUTE
    startup.s                                0x00000000   Number         0  startup.o ABSOLUTE
    wave.c                                   0x00000000   Number         0  wave.o ABSOLUTE
    RESET                                    0x00000000   Section      644  startup.o(RESET)
    !!!main                                  0x00000284   Section        8  __main.o(!!!main)
    !!!scatter                               0x0000028c   Section       52  __scatter.o(!!!scatter)
    !!handler_copy                           0x000002c0   Section       26  __scatter_copy.o(!!handler_copy)
    !!handler_zi                             0x000002dc   Section       28  __scatter_zi.o(!!handler_zi)
    .ARM.Collect$$libinit$$00000000          0x000002f8   Section        2  libinit.o(.ARM.Collect$$libinit$$00000000)
    .ARM.Collect$$libinit$$00000002          0x000002fa   Section        0  libinit2.o(.ARM.Collect$$libinit$$00000002)
    .ARM.Collect$$libinit$$00000004          0x000002fa   Section        0  libinit2.o(.ARM.Collect$$libinit$$00000004)
    .ARM.Collect$$libinit$$00000006          0x000002fa   Section        0  libinit2.o(.ARM.Collect$$libinit$$00000006)
    .ARM.Collect$$libinit$$0000000C          0x000002fa   Section        0  libinit2.o(.ARM.Collect$$libinit$$0000000C)
    .ARM.Collect$$libinit$$0000000E          0x000002fa   Section        0  libinit2.o(.ARM.Collect$$libinit$$0000000E)
    .ARM.Collect$$libinit$$00000010          0x000002fa   Section        0  libinit2.o(.ARM.Collect$$libinit$$00000010)
    .ARM.Collect$$libinit$$00000013          0x000002fa   Section        0  libinit2.o(.ARM.Collect$$libinit$$00000013)
    .ARM.Collect$$libinit$$00000015          0x000002fa   Section        0  libinit2.o(.ARM.Collect$$libinit$$00000015)
    .ARM.Collect$$libinit$$00000017          0x000002fa   Section        0  libinit2.o(.ARM.Collect$$libinit$$00000017)
    .ARM.Collect$$libinit$$00000019          0x000002fa   Section        0  libinit2.o(.ARM.Collect$$libinit$$00000019)
    .ARM.Collect$$libinit$$0000001B          0x000002fa   Section        0  libinit2.o(.ARM.Collect$$libinit$$0000001B)
    .ARM.Collect$$libinit$$0000001D          0x000002fa   Section        0  libinit2.o(.ARM.Collect$$libinit$$0000001D)
    .ARM.Collect$$libinit$$0000001F          0x000002fa   Section        0  libinit2.o(.ARM.Collect$$libinit$$0000001F)
    .ARM.Collect$$libinit$$00000021          0x000002fa   Section        0  libinit2.o(.ARM.Collect$$libinit$$00000021)
    .ARM.Collect$$libinit$$00000023          0x000002fa   Section        0  libinit2.o(.ARM.Collect$$libinit$$00000023)
    .ARM.Collect$$libinit$$00000025          0x000002fa   Section        0  libinit2.o(.ARM.Collect$$libinit$$00000025)
    .ARM.Collect$$libinit$$00000027          0x000002fa   Section        0  libinit2.o(.ARM.Collect$$libinit$$00000027)
    .ARM.Collect$$libinit$$0000002E          0x000002fa   Section        0  libinit2.o(.ARM.Collect$$libinit$$0000002E)
    .ARM.Collect$$libinit$$00000030          0x000002fa   Section        0  libinit2.o(.ARM.Collect$$libinit$$00000030)
    .ARM.Collect$$libinit$$00000032          0x000002fa   Section        0  libinit2.o(.ARM.Collect$$libinit$$00000032)
    .ARM.Collect$$libinit$$00000034          0x000002fa   Section        0  libinit2.o(.ARM.Collect$$libinit$$00000034)
    .ARM.Collect$$libinit$$00000035          0x000002fa   Section        2  libinit2.o(.ARM.Collect$$libinit$$00000035)
    .ARM.Collect$$libshutdown$$00000000      0x000002fc   Section        2  libshutdown.o(.ARM.Collect$$libshutdown$$00000000)
    .ARM.Collect$$libshutdown$$00000002      0x000002fe   Section        0  libshutdown2.o(.ARM.Collect$$libshutdown$$00000002)
    .ARM.Collect$$libshutdown$$00000004      0x000002fe   Section        0  libshutdown2.o(.ARM.Collect$$libshutdown$$00000004)
    .ARM.Collect$$libshutdown$$00000007      0x000002fe   Section        0  libshutdown2.o(.ARM.Collect$$libshutdown$$00000007)
    .ARM.Collect$$libshutdown$$0000000A      0x000002fe   Section        0  libshutdown2.o(.ARM.Collect$$libshutdown$$0000000A)
    .ARM.Collect$$libshutdown$$0000000C      0x000002fe   Section        0  libshutdown2.o(.ARM.Collect$$libshutdown$$0000000C)
    .ARM.Collect$$libshutdown$$0000000F      0x000002fe   Section        0  libshutdown2.o(.ARM.Collect$$libshutdown$$0000000F)
    .ARM.Collect$$libshutdown$$00000010      0x000002fe   Section        2  libshutdown2.o(.ARM.Collect$$libshutdown$$00000010)
    .ARM.Collect$$rtentry$$00000000          0x00000300   Section        0  __rtentry.o(.ARM.Collect$$rtentry$$00000000)
    .ARM.Collect$$rtentry$$00000002          0x00000300   Section        0  __rtentry2.o(.ARM.Collect$$rtentry$$00000002)
    .ARM.Collect$$rtentry$$00000004          0x00000300   Section        6  __rtentry4.o(.ARM.Collect$$rtentry$$00000004)
    .ARM.Collect$$rtentry$$00000009          0x00000306   Section        0  __rtentry2.o(.ARM.Collect$$rtentry$$00000009)
    .ARM.Collect$$rtentry$$0000000A          0x00000306   Section        4  __rtentry2.o(.ARM.Collect$$rtentry$$0000000A)
    .ARM.Collect$$rtentry$$0000000C          0x0000030a   Section        0  __rtentry2.o(.ARM.Collect$$rtentry$$0000000C)
    .ARM.Collect$$rtentry$$0000000D          0x0000030a   Section        8  __rtentry2.o(.ARM.Collect$$rtentry$$0000000D)
    .ARM.Collect$$rtexit$$00000000           0x00000312   Section        2  rtexit.o(.ARM.Collect$$rtexit$$00000000)
    .ARM.Collect$$rtexit$$00000002           0x00000314   Section        0  rtexit2.o(.ARM.Collect$$rtexit$$00000002)
    .ARM.Collect$$rtexit$$00000003           0x00000314   Section        4  rtexit2.o(.ARM.Collect$$rtexit$$00000003)
    .ARM.Collect$$rtexit$$00000004           0x00000318   Section        6  rtexit2.o(.ARM.Collect$$rtexit$$00000004)
    .text                                    0x00000320   Section       48  startup.o(.text)
    .text                                    0x00000350   Section       56  busywait.o(.text)
    .text                                    0x00000388   Section        0  abs.o(.text)
    .text                                    0x00000390   Section        0  heapauxi.o(.text)
    .text                                    0x00000396   Section       74  sys_stackheap_outer.o(.text)
    .text                                    0x000003e0   Section        0  exit.o(.text)
    .text                                    0x000003f4   Section        8  libspace.o(.text)
    .text                                    0x000003fc   Section        0  sys_exit.o(.text)
    .text                                    0x00000408   Section        2  use_no_semi.o(.text)
    .text                                    0x0000040a   Section        0  indicate_semi.o(.text)
    [Anonymous Symbol]                       0x0000040c   Section        0  texas.o(.text.ADC1_Init)
    [Anonymous Symbol]                       0x00000508   Section        0  adc.o(.text.ADC_Init)
    [Anonymous Symbol]                       0x00000608   Section        0  dac.o(.text.DAC_Init)
    [Anonymous Symbol]                       0x00000654   Section        0  st7735.o(.text.Delay1ms)
    [Anonymous Symbol]                       0x00000684   Section        0  edgetrigger.o(.text.EdgeTrigger_Init)
    [Anonymous Symbol]                       0x00000720   Section        0  osumain.o(.text.GPIOPortC_Handler)
    [Anonymous Symbol]                       0x0000073c   Section        0  osumain.o(.text.GPIOPortE_Handler)
    [Anonymous Symbol]                       0x000007a8   Section        0  joystick.o(.text.JoyStick_In)
    [Anonymous Symbol]                       0x000007fc   Section        0  joystick.o(.text.JoyStick_Init)
    [Anonymous Symbol]                       0x00000984   Section        0  texas.o(.text.LogicAnalyzerA)
    [Anonymous Symbol]                       0x000009a0   Section        0  texas.o(.text.LogicAnalyzerB)
    [Anonymous Symbol]                       0x000009bc   Section        0  texas.o(.text.LogicAnalyzerC)
    [Anonymous Symbol]                       0x000009d8   Section        0  texas.o(.text.LogicAnalyzerE)
    [Anonymous Symbol]                       0x000009f4   Section        0  texas.o(.text.LogicAnalyzerF)
    [Anonymous Symbol]                       0x00000a10   Section        0  st7735.o(.text.Output_Init)
    [Anonymous Symbol]                       0x00000a20   Section        0  pll.o(.text.PLL_Init)
    [Anonymous Symbol]                       0x00000aac   Section        0  texas.o(.text.PeriodicTask2_Init)
    [Anonymous Symbol]                       0x00000b94   Section        0  st7735.o(.text.ST7735_DrawBitmap)
    [Anonymous Symbol]                       0x00000de8   Section        0  st7735.o(.text.ST7735_DrawCharS)
    [Anonymous Symbol]                       0x00000f9c   Section        0  st7735.o(.text.ST7735_DrawPixel)
    [Anonymous Symbol]                       0x0000100c   Section        0  st7735.o(.text.ST7735_DrawString)
    [Anonymous Symbol]                       0x000010a8   Section        0  st7735.o(.text.ST7735_FillRect)
    [Anonymous Symbol]                       0x000011e8   Section        0  st7735.o(.text.ST7735_FillScreen)
    [Anonymous Symbol]                       0x0000121c   Section        0  st7735.o(.text.ST7735_InitR)
    [Anonymous Symbol]                       0x000012c4   Section        0  st7735.o(.text.ST7735_OutChar)
    [Anonymous Symbol]                       0x000013d4   Section        0  st7735.o(.text.ST7735_OutString)
    [Anonymous Symbol]                       0x000013f8   Section        0  st7735.o(.text.ST7735_SetCursor)
    [Anonymous Symbol]                       0x00001430   Section        0  st7735.o(.text.ST7735_SwapColor)
    [Anonymous Symbol]                       0x0000144c   Section        0  texas.o(.text.Scope)
    [Anonymous Symbol]                       0x00001464   Section        0  texas.o(.text.TExaS_Init)
    [Anonymous Symbol]                       0x000015cc   Section        0  osumain.o(.text.Timer0A_Handler)
    [Anonymous Symbol]                       0x000015d8   Section        0  osumain.o(.text.Timer1A_Handler)
    [Anonymous Symbol]                       0x00001748   Section        0  timer1.o(.text.Timer1_Init)
    [Anonymous Symbol]                       0x000017e0   Section        0  wave.o(.text.Timer2A_Handler)
    [Anonymous Symbol]                       0x000017f0   Section        0  wave.o(.text.Timer2A_Init)
    [Anonymous Symbol]                       0x00001878   Section        0  texas.o(.text.Timer5A_Handler)
    [Anonymous Symbol]                       0x00001894   Section        0  texas.o(.text.UART0_Init)
    [Anonymous Symbol]                       0x00001934   Section        0  wave.o(.text.Wave_Init)
    [Anonymous Symbol]                       0x0000194c   Section        0  wave.o(.text.Wave_Stop)
    commandList                              0x0000195d   Thumb Code   170  st7735.o(.text.commandList)
    [Anonymous Symbol]                       0x0000195c   Section        0  st7735.o(.text.commandList)
    commonInit                               0x00001a09   Thumb Code   418  st7735.o(.text.commonInit)
    [Anonymous Symbol]                       0x00001a08   Section        0  st7735.o(.text.commonInit)
    [Anonymous Symbol]                       0x00001bac   Section        0  osumain.o(.text.hover)
    [Anonymous Symbol]                       0x00001c54   Section        0  osumain.o(.text.languageSelectScreen)
    [Anonymous Symbol]                       0x00001c98   Section        0  osumain.o(.text.main)
    [Anonymous Symbol]                       0x00001ee8   Section        0  osumain.o(.text.menuScreen)
    pushColor                                0x00001f55   Thumb Code    28  st7735.o(.text.pushColor)
    [Anonymous Symbol]                       0x00001f54   Section        0  st7735.o(.text.pushColor)
    setAddrWindow                            0x00001f71   Thumb Code   148  st7735.o(.text.setAddrWindow)
    [Anonymous Symbol]                       0x00001f70   Section        0  st7735.o(.text.setAddrWindow)
    [Anonymous Symbol]                       0x00002004   Section        0  osumain.o(.text.startScreen)
    [Anonymous Symbol]                       0x00002068   Section        0  st7735.o(.text.writecommand)
    [Anonymous Symbol]                       0x00002094   Section        0  st7735.o(.text.writedata)
    Font                                     0x00004974   Data        1275  st7735.o(.rodata.Font)
    [Anonymous Symbol]                       0x00004974   Section        0  st7735.o(.rodata.Font)
    Rcmd1                                    0x000062d4   Data          59  st7735.o(.rodata.Rcmd1)
    [Anonymous Symbol]                       0x000062d4   Section        0  st7735.o(.rodata.Rcmd1)
    Rcmd2green                               0x0000630f   Data          13  st7735.o(.rodata.Rcmd2green)
    [Anonymous Symbol]                       0x0000630f   Section        0  st7735.o(.rodata.Rcmd2green)
    Rcmd2red                                 0x0000631c   Data          13  st7735.o(.rodata.Rcmd2red)
    [Anonymous Symbol]                       0x0000631c   Section        0  st7735.o(.rodata.Rcmd2red)
    Rcmd3                                    0x00006329   Data          43  st7735.o(.rodata.Rcmd3)
    [Anonymous Symbol]                       0x00006329   Section        0  st7735.o(.rodata.Rcmd3)
    .L.str                                   0x00008cbc   Data           7  osumain.o(.rodata.str1.1)
    .L.str.9                                 0x00008cbc   Data          13  osumain.o(.rodata.str1.1)
    [Anonymous Symbol]                       0x00008cbc   Section        0  osumain.o(.rodata.str1.1)
    .L.str.8                                 0x00008cc9   Data          15  osumain.o(.rodata.str1.1)
    .L.str                                   0x00008cd8   Data          22  st7735.o(.rodata.str1.1)
    [Anonymous Symbol]                       0x00008cd8   Section        0  st7735.o(.rodata.str1.1)
    .L.str.10                                0x00008d17   Data          14  osumain.o(.rodata.str1.1)
    .L.str.11                                0x00008d25   Data          10  osumain.o(.rodata.str1.1)
    _height                                  0x20000002   Data           2  st7735.o(.data._height)
    [Anonymous Symbol]                       0x20000002   Section        0  st7735.o(.data._height)
    _width                                   0x20000004   Data           2  st7735.o(.data._width)
    [Anonymous Symbol]                       0x20000004   Section        0  st7735.o(.data._width)
    .bss                                     0x20000008   Section       96  libspace.o(.bss)
    ColStart                                 0x20000068   Data           1  st7735.o(.bss.ColStart)
    [Anonymous Symbol]                       0x20000068   Section        0  st7735.o(.bss.ColStart)
    RowStart                                 0x20000070   Data           1  st7735.o(.bss.RowStart)
    [Anonymous Symbol]                       0x20000070   Section        0  st7735.o(.bss.RowStart)
    TabColor                                 0x2000007c   Data           1  st7735.o(.bss.TabColor)
    [Anonymous Symbol]                       0x2000007c   Section        0  st7735.o(.bss.TabColor)
    HeapMem                                  0x200000d0   Data           0  startup.o(HEAP)
    StackMem                                 0x200000d0   Data           0  startup.o(STACK)
    HEAP                                     0x200000d0   Section        0  startup.o(HEAP)
    STACK                                    0x200000d0   Section     1024  startup.o(STACK)

    Global Symbols

    Symbol Name                              Value     Ov Type        Size  Object(Section)

    BuildAttributes$$THM_ISAv4$E$P$D$K$B$S$7EM$PE$A:L22UL41UL21$X:L11$S22US41US21$IEEE1$IW$~IW$USESV6$~STKCKD$USESV7$~SHL$OSPACE$ROPI$EBA8$UX$STANDARDLIB$REQ8$PRES8$EABIv2 0x00000000   Number         0  anon$$obj.o ABSOLUTE
    __Vectors                                0x00000000   Data           0  startup.o(RESET)
    __fp_init_empty                          0x00000000   Number         0  fpinit_empty.o ABSOLUTE
    __ARM_exceptions_init                     - Undefined Weak Reference
    __alloca_initialize                       - Undefined Weak Reference
    __arm_preinit_                            - Undefined Weak Reference
    __arm_relocate_pie_                       - Undefined Weak Reference
    __cpp_initialize__aeabi_                  - Undefined Weak Reference
    __cxa_finalize                            - Undefined Weak Reference
    __rt_locale                               - Undefined Weak Reference
    __sigvec_lookup                           - Undefined Weak Reference
    _atexit_init                              - Undefined Weak Reference
    _call_atexit_fns                          - Undefined Weak Reference
    _clock_init                               - Undefined Weak Reference
    _fp_trap_init                             - Undefined Weak Reference
    _fp_trap_shutdown                         - Undefined Weak Reference
    _get_lc_collate                           - Undefined Weak Reference
    _get_lc_ctype                             - Undefined Weak Reference
    _get_lc_monetary                          - Undefined Weak Reference
    _get_lc_numeric                           - Undefined Weak Reference
    _get_lc_time                              - Undefined Weak Reference
    _getenv_init                              - Undefined Weak Reference
    _handle_redirection                       - Undefined Weak Reference
    _init_alloc                               - Undefined Weak Reference
    _init_user_alloc                          - Undefined Weak Reference
    _initio                                   - Undefined Weak Reference
    _rand_init                                - Undefined Weak Reference
    _signal_finish                            - Undefined Weak Reference
    _signal_init                              - Undefined Weak Reference
    _terminate_alloc                          - Undefined Weak Reference
    _terminate_user_alloc                     - Undefined Weak Reference
    _terminateio                              - Undefined Weak Reference
    Reset_Handler                            0x0000026d   Thumb Code     0  startup.o(RESET)
    NMI_Handler                              0x00000271   Thumb Code     2  startup.o(RESET)
    HardFault_Handler                        0x00000273   Thumb Code     2  startup.o(RESET)
    MemManage_Handler                        0x00000275   Thumb Code     2  startup.o(RESET)
    BusFault_Handler                         0x00000277   Thumb Code     2  startup.o(RESET)
    UsageFault_Handler                       0x00000279   Thumb Code     2  startup.o(RESET)
    SVC_Handler                              0x0000027b   Thumb Code     2  startup.o(RESET)
    DebugMon_Handler                         0x0000027d   Thumb Code     2  startup.o(RESET)
    PendSV_Handler                           0x0000027f   Thumb Code     2  startup.o(RESET)
    SysTick_Handler                          0x00000281   Thumb Code     2  startup.o(RESET)
    ADC0Seq0_Handler                         0x00000283   Thumb Code     0  startup.o(RESET)
    ADC0Seq1_Handler                         0x00000283   Thumb Code     0  startup.o(RESET)
    ADC0Seq2_Handler                         0x00000283   Thumb Code     0  startup.o(RESET)
    ADC0Seq3_Handler                         0x00000283   Thumb Code     0  startup.o(RESET)
    ADC1Seq0_Handler                         0x00000283   Thumb Code     0  startup.o(RESET)
    ADC1Seq1_Handler                         0x00000283   Thumb Code     0  startup.o(RESET)
    ADC1Seq2_Handler                         0x00000283   Thumb Code     0  startup.o(RESET)
    ADC1Seq3_Handler                         0x00000283   Thumb Code     0  startup.o(RESET)
    CAN0_Handler                             0x00000283   Thumb Code     0  startup.o(RESET)
    CAN1_Handler                             0x00000283   Thumb Code     0  startup.o(RESET)
    CAN2_Handler                             0x00000283   Thumb Code     0  startup.o(RESET)
    Comp0_Handler                            0x00000283   Thumb Code     0  startup.o(RESET)
    Comp1_Handler                            0x00000283   Thumb Code     0  startup.o(RESET)
    Comp2_Handler                            0x00000283   Thumb Code     0  startup.o(RESET)
    Ethernet_Handler                         0x00000283   Thumb Code     0  startup.o(RESET)
    ExtBus_Handler                           0x00000283   Thumb Code     0  startup.o(RESET)
    FPU_Handler                              0x00000283   Thumb Code     0  startup.o(RESET)
    Fan0_Handler                             0x00000283   Thumb Code     0  startup.o(RESET)
    FlashCtl_Handler                         0x00000283   Thumb Code     0  startup.o(RESET)
    GPIOPortA_Handler                        0x00000283   Thumb Code     0  startup.o(RESET)
    GPIOPortB_Handler                        0x00000283   Thumb Code     0  startup.o(RESET)
    GPIOPortD_Handler                        0x00000283   Thumb Code     0  startup.o(RESET)
    GPIOPortF_Handler                        0x00000283   Thumb Code     0  startup.o(RESET)
    GPIOPortG_Handler                        0x00000283   Thumb Code     0  startup.o(RESET)
    GPIOPortH_Handler                        0x00000283   Thumb Code     0  startup.o(RESET)
    GPIOPortJ_Handler                        0x00000283   Thumb Code     0  startup.o(RESET)
    GPIOPortK_Handler                        0x00000283   Thumb Code     0  startup.o(RESET)
    GPIOPortL_Handler                        0x00000283   Thumb Code     0  startup.o(RESET)
    GPIOPortM_Handler                        0x00000283   Thumb Code     0  startup.o(RESET)
    GPIOPortN_Handler                        0x00000283   Thumb Code     0  startup.o(RESET)
    GPIOPortP1_Handler                       0x00000283   Thumb Code     0  startup.o(RESET)
    GPIOPortP2_Handler                       0x00000283   Thumb Code     0  startup.o(RESET)
    GPIOPortP3_Handler                       0x00000283   Thumb Code     0  startup.o(RESET)
    GPIOPortP4_Handler                       0x00000283   Thumb Code     0  startup.o(RESET)
    GPIOPortP5_Handler                       0x00000283   Thumb Code     0  startup.o(RESET)
    GPIOPortP6_Handler                       0x00000283   Thumb Code     0  startup.o(RESET)
    GPIOPortP7_Handler                       0x00000283   Thumb Code     0  startup.o(RESET)
    GPIOPortP_Handler                        0x00000283   Thumb Code     0  startup.o(RESET)
    GPIOPortQ1_Handler                       0x00000283   Thumb Code     0  startup.o(RESET)
    GPIOPortQ2_Handler                       0x00000283   Thumb Code     0  startup.o(RESET)
    GPIOPortQ3_Handler                       0x00000283   Thumb Code     0  startup.o(RESET)
    GPIOPortQ4_Handler                       0x00000283   Thumb Code     0  startup.o(RESET)
    GPIOPortQ5_Handler                       0x00000283   Thumb Code     0  startup.o(RESET)
    GPIOPortQ6_Handler                       0x00000283   Thumb Code     0  startup.o(RESET)
    GPIOPortQ7_Handler                       0x00000283   Thumb Code     0  startup.o(RESET)
    GPIOPortQ_Handler                        0x00000283   Thumb Code     0  startup.o(RESET)
    GPIOPortR_Handler                        0x00000283   Thumb Code     0  startup.o(RESET)
    GPIOPortS_Handler                        0x00000283   Thumb Code     0  startup.o(RESET)
    Hibernate_Handler                        0x00000283   Thumb Code     0  startup.o(RESET)
    I2C0_Handler                             0x00000283   Thumb Code     0  startup.o(RESET)
    I2C1_Handler                             0x00000283   Thumb Code     0  startup.o(RESET)
    I2C2_Handler                             0x00000283   Thumb Code     0  startup.o(RESET)
    I2C3_Handler                             0x00000283   Thumb Code     0  startup.o(RESET)
    I2C4_Handler                             0x00000283   Thumb Code     0  startup.o(RESET)
    I2C5_Handler                             0x00000283   Thumb Code     0  startup.o(RESET)
    I2S0_Handler                             0x00000283   Thumb Code     0  startup.o(RESET)
    LPC0_Handler                             0x00000283   Thumb Code     0  startup.o(RESET)
    PECI0_Handler                            0x00000283   Thumb Code     0  startup.o(RESET)
    PWM0Fault_Handler                        0x00000283   Thumb Code     0  startup.o(RESET)
    PWM0Generator0_Handler                   0x00000283   Thumb Code     0  startup.o(RESET)
    PWM0Generator1_Handler                   0x00000283   Thumb Code     0  startup.o(RESET)
    PWM0Generator2_Handler                   0x00000283   Thumb Code     0  startup.o(RESET)
    PWM0Generator3_Handler                   0x00000283   Thumb Code     0  startup.o(RESET)
    PWM1Fault_Handler                        0x00000283   Thumb Code     0  startup.o(RESET)
    PWM1Generator0_Handler                   0x00000283   Thumb Code     0  startup.o(RESET)
    PWM1Generator1_Handler                   0x00000283   Thumb Code     0  startup.o(RESET)
    PWM1Generator2_Handler                   0x00000283   Thumb Code     0  startup.o(RESET)
    PWM1Generator3_Handler                   0x00000283   Thumb Code     0  startup.o(RESET)
    Quadrature0_Handler                      0x00000283   Thumb Code     0  startup.o(RESET)
    Quadrature1_Handler                      0x00000283   Thumb Code     0  startup.o(RESET)
    Quadrature2_Handler                      0x00000283   Thumb Code     0  startup.o(RESET)
    SSI0_Handler                             0x00000283   Thumb Code     0  startup.o(RESET)
    SSI1_Handler                             0x00000283   Thumb Code     0  startup.o(RESET)
    SSI2_Handler                             0x00000283   Thumb Code     0  startup.o(RESET)
    SSI3_Handler                             0x00000283   Thumb Code     0  startup.o(RESET)
    SysCtl_Handler                           0x00000283   Thumb Code     0  startup.o(RESET)
    Timer0B_Handler                          0x00000283   Thumb Code     0  startup.o(RESET)
    Timer1B_Handler                          0x00000283   Thumb Code     0  startup.o(RESET)
    Timer2B_Handler                          0x00000283   Thumb Code     0  startup.o(RESET)
    Timer3A_Handler                          0x00000283   Thumb Code     0  startup.o(RESET)
    Timer3B_Handler                          0x00000283   Thumb Code     0  startup.o(RESET)
    Timer4A_Handler                          0x00000283   Thumb Code     0  startup.o(RESET)
    Timer4B_Handler                          0x00000283   Thumb Code     0  startup.o(RESET)
    Timer5B_Handler                          0x00000283   Thumb Code     0  startup.o(RESET)
    UART0_Handler                            0x00000283   Thumb Code     0  startup.o(RESET)
    UART1_Handler                            0x00000283   Thumb Code     0  startup.o(RESET)
    UART2_Handler                            0x00000283   Thumb Code     0  startup.o(RESET)
    UART3_Handler                            0x00000283   Thumb Code     0  startup.o(RESET)
    UART4_Handler                            0x00000283   Thumb Code     0  startup.o(RESET)
    UART5_Handler                            0x00000283   Thumb Code     0  startup.o(RESET)
    UART6_Handler                            0x00000283   Thumb Code     0  startup.o(RESET)
    UART7_Handler                            0x00000283   Thumb Code     0  startup.o(RESET)
    USB0_Handler                             0x00000283   Thumb Code     0  startup.o(RESET)
    WDT_Handler                              0x00000283   Thumb Code     0  startup.o(RESET)
    WideTimer0A_Handler                      0x00000283   Thumb Code     0  startup.o(RESET)
    WideTimer0B_Handler                      0x00000283   Thumb Code     0  startup.o(RESET)
    WideTimer1A_Handler                      0x00000283   Thumb Code     0  startup.o(RESET)
    WideTimer1B_Handler                      0x00000283   Thumb Code     0  startup.o(RESET)
    WideTimer2A_Handler                      0x00000283   Thumb Code     0  startup.o(RESET)
    WideTimer2B_Handler                      0x00000283   Thumb Code     0  startup.o(RESET)
    WideTimer3A_Handler                      0x00000283   Thumb Code     0  startup.o(RESET)
    WideTimer3B_Handler                      0x00000283   Thumb Code     0  startup.o(RESET)
    WideTimer4A_Handler                      0x00000283   Thumb Code     0  startup.o(RESET)
    WideTimer4B_Handler                      0x00000283   Thumb Code     0  startup.o(RESET)
    WideTimer5A_Handler                      0x00000283   Thumb Code     0  startup.o(RESET)
    WideTimer5B_Handler                      0x00000283   Thumb Code     0  startup.o(RESET)
    uDMA_Error                               0x00000283   Thumb Code     0  startup.o(RESET)
    uDMA_Handler                             0x00000283   Thumb Code     0  startup.o(RESET)
    __main                                   0x00000285   Thumb Code     8  __main.o(!!!main)
    __scatterload                            0x0000028d   Thumb Code     0  __scatter.o(!!!scatter)
    __scatterload_rt2                        0x0000028d   Thumb Code    44  __scatter.o(!!!scatter)
    __scatterload_rt2_thumb_only             0x0000028d   Thumb Code     0  __scatter.o(!!!scatter)
    __scatterload_null                       0x0000029b   Thumb Code     0  __scatter.o(!!!scatter)
    __scatterload_copy                       0x000002c1   Thumb Code    26  __scatter_copy.o(!!handler_copy)
    __scatterload_zeroinit                   0x000002dd   Thumb Code    28  __scatter_zi.o(!!handler_zi)
    __rt_lib_init                            0x000002f9   Thumb Code     0  libinit.o(.ARM.Collect$$libinit$$00000000)
    __rt_lib_init_alloca_1                   0x000002fb   Thumb Code     0  libinit2.o(.ARM.Collect$$libinit$$00000030)
    __rt_lib_init_argv_1                     0x000002fb   Thumb Code     0  libinit2.o(.ARM.Collect$$libinit$$0000002E)
    __rt_lib_init_atexit_1                   0x000002fb   Thumb Code     0  libinit2.o(.ARM.Collect$$libinit$$0000001D)
    __rt_lib_init_clock_1                    0x000002fb   Thumb Code     0  libinit2.o(.ARM.Collect$$libinit$$00000023)
    __rt_lib_init_cpp_1                      0x000002fb   Thumb Code     0  libinit2.o(.ARM.Collect$$libinit$$00000034)
    __rt_lib_init_exceptions_1               0x000002fb   Thumb Code     0  libinit2.o(.ARM.Collect$$libinit$$00000032)
    __rt_lib_init_fp_1                       0x000002fb   Thumb Code     0  libinit2.o(.ARM.Collect$$libinit$$00000002)
    __rt_lib_init_fp_trap_1                  0x000002fb   Thumb Code     0  libinit2.o(.ARM.Collect$$libinit$$00000021)
    __rt_lib_init_getenv_1                   0x000002fb   Thumb Code     0  libinit2.o(.ARM.Collect$$libinit$$00000025)
    __rt_lib_init_heap_1                     0x000002fb   Thumb Code     0  libinit2.o(.ARM.Collect$$libinit$$0000000C)
    __rt_lib_init_lc_collate_1               0x000002fb   Thumb Code     0  libinit2.o(.ARM.Collect$$libinit$$00000013)
    __rt_lib_init_lc_ctype_1                 0x000002fb   Thumb Code     0  libinit2.o(.ARM.Collect$$libinit$$00000015)
    __rt_lib_init_lc_monetary_1              0x000002fb   Thumb Code     0  libinit2.o(.ARM.Collect$$libinit$$00000017)
    __rt_lib_init_lc_numeric_1               0x000002fb   Thumb Code     0  libinit2.o(.ARM.Collect$$libinit$$00000019)
    __rt_lib_init_lc_time_1                  0x000002fb   Thumb Code     0  libinit2.o(.ARM.Collect$$libinit$$0000001B)
    __rt_lib_init_preinit_1                  0x000002fb   Thumb Code     0  libinit2.o(.ARM.Collect$$libinit$$00000006)
    __rt_lib_init_rand_1                     0x000002fb   Thumb Code     0  libinit2.o(.ARM.Collect$$libinit$$00000010)
    __rt_lib_init_relocate_pie_1             0x000002fb   Thumb Code     0  libinit2.o(.ARM.Collect$$libinit$$00000004)
    __rt_lib_init_return                     0x000002fb   Thumb Code     0  libinit2.o(.ARM.Collect$$libinit$$00000035)
    __rt_lib_init_signal_1                   0x000002fb   Thumb Code     0  libinit2.o(.ARM.Collect$$libinit$$0000001F)
    __rt_lib_init_stdio_1                    0x000002fb   Thumb Code     0  libinit2.o(.ARM.Collect$$libinit$$00000027)
    __rt_lib_init_user_alloc_1               0x000002fb   Thumb Code     0  libinit2.o(.ARM.Collect$$libinit$$0000000E)
    __rt_lib_shutdown                        0x000002fd   Thumb Code     0  libshutdown.o(.ARM.Collect$$libshutdown$$00000000)
    __rt_lib_shutdown_cpp_1                  0x000002ff   Thumb Code     0  libshutdown2.o(.ARM.Collect$$libshutdown$$00000002)
    __rt_lib_shutdown_fp_trap_1              0x000002ff   Thumb Code     0  libshutdown2.o(.ARM.Collect$$libshutdown$$00000007)
    __rt_lib_shutdown_heap_1                 0x000002ff   Thumb Code     0  libshutdown2.o(.ARM.Collect$$libshutdown$$0000000F)
    __rt_lib_shutdown_return                 0x000002ff   Thumb Code     0  libshutdown2.o(.ARM.Collect$$libshutdown$$00000010)
    __rt_lib_shutdown_signal_1               0x000002ff   Thumb Code     0  libshutdown2.o(.ARM.Collect$$libshutdown$$0000000A)
    __rt_lib_shutdown_stdio_1                0x000002ff   Thumb Code     0  libshutdown2.o(.ARM.Collect$$libshutdown$$00000004)
    __rt_lib_shutdown_user_alloc_1           0x000002ff   Thumb Code     0  libshutdown2.o(.ARM.Collect$$libshutdown$$0000000C)
    __rt_entry                               0x00000301   Thumb Code     0  __rtentry.o(.ARM.Collect$$rtentry$$00000000)
    __rt_entry_presh_1                       0x00000301   Thumb Code     0  __rtentry2.o(.ARM.Collect$$rtentry$$00000002)
    __rt_entry_sh                            0x00000301   Thumb Code     0  __rtentry4.o(.ARM.Collect$$rtentry$$00000004)
    __rt_entry_li                            0x00000307   Thumb Code     0  __rtentry2.o(.ARM.Collect$$rtentry$$0000000A)
    __rt_entry_postsh_1                      0x00000307   Thumb Code     0  __rtentry2.o(.ARM.Collect$$rtentry$$00000009)
    __rt_entry_main                          0x0000030b   Thumb Code     0  __rtentry2.o(.ARM.Collect$$rtentry$$0000000D)
    __rt_entry_postli_1                      0x0000030b   Thumb Code     0  __rtentry2.o(.ARM.Collect$$rtentry$$0000000C)
    __rt_exit                                0x00000313   Thumb Code     0  rtexit.o(.ARM.Collect$$rtexit$$00000000)
    __rt_exit_ls                             0x00000315   Thumb Code     0  rtexit2.o(.ARM.Collect$$rtexit$$00000003)
    __rt_exit_prels_1                        0x00000315   Thumb Code     0  rtexit2.o(.ARM.Collect$$rtexit$$00000002)
    __rt_exit_exit                           0x00000319   Thumb Code     0  rtexit2.o(.ARM.Collect$$rtexit$$00000004)
    DisableInterrupts                        0x00000321   Thumb Code     0  startup.o(.text)
    EnableInterrupts                         0x00000325   Thumb Code     0  startup.o(.text)
    StartCritical                            0x00000329   Thumb Code     0  startup.o(.text)
    EndCritical                              0x00000331   Thumb Code     0  startup.o(.text)
    WaitForInterrupt                         0x00000337   Thumb Code     0  startup.o(.text)
    __user_initial_stackheap                 0x0000033b   Thumb Code     0  startup.o(.text)
    SPIOutCommand                            0x00000351   Thumb Code     0  busywait.o(.text)
    SPIOutData                               0x00000371   Thumb Code     0  busywait.o(.text)
    abs                                      0x00000389   Thumb Code     8  abs.o(.text)
    __use_two_region_memory                  0x00000391   Thumb Code     2  heapauxi.o(.text)
    __rt_heap_escrow$2region                 0x00000393   Thumb Code     2  heapauxi.o(.text)
    __rt_heap_expand$2region                 0x00000395   Thumb Code     2  heapauxi.o(.text)
    __user_setup_stackheap                   0x00000397   Thumb Code    74  sys_stackheap_outer.o(.text)
    exit                                     0x000003e1   Thumb Code    18  exit.o(.text)
    __user_libspace                          0x000003f5   Thumb Code     8  libspace.o(.text)
    __user_perproc_libspace                  0x000003f5   Thumb Code     0  libspace.o(.text)
    __user_perthread_libspace                0x000003f5   Thumb Code     0  libspace.o(.text)
    _sys_exit                                0x000003fd   Thumb Code     8  sys_exit.o(.text)
    __I$use$semihosting                      0x00000409   Thumb Code     0  use_no_semi.o(.text)
    __use_no_semihosting_swi                 0x00000409   Thumb Code     2  use_no_semi.o(.text)
    __semihosting_library_function           0x0000040b   Thumb Code     0  indicate_semi.o(.text)
    ADC1_Init                                0x0000040d   Thumb Code   252  texas.o(.text.ADC1_Init)
    ADC_Init                                 0x00000509   Thumb Code   256  adc.o(.text.ADC_Init)
    DAC_Init                                 0x00000609   Thumb Code    74  dac.o(.text.DAC_Init)
    Delay1ms                                 0x00000655   Thumb Code    46  st7735.o(.text.Delay1ms)
    EdgeTrigger_Init                         0x00000685   Thumb Code   154  edgetrigger.o(.text.EdgeTrigger_Init)
    GPIOPortC_Handler                        0x00000721   Thumb Code    26  osumain.o(.text.GPIOPortC_Handler)
    GPIOPortE_Handler                        0x0000073d   Thumb Code   108  osumain.o(.text.GPIOPortE_Handler)
    JoyStick_In                              0x000007a9   Thumb Code    82  joystick.o(.text.JoyStick_In)
    JoyStick_Init                            0x000007fd   Thumb Code   392  joystick.o(.text.JoyStick_Init)
    LogicAnalyzerA                           0x00000985   Thumb Code    28  texas.o(.text.LogicAnalyzerA)
    LogicAnalyzerB                           0x000009a1   Thumb Code    26  texas.o(.text.LogicAnalyzerB)
    LogicAnalyzerC                           0x000009bd   Thumb Code    28  texas.o(.text.LogicAnalyzerC)
    LogicAnalyzerE                           0x000009d9   Thumb Code    26  texas.o(.text.LogicAnalyzerE)
    LogicAnalyzerF                           0x000009f5   Thumb Code    26  texas.o(.text.LogicAnalyzerF)
    Output_Init                              0x00000a11   Thumb Code    16  st7735.o(.text.Output_Init)
    PLL_Init                                 0x00000a21   Thumb Code   138  pll.o(.text.PLL_Init)
    PeriodicTask2_Init                       0x00000aad   Thumb Code   232  texas.o(.text.PeriodicTask2_Init)
    ST7735_DrawBitmap                        0x00000b95   Thumb Code   594  st7735.o(.text.ST7735_DrawBitmap)
    ST7735_DrawCharS                         0x00000de9   Thumb Code   436  st7735.o(.text.ST7735_DrawCharS)
    ST7735_DrawPixel                         0x00000f9d   Thumb Code   112  st7735.o(.text.ST7735_DrawPixel)
    ST7735_DrawString                        0x0000100d   Thumb Code   154  st7735.o(.text.ST7735_DrawString)
    ST7735_FillRect                          0x000010a9   Thumb Code   318  st7735.o(.text.ST7735_FillRect)
    ST7735_FillScreen                        0x000011e9   Thumb Code    52  st7735.o(.text.ST7735_FillScreen)
    ST7735_InitR                             0x0000121d   Thumb Code   166  st7735.o(.text.ST7735_InitR)
    ST7735_OutChar                           0x000012c5   Thumb Code   270  st7735.o(.text.ST7735_OutChar)
    ST7735_OutString                         0x000013d5   Thumb Code    36  st7735.o(.text.ST7735_OutString)
    ST7735_SetCursor                         0x000013f9   Thumb Code    54  st7735.o(.text.ST7735_SetCursor)
    ST7735_SwapColor                         0x00001431   Thumb Code    28  st7735.o(.text.ST7735_SwapColor)
    Scope                                    0x0000144d   Thumb Code    24  texas.o(.text.Scope)
    TExaS_Init                               0x00001465   Thumb Code   360  texas.o(.text.TExaS_Init)
    Timer0A_Handler                          0x000015cd   Thumb Code    12  osumain.o(.text.Timer0A_Handler)
    Timer1A_Handler                          0x000015d9   Thumb Code   368  osumain.o(.text.Timer1A_Handler)
    Timer1_Init                              0x00001749   Thumb Code   150  timer1.o(.text.Timer1_Init)
    Timer2A_Handler                          0x000017e1   Thumb Code    14  wave.o(.text.Timer2A_Handler)
    Timer2A_Init                             0x000017f1   Thumb Code   136  wave.o(.text.Timer2A_Init)
    Timer5A_Handler                          0x00001879   Thumb Code    28  texas.o(.text.Timer5A_Handler)
    UART0_Init                               0x00001895   Thumb Code   160  texas.o(.text.UART0_Init)
    Wave_Init                                0x00001935   Thumb Code    22  wave.o(.text.Wave_Init)
    Wave_Stop                                0x0000194d   Thumb Code    16  wave.o(.text.Wave_Stop)
    hover                                    0x00001bad   Thumb Code   168  osumain.o(.text.hover)
    languageSelectScreen                     0x00001c55   Thumb Code    68  osumain.o(.text.languageSelectScreen)
    main                                     0x00001c99   Thumb Code   592  osumain.o(.text.main)
    menuScreen                               0x00001ee9   Thumb Code   108  osumain.o(.text.menuScreen)
    startScreen                              0x00002005   Thumb Code    98  osumain.o(.text.startScreen)
    writecommand                             0x00002069   Thumb Code    44  st7735.o(.text.writecommand)
    writedata                                0x00002095   Thumb Code    44  st7735.o(.text.writedata)
    Difficulty                               0x000020c0   Data        5220  osumain.o(.rodata.Difficulty)
    ENlang                                   0x00003524   Data        2600  osumain.o(.rodata.ENlang)
    FRlang                                   0x00003f4c   Data        2600  osumain.o(.rodata.FRlang)
    Lang                                     0x00004e70   Data        5220  osumain.o(.rodata.Lang)
    cursor                                   0x00006354   Data         800  osumain.o(.rodata.cursor)
    osuLogo                                  0x00006674   Data        9800  osumain.o(.rodata.osuLogo)
    Region$$Table$$Base                      0x00008cf0   Number         0  anon$$obj.o(Region$$Table)
    Region$$Table$$Limit                     0x00008d10   Number         0  anon$$obj.o(Region$$Table)
    StTextColor                              0x20000000   Data           2  st7735.o(.data.StTextColor)
    dirPressed                               0x20000006   Data           1  osumain.o(.data.dirPressed)
    __libspace_start                         0x20000008   Data          96  libspace.o(.bss)
    __temporary_stack_top$libspace           0x20000068   Data           0  libspace.o(.bss)
    PeriodicTask2                            0x2000006c   Data           4  texas.o(.bss.PeriodicTask2)
    StX                                      0x20000074   Data           4  st7735.o(.bss.StX)
    StY                                      0x20000078   Data           4  st7735.o(.bss.StY)
    difficultyPos                            0x20000080   Data          16  osumain.o(.bss.difficultyPos)
    joyButton                                0x20000090   Data           1  osumain.o(.bss.joyButton)
    joystickData                             0x20000094   Data           8  osumain.o(.bss.joystickData)
    langPos                                  0x2000009c   Data          16  osumain.o(.bss.langPos)
    langauge                                 0x200000ac   Data           1  osumain.o(.bss.langauge)
    mouse                                    0x200000b0   Data          16  osumain.o(.bss.mouse)
    osuVals                                  0x200000c0   Data          16  osumain.o(.bss.osuVals)



==============================================================================

Memory Map of the image

  Image Entry point : 0x0000026d

  Load Region LR_1 (Base: 0x00000000, Size: 0x00008d18, Max: 0xffffffff, ABSOLUTE)

    Execution Region ER_RO (Exec base: 0x00000000, Load base: 0x00000000, Size: 0x00008d10, Max: 0xffffffff, ABSOLUTE)

    Exec Addr    Load Addr    Size         Type   Attr      Idx    E Section Name        Object

    0x00000000   0x00000000   0x00000284   Code   RO            3  * RESET               startup.o
    0x00000284   0x00000284   0x00000008   Code   RO          356  * !!!main             c_w.l(__main.o)
    0x0000028c   0x0000028c   0x00000034   Code   RO          521    !!!scatter          c_w.l(__scatter.o)
    0x000002c0   0x000002c0   0x0000001a   Code   RO          523    !!handler_copy      c_w.l(__scatter_copy.o)
    0x000002da   0x000002da   0x00000002   PAD
    0x000002dc   0x000002dc   0x0000001c   Code   RO          525    !!handler_zi        c_w.l(__scatter_zi.o)
    0x000002f8   0x000002f8   0x00000002   Code   RO          383    .ARM.Collect$$libinit$$00000000  c_w.l(libinit.o)
    0x000002fa   0x000002fa   0x00000000   Code   RO          390    .ARM.Collect$$libinit$$00000002  c_w.l(libinit2.o)
    0x000002fa   0x000002fa   0x00000000   Code   RO          392    .ARM.Collect$$libinit$$00000004  c_w.l(libinit2.o)
    0x000002fa   0x000002fa   0x00000000   Code   RO          394    .ARM.Collect$$libinit$$00000006  c_w.l(libinit2.o)
    0x000002fa   0x000002fa   0x00000000   Code   RO          397    .ARM.Collect$$libinit$$0000000C  c_w.l(libinit2.o)
    0x000002fa   0x000002fa   0x00000000   Code   RO          399    .ARM.Collect$$libinit$$0000000E  c_w.l(libinit2.o)
    0x000002fa   0x000002fa   0x00000000   Code   RO          401    .ARM.Collect$$libinit$$00000010  c_w.l(libinit2.o)
    0x000002fa   0x000002fa   0x00000000   Code   RO          404    .ARM.Collect$$libinit$$00000013  c_w.l(libinit2.o)
    0x000002fa   0x000002fa   0x00000000   Code   RO          406    .ARM.Collect$$libinit$$00000015  c_w.l(libinit2.o)
    0x000002fa   0x000002fa   0x00000000   Code   RO          408    .ARM.Collect$$libinit$$00000017  c_w.l(libinit2.o)
    0x000002fa   0x000002fa   0x00000000   Code   RO          410    .ARM.Collect$$libinit$$00000019  c_w.l(libinit2.o)
    0x000002fa   0x000002fa   0x00000000   Code   RO          412    .ARM.Collect$$libinit$$0000001B  c_w.l(libinit2.o)
    0x000002fa   0x000002fa   0x00000000   Code   RO          414    .ARM.Collect$$libinit$$0000001D  c_w.l(libinit2.o)
    0x000002fa   0x000002fa   0x00000000   Code   RO          416    .ARM.Collect$$libinit$$0000001F  c_w.l(libinit2.o)
    0x000002fa   0x000002fa   0x00000000   Code   RO          418    .ARM.Collect$$libinit$$00000021  c_w.l(libinit2.o)
    0x000002fa   0x000002fa   0x00000000   Code   RO          420    .ARM.Collect$$libinit$$00000023  c_w.l(libinit2.o)
    0x000002fa   0x000002fa   0x00000000   Code   RO          422    .ARM.Collect$$libinit$$00000025  c_w.l(libinit2.o)
    0x000002fa   0x000002fa   0x00000000   Code   RO          424    .ARM.Collect$$libinit$$00000027  c_w.l(libinit2.o)
    0x000002fa   0x000002fa   0x00000000   Code   RO          428    .ARM.Collect$$libinit$$0000002E  c_w.l(libinit2.o)
    0x000002fa   0x000002fa   0x00000000   Code   RO          430    .ARM.Collect$$libinit$$00000030  c_w.l(libinit2.o)
    0x000002fa   0x000002fa   0x00000000   Code   RO          432    .ARM.Collect$$libinit$$00000032  c_w.l(libinit2.o)
    0x000002fa   0x000002fa   0x00000000   Code   RO          434    .ARM.Collect$$libinit$$00000034  c_w.l(libinit2.o)
    0x000002fa   0x000002fa   0x00000002   Code   RO          435    .ARM.Collect$$libinit$$00000035  c_w.l(libinit2.o)
    0x000002fc   0x000002fc   0x00000002   Code   RO          457    .ARM.Collect$$libshutdown$$00000000  c_w.l(libshutdown.o)
    0x000002fe   0x000002fe   0x00000000   Code   RO          472    .ARM.Collect$$libshutdown$$00000002  c_w.l(libshutdown2.o)
    0x000002fe   0x000002fe   0x00000000   Code   RO          474    .ARM.Collect$$libshutdown$$00000004  c_w.l(libshutdown2.o)
    0x000002fe   0x000002fe   0x00000000   Code   RO          477    .ARM.Collect$$libshutdown$$00000007  c_w.l(libshutdown2.o)
    0x000002fe   0x000002fe   0x00000000   Code   RO          480    .ARM.Collect$$libshutdown$$0000000A  c_w.l(libshutdown2.o)
    0x000002fe   0x000002fe   0x00000000   Code   RO          482    .ARM.Collect$$libshutdown$$0000000C  c_w.l(libshutdown2.o)
    0x000002fe   0x000002fe   0x00000000   Code   RO          485    .ARM.Collect$$libshutdown$$0000000F  c_w.l(libshutdown2.o)
    0x000002fe   0x000002fe   0x00000002   Code   RO          486    .ARM.Collect$$libshutdown$$00000010  c_w.l(libshutdown2.o)
    0x00000300   0x00000300   0x00000000   Code   RO          358    .ARM.Collect$$rtentry$$00000000  c_w.l(__rtentry.o)
    0x00000300   0x00000300   0x00000000   Code   RO          360    .ARM.Collect$$rtentry$$00000002  c_w.l(__rtentry2.o)
    0x00000300   0x00000300   0x00000006   Code   RO          372    .ARM.Collect$$rtentry$$00000004  c_w.l(__rtentry4.o)
    0x00000306   0x00000306   0x00000000   Code   RO          362    .ARM.Collect$$rtentry$$00000009  c_w.l(__rtentry2.o)
    0x00000306   0x00000306   0x00000004   Code   RO          363    .ARM.Collect$$rtentry$$0000000A  c_w.l(__rtentry2.o)
    0x0000030a   0x0000030a   0x00000000   Code   RO          365    .ARM.Collect$$rtentry$$0000000C  c_w.l(__rtentry2.o)
    0x0000030a   0x0000030a   0x00000008   Code   RO          366    .ARM.Collect$$rtentry$$0000000D  c_w.l(__rtentry2.o)
    0x00000312   0x00000312   0x00000002   Code   RO          387    .ARM.Collect$$rtexit$$00000000  c_w.l(rtexit.o)
    0x00000314   0x00000314   0x00000000   Code   RO          437    .ARM.Collect$$rtexit$$00000002  c_w.l(rtexit2.o)
    0x00000314   0x00000314   0x00000004   Code   RO          438    .ARM.Collect$$rtexit$$00000003  c_w.l(rtexit2.o)
    0x00000318   0x00000318   0x00000006   Code   RO          439    .ARM.Collect$$rtexit$$00000004  c_w.l(rtexit2.o)
    0x0000031e   0x0000031e   0x00000002   PAD
    0x00000320   0x00000320   0x00000030   Code   RO            4    .text               startup.o
    0x00000350   0x00000350   0x00000038   Code   RO          290    .text               busywait.o
    0x00000388   0x00000388   0x00000008   Code   RO          352    .text               c_w.l(abs.o)
    0x00000390   0x00000390   0x00000006   Code   RO          354    .text               c_w.l(heapauxi.o)
    0x00000396   0x00000396   0x0000004a   Code   RO          374    .text               c_w.l(sys_stackheap_outer.o)
    0x000003e0   0x000003e0   0x00000012   Code   RO          376    .text               c_w.l(exit.o)
    0x000003f2   0x000003f2   0x00000002   PAD
    0x000003f4   0x000003f4   0x00000008   Code   RO          384    .text               c_w.l(libspace.o)
    0x000003fc   0x000003fc   0x0000000c   Code   RO          447    .text               c_w.l(sys_exit.o)
    0x00000408   0x00000408   0x00000002   Code   RO          462    .text               c_w.l(use_no_semi.o)
    0x0000040a   0x0000040a   0x00000000   Code   RO          464    .text               c_w.l(indicate_semi.o)
    0x0000040a   0x0000040a   0x00000002   PAD
    0x0000040c   0x0000040c   0x000000fc   Code   RO           65    .text.ADC1_Init     texas.o
    0x00000508   0x00000508   0x00000100   Code   RO          134    .text.ADC_Init      adc.o
    0x00000608   0x00000608   0x0000004a   Code   RO          145    .text.DAC_Init      dac.o
    0x00000652   0x00000652   0x00000002   PAD
    0x00000654   0x00000654   0x0000002e   Code   RO          168    .text.Delay1ms      st7735.o
    0x00000682   0x00000682   0x00000002   PAD
    0x00000684   0x00000684   0x0000009a   Code   RO          332    .text.EdgeTrigger_Init  edgetrigger.o
    0x0000071e   0x0000071e   0x00000002   PAD
    0x00000720   0x00000720   0x0000001a   Code   RO           81    .text.GPIOPortC_Handler  osumain.o
    0x0000073a   0x0000073a   0x00000002   PAD
    0x0000073c   0x0000073c   0x0000006c   Code   RO           79    .text.GPIOPortE_Handler  osumain.o
    0x000007a8   0x000007a8   0x00000052   Code   RO          342    .text.JoyStick_In   joystick.o
    0x000007fa   0x000007fa   0x00000002   PAD
    0x000007fc   0x000007fc   0x00000188   Code   RO          340    .text.JoyStick_Init  joystick.o
    0x00000984   0x00000984   0x0000001c   Code   RO           41    .text.LogicAnalyzerA  texas.o
    0x000009a0   0x000009a0   0x0000001a   Code   RO           43    .text.LogicAnalyzerB  texas.o
    0x000009ba   0x000009ba   0x00000002   PAD
    0x000009bc   0x000009bc   0x0000001c   Code   RO           45    .text.LogicAnalyzerC  texas.o
    0x000009d8   0x000009d8   0x0000001a   Code   RO           47    .text.LogicAnalyzerE  texas.o
    0x000009f2   0x000009f2   0x00000002   PAD
    0x000009f4   0x000009f4   0x0000001a   Code   RO           49    .text.LogicAnalyzerF  texas.o
    0x00000a0e   0x00000a0e   0x00000002   PAD
    0x00000a10   0x00000a10   0x00000010   Code   RO          248    .text.Output_Init   st7735.o
    0x00000a20   0x00000a20   0x0000008a   Code   RO          156    .text.PLL_Init      pll.o
    0x00000aaa   0x00000aaa   0x00000002   PAD
    0x00000aac   0x00000aac   0x000000e8   Code   RO           51    .text.PeriodicTask2_Init  texas.o
    0x00000b94   0x00000b94   0x00000252   Code   RO          204    .text.ST7735_DrawBitmap  st7735.o
    0x00000de6   0x00000de6   0x00000002   PAD
    0x00000de8   0x00000de8   0x000001b4   Code   RO          206    .text.ST7735_DrawCharS  st7735.o
    0x00000f9c   0x00000f9c   0x00000070   Code   RO          182    .text.ST7735_DrawPixel  st7735.o
    0x0000100c   0x0000100c   0x0000009a   Code   RO          210    .text.ST7735_DrawString  st7735.o
    0x000010a6   0x000010a6   0x00000002   PAD
    0x000010a8   0x000010a8   0x0000013e   Code   RO          192    .text.ST7735_FillRect  st7735.o
    0x000011e6   0x000011e6   0x00000002   PAD
    0x000011e8   0x000011e8   0x00000034   Code   RO          176    .text.ST7735_FillScreen  st7735.o
    0x0000121c   0x0000121c   0x000000a6   Code   RO          178    .text.ST7735_InitR  st7735.o
    0x000012c2   0x000012c2   0x00000002   PAD
    0x000012c4   0x000012c4   0x0000010e   Code   RO          236    .text.ST7735_OutChar  st7735.o
    0x000013d2   0x000013d2   0x00000002   PAD
    0x000013d4   0x000013d4   0x00000024   Code   RO          238    .text.ST7735_OutString  st7735.o
    0x000013f8   0x000013f8   0x00000036   Code   RO          174    .text.ST7735_SetCursor  st7735.o
    0x0000142e   0x0000142e   0x00000002   PAD
    0x00001430   0x00001430   0x0000001c   Code   RO          202    .text.ST7735_SwapColor  st7735.o
    0x0000144c   0x0000144c   0x00000018   Code   RO           39    .text.Scope         texas.o
    0x00001464   0x00001464   0x00000168   Code   RO           67    .text.TExaS_Init    texas.o
    0x000015cc   0x000015cc   0x0000000c   Code   RO           85    .text.Timer0A_Handler  osumain.o
    0x000015d8   0x000015d8   0x00000170   Code   RO           83    .text.Timer1A_Handler  osumain.o
    0x00001748   0x00001748   0x00000096   Code   RO           31    .text.Timer1_Init   timer1.o
    0x000017de   0x000017de   0x00000002   PAD
    0x000017e0   0x000017e0   0x0000000e   Code   RO          305    .text.Timer2A_Handler  wave.o
    0x000017ee   0x000017ee   0x00000002   PAD
    0x000017f0   0x000017f0   0x00000088   Code   RO          297    .text.Timer2A_Init  wave.o
    0x00001878   0x00001878   0x0000001c   Code   RO           53    .text.Timer5A_Handler  texas.o
    0x00001894   0x00001894   0x000000a0   Code   RO           57    .text.UART0_Init    texas.o
    0x00001934   0x00001934   0x00000016   Code   RO          303    .text.Wave_Init     wave.o
    0x0000194a   0x0000194a   0x00000002   PAD
    0x0000194c   0x0000194c   0x00000010   Code   RO          301    .text.Wave_Stop     wave.o
    0x0000195c   0x0000195c   0x000000aa   Code   RO          180    .text.commandList   st7735.o
    0x00001a06   0x00001a06   0x00000002   PAD
    0x00001a08   0x00001a08   0x000001a2   Code   RO          172    .text.commonInit    st7735.o
    0x00001baa   0x00001baa   0x00000002   PAD
    0x00001bac   0x00001bac   0x000000a8   Code   RO           91    .text.hover         osumain.o
    0x00001c54   0x00001c54   0x00000044   Code   RO           95    .text.languageSelectScreen  osumain.o
    0x00001c98   0x00001c98   0x00000250   Code   RO           87    .text.main          osumain.o
    0x00001ee8   0x00001ee8   0x0000006c   Code   RO           93    .text.menuScreen    osumain.o
    0x00001f54   0x00001f54   0x0000001c   Code   RO          186    .text.pushColor     st7735.o
    0x00001f70   0x00001f70   0x00000094   Code   RO          184    .text.setAddrWindow  st7735.o
    0x00002004   0x00002004   0x00000062   Code   RO           89    .text.startScreen   osumain.o
    0x00002066   0x00002066   0x00000002   PAD
    0x00002068   0x00002068   0x0000002c   Code   RO          164    .text.writecommand  st7735.o
    0x00002094   0x00002094   0x0000002c   Code   RO          166    .text.writedata     st7735.o
    0x000020c0   0x000020c0   0x00001464   Data   RO          108    .rodata.Difficulty  osumain.o
    0x00003524   0x00003524   0x00000a28   Data   RO          109    .rodata.ENlang      osumain.o
    0x00003f4c   0x00003f4c   0x00000a28   Data   RO          110    .rodata.FRlang      osumain.o
    0x00004974   0x00004974   0x000004fb   Data   RO          273    .rodata.Font        st7735.o
    0x00004e6f   0x00004e6f   0x00000001   PAD
    0x00004e70   0x00004e70   0x00001464   Data   RO          107    .rodata.Lang        osumain.o
    0x000062d4   0x000062d4   0x0000003b   Data   RO          262    .rodata.Rcmd1       st7735.o
    0x0000630f   0x0000630f   0x0000000d   Data   RO          263    .rodata.Rcmd2green  st7735.o
    0x0000631c   0x0000631c   0x0000000d   Data   RO          266    .rodata.Rcmd2red    st7735.o
    0x00006329   0x00006329   0x0000002b   Data   RO          267    .rodata.Rcmd3       st7735.o
    0x00006354   0x00006354   0x00000320   Data   RO          105    .rodata.cursor      osumain.o
    0x00006674   0x00006674   0x00002648   Data   RO          106    .rodata.osuLogo     osumain.o
    0x00008cbc   0x00008cbc   0x0000001c   Data   RO          116    .rodata.str1.1      osumain.o
    0x00008cd8   0x00008cd8   0x00000016   Data   RO          282    .rodata.str1.1      st7735.o
    0x00008cee   0x00008cee   0x00000002   PAD
    0x00008cf0   0x00008cf0   0x00000020   Data   RO          520    Region$$Table       anon$$obj.o


    Execution Region ER_RW (Exec base: 0x20000000, Load base: 0x00008d10, Size: 0x00000008, Max: 0xffffffff, ABSOLUTE)

    Exec Addr    Load Addr    Size         Type   Attr      Idx    E Section Name        Object

    0x20000000   0x00008d10   0x00000002   Data   RW          260    .data.StTextColor   st7735.o
    0x20000002   0x00008d12   0x00000002   Data   RW          270    .data._height       st7735.o
    0x20000004   0x00008d14   0x00000002   Data   RW          269    .data._width        st7735.o
    0x20000006   0x00008d16   0x00000001   Data   RW          115    .data.dirPressed    osumain.o


    Execution Region ER_ZI (Exec base: 0x20000008, Load base: 0x00008d18, Size: 0x000004c8, Max: 0xffffffff, ABSOLUTE)

    Exec Addr    Load Addr    Size         Type   Attr      Idx    E Section Name        Object

    0x20000008        -       0x00000060   Zero   RW          385    .bss                c_w.l(libspace.o)
    0x20000068        -       0x00000001   Zero   RW          264    .bss.ColStart       st7735.o
    0x20000069   0x00008d18   0x00000003   PAD
    0x2000006c        -       0x00000004   Zero   RW           71    .bss.PeriodicTask2  texas.o
    0x20000070        -       0x00000001   Zero   RW          265    .bss.RowStart       st7735.o
    0x20000071   0x00008d18   0x00000003   PAD
    0x20000074        -       0x00000004   Zero   RW          258    .bss.StX            st7735.o
    0x20000078        -       0x00000004   Zero   RW          259    .bss.StY            st7735.o
    0x2000007c        -       0x00000001   Zero   RW          268    .bss.TabColor       st7735.o
    0x2000007d   0x00008d18   0x00000003   PAD
    0x20000080        -       0x00000010   Zero   RW          124    .bss.difficultyPos  osumain.o
    0x20000090        -       0x00000001   Zero   RW          119    .bss.joyButton      osumain.o
    0x20000091   0x00008d18   0x00000003   PAD
    0x20000094        -       0x00000008   Zero   RW          120    .bss.joystickData   osumain.o
    0x2000009c        -       0x00000010   Zero   RW          123    .bss.langPos        osumain.o
    0x200000ac        -       0x00000001   Zero   RW          113    .bss.langauge       osumain.o
    0x200000ad   0x00008d18   0x00000003   PAD
    0x200000b0        -       0x00000010   Zero   RW          121    .bss.mouse          osumain.o
    0x200000c0        -       0x00000010   Zero   RW          122    .bss.osuVals        osumain.o
    0x200000d0        -       0x00000000   Zero   RW            2    HEAP                startup.o
    0x200000d0        -       0x00000400   Zero   RW            1    STACK               startup.o

