Component: Arm Compiler for Embedded 6.19 Tool: armlink [5e73cb00]

==============================================================================

Section Cross References

    startup.o(STACK) refers (Special) to heapauxi.o(.text) for __use_two_region_memory
    startup.o(HEAP) refers (Special) to heapauxi.o(.text) for __use_two_region_memory
    startup.o(RESET) refers (Special) to heapauxi.o(.text) for __use_two_region_memory
    startup.o(RESET) refers to startup.o(STACK) for StackMem
    startup.o(RESET) refers to osumain.o(.text.GPIOPortC_Handler) for GPIOPortC_Handler
    startup.o(RESET) refers to osumain.o(.text.GPIOPortE_Handler) for GPIOPortE_Handler
    startup.o(RESET) refers to osumain.o(.text.Timer1A_Handler) for Timer1A_Handler
    startup.o(RESET) refers to wave.o(.text.Timer2A_Handler) for Timer2A_Handler
    startup.o(RESET) refers to texas.o(.text.Timer5A_Handler) for Timer5A_Handler
    startup.o(RESET) refers to __main.o(!!!main) for __main
    startup.o(.text) refers (Special) to heapauxi.o(.text) for __use_two_region_memory
    startup.o(.text) refers to startup.o(HEAP) for HeapMem
    startup.o(.text) refers to startup.o(STACK) for StackMem
    random.o(.text) refers to random.o(DATA) for M
    timer0.o(.ARM.exidx.text.Timer0_Init) refers to timer0.o(.text.Timer0_Init) for [Anonymous Symbol]
    timer1.o(.ARM.exidx.text.Timer1_Init) refers to timer1.o(.text.Timer1_Init) for [Anonymous Symbol]
    texas.o(.ARM.exidx.text.Scope) refers to texas.o(.text.Scope) for [Anonymous Symbol]
    texas.o(.ARM.exidx.text.LogicAnalyzerA) refers to texas.o(.text.LogicAnalyzerA) for [Anonymous Symbol]
    texas.o(.ARM.exidx.text.LogicAnalyzerB) refers to texas.o(.text.LogicAnalyzerB) for [Anonymous Symbol]
    texas.o(.ARM.exidx.text.LogicAnalyzerC) refers to texas.o(.text.LogicAnalyzerC) for [Anonymous Symbol]
    texas.o(.ARM.exidx.text.LogicAnalyzerE) refers to texas.o(.text.LogicAnalyzerE) for [Anonymous Symbol]
    texas.o(.ARM.exidx.text.LogicAnalyzerF) refers to texas.o(.text.LogicAnalyzerF) for [Anonymous Symbol]
    texas.o(.text.PeriodicTask2_Init) refers to texas.o(.bss.PeriodicTask2) for PeriodicTask2
    texas.o(.ARM.exidx.text.PeriodicTask2_Init) refers to texas.o(.text.PeriodicTask2_Init) for [Anonymous Symbol]
    texas.o(.text.Timer5A_Handler) refers to texas.o(.bss.PeriodicTask2) for PeriodicTask2
    texas.o(.ARM.exidx.text.Timer5A_Handler) refers to texas.o(.text.Timer5A_Handler) for [Anonymous Symbol]
    texas.o(.ARM.exidx.text.PeriodicTask2_Stop) refers to texas.o(.text.PeriodicTask2_Stop) for [Anonymous Symbol]
    texas.o(.ARM.exidx.text.UART0_Init) refers to texas.o(.text.UART0_Init) for [Anonymous Symbol]
    texas.o(.ARM.exidx.text.UART0_InChar) refers to texas.o(.text.UART0_InChar) for [Anonymous Symbol]
    texas.o(.ARM.exidx.text.UART0_OutChar) refers to texas.o(.text.UART0_OutChar) for [Anonymous Symbol]
    texas.o(.ARM.exidx.text.UART0_OutString) refers to texas.o(.text.UART0_OutString) for [Anonymous Symbol]
    texas.o(.ARM.exidx.text.ADC1_Init) refers to texas.o(.text.ADC1_Init) for [Anonymous Symbol]
    texas.o(.text.TExaS_Init) refers to startup.o(.text) for DisableInterrupts
    texas.o(.text.TExaS_Init) refers to pll.o(.text.PLL_Init) for PLL_Init
    texas.o(.text.TExaS_Init) refers to texas.o(.bss.PeriodicTask2) for PeriodicTask2
    texas.o(.text.TExaS_Init) refers to texas.o(.text.Scope) for Scope
    texas.o(.text.TExaS_Init) refers to texas.o(.text.LogicAnalyzerA) for LogicAnalyzerA
    texas.o(.text.TExaS_Init) refers to texas.o(.text.LogicAnalyzerB) for LogicAnalyzerB
    texas.o(.text.TExaS_Init) refers to texas.o(.text.LogicAnalyzerC) for LogicAnalyzerC
    texas.o(.text.TExaS_Init) refers to texas.o(.text.LogicAnalyzerE) for LogicAnalyzerE
    texas.o(.text.TExaS_Init) refers to texas.o(.text.LogicAnalyzerF) for LogicAnalyzerF
    texas.o(.ARM.exidx.text.TExaS_Init) refers to texas.o(.text.TExaS_Init) for [Anonymous Symbol]
    texas.o(.ARM.exidx.text.TExaS_Stop) refers to texas.o(.text.TExaS_Stop) for [Anonymous Symbol]
    adc.o(.ARM.exidx.text.ADC_Init) refers to adc.o(.text.ADC_Init) for [Anonymous Symbol]
    adc.o(.ARM.exidx.text.ADC_In) refers to adc.o(.text.ADC_In) for [Anonymous Symbol]
    dac.o(.ARM.exidx.text.DAC_Init) refers to dac.o(.text.DAC_Init) for [Anonymous Symbol]
    dac.o(.ARM.exidx.text.DAC_Out) refers to dac.o(.text.DAC_Out) for [Anonymous Symbol]
    pll.o(.ARM.exidx.text.PLL_Init) refers to pll.o(.text.PLL_Init) for [Anonymous Symbol]
    st7735.o(.text.writecommand) refers to busywait.o(.text) for SPIOutCommand
    st7735.o(.ARM.exidx.text.writecommand) refers to st7735.o(.text.writecommand) for [Anonymous Symbol]
    st7735.o(.text.writedata) refers to busywait.o(.text) for SPIOutData
    st7735.o(.ARM.exidx.text.writedata) refers to st7735.o(.text.writedata) for [Anonymous Symbol]
    st7735.o(.ARM.exidx.text.Delay1ms) refers to st7735.o(.text.Delay1ms) for [Anonymous Symbol]
[...]
    st7735.o(.text.Output_Init) refers to st7735.o(.bss.StX) for StX
    st7735.o(.text.Output_Init) refers to st7735.o(.bss._height) for _height
    st7735.o(.text.Output_Init) refers to st7735.o(.bss.StY) for StY
    st7735.o(.text.Output_Init) refers to st7735.o(.text.ST7735_FillRect) for ST7735_FillRect
    st7735.o(.ARM.exidx.text.Output_Init) refers to st7735.o(.text.Output_Init) for [Anonymous Symbol]
    st7735.o(.text.Output_Clear) refers to st7735.o(.bss._width) for _width
    st7735.o(.text.Output_Clear) refers to st7735.o(.bss._height) for _height
    st7735.o(.text.Output_Clear) refers to st7735.o(.text.ST7735_FillRect) for ST7735_FillRect
    st7735.o(.ARM.exidx.text.Output_Clear) refers to st7735.o(.text.Output_Clear) for [Anonymous Symbol]
    st7735.o(.text.Output_Off) refers to st7735.o(.bss._width) for _width
    st7735.o(.text.Output_Off) refers to st7735.o(.bss._height) for _height
    st7735.o(.text.Output_Off) refers to st7735.o(.text.ST7735_FillRect) for ST7735_FillRect
    st7735.o(.ARM.exidx.text.Output_Off) refers to st7735.o(.text.Output_Off) for [Anonymous Symbol]
    st7735.o(.text.Output_On) refers to st7735.o(.rodata.Rcmd1) for Rcmd1
    st7735.o(.text.Output_On) refers to st7735.o(.text.commonInit) for commonInit
    st7735.o(.text.Output_On) refers to st7735.o(.rodata.Rcmd2red) for Rcmd2red
    st7735.o(.text.Output_On) refers to st7735.o(.text.commandList) for commandList
    st7735.o(.text.Output_On) refers to st7735.o(.rodata.Rcmd3) for Rcmd3
    st7735.o(.text.Output_On) refers to st7735.o(.bss.TabColor) for TabColor
    st7735.o(.text.Output_On) refers to st7735.o(.data.StTextColor) for StTextColor
    st7735.o(.text.Output_On) refers to st7735.o(.bss._width) for _width
    st7735.o(.text.Output_On) refers to st7735.o(.bss.StX) for StX
    st7735.o(.text.Output_On) refers to st7735.o(.bss._height) for _height
    st7735.o(.text.Output_On) refers to st7735.o(.bss.StY) for StY
    st7735.o(.text.Output_On) refers to st7735.o(.text.ST7735_FillRect) for ST7735_FillRect
    st7735.o(.ARM.exidx.text.Output_On) refers to st7735.o(.text.Output_On) for [Anonymous Symbol]
    st7735.o(.text.Output_Color) refers to st7735.o(.data.StTextColor) for StTextColor
    st7735.o(.ARM.exidx.text.Output_Color) refers to st7735.o(.text.Output_Color) for [Anonymous Symbol]
    wave.o(.ARM.exidx.text.Timer2A_Init) refers to wave.o(.text.Timer2A_Init) for [Anonymous Symbol]
    wave.o(.ARM.exidx.text.Timer2A_Start) refers to wave.o(.text.Timer2A_Start) for [Anonymous Symbol]
    wave.o(.ARM.exidx.text.Wave_Stop) refers to wave.o(.text.Wave_Stop) for [Anonymous Symbol]
    wave.o(.text.Wave_Init) refers to dac.o(.text.DAC_Init) for DAC_Init
    wave.o(.ARM.exidx.text.Wave_Init) refers to wave.o(.text.Wave_Init) for [Anonymous Symbol]
    wave.o(.ARM.exidx.text.Timer2A_Handler) refers to wave.o(.text.Timer2A_Handler) for [Anonymous Symbol]
    wave.o(.ARM.exidx.text.Wave_Start) refers to wave.o(.text.Wave_Start) for [Anonymous Symbol]
    wave.o(.ARM.exidx.text.Wave_Shoot) refers to wave.o(.text.Wave_Shoot) for [Anonymous Symbol]
    wave.o(.ARM.exidx.text.Wave_Killed) refers to wave.o(.text.Wave_Killed) for [Anonymous Symbol]
    wave.o(.ARM.exidx.text.Wave_Explosion) refers to wave.o(.text.Wave_Explosion) for [Anonymous Symbol]
    wave.o(.ARM.exidx.text.Wave_Highpitch) refers to wave.o(.text.Wave_Highpitch) for [Anonymous Symbol]
    edgetrigger.o(.ARM.exidx.text.EdgeTrigger_Init) refers to edgetrigger.o(.text.EdgeTrigger_Init) for [Anonymous Symbol]
    joystick.o(.ARM.exidx.text.JoyStick_Init) refers to joystick.o(.text.JoyStick_Init) for [Anonymous Symbol]
    joystick.o(.ARM.exidx.text.JoyStick_In) refers to joystick.o(.text.JoyStick_In) for [Anonymous Symbol]
    osumain.o(.ARM.exidx.text.GPIOPortE_Handler) refers to osumain.o(.text.GPIOPortE_Handler) for [Anonymous Symbol]
    osumain.o(.text.GPIOPortC_Handler) refers to osumain.o(.bss.currScreen) for currScreen
    osumain.o(.ARM.exidx.text.GPIOPortC_Handler) refers to osumain.o(.text.GPIOPortC_Handler) for [Anonymous Symbol]
    osumain.o(.text.Timer1A_Handler) refers to osumain.o(.bss.joystickData) for joystickData
    osumain.o(.text.Timer1A_Handler) refers to joystick.o(.text.JoyStick_In) for JoyStick_In
    osumain.o(.text.Timer1A_Handler) refers to osumain.o(.bss.mouse) for mouse
    osumain.o(.ARM.exidx.text.Timer1A_Handler) refers to osumain.o(.text.Timer1A_Handler) for [Anonymous Symbol]
    osumain.o(.text.main) refers to startup.o(.text) for DisableInterrupts
    osumain.o(.text.main) refers to texas.o(.text.TExaS_Init) for TExaS_Init
    osumain.o(.text.main) refers to st7735.o(.text.Output_Init) for Output_Init
    osumain.o(.text.main) refers to adc.o(.text.ADC_Init) for ADC_Init
    osumain.o(.text.main) refers to edgetrigger.o(.text.EdgeTrigger_Init) for EdgeTrigger_Init
    osumain.o(.text.main) refers to joystick.o(.text.JoyStick_Init) for JoyStick_Init
    osumain.o(.text.main) refers to timer1.o(.text.Timer1_Init) for Timer1_Init
    osumain.o(.text.main) refers to osumain.o(.bss.mouse) for mouse
    osumain.o(.text.main) refers to osumain.o(.rodata.cursor) for cursor
    osumain.o(.text.main) refers to osumain.o(.bss.currScreen) for currScreen
    osumain.o(.text.main) refers to osumain.o(.data.prevScreen) for prevScreen
    osumain.o(.text.main) refers to osumain.o(.rodata.str1.1) for .L.str
    osumain.o(.text.main) refers to st7735.o(.text.ST7735_FillScreen) for ST7735_FillScreen
    osumain.o(.text.main) refers to st7735.o(.text.ST7735_SetCursor) for ST7735_SetCursor
    osumain.o(.text.main) refers to st7735.o(.text.ST7735_OutString) for ST7735_OutString
    osumain.o(.text.main) refers to st7735.o(.text.ST7735_DrawBitmap) for ST7735_DrawBitmap
    osumain.o(.text.main) refers to osumain.o(.rodata.osuLogo) for osuLogo
    osumain.o(.ARM.exidx.text.main) refers to osumain.o(.text.main) for [Anonymous Symbol]
    osumain.o(.text.startScreen) refers to st7735.o(.text.ST7735_FillScreen) for ST7735_FillScreen
    osumain.o(.text.startScreen) refers to osumain.o(.rodata.osuLogo) for osuLogo
    osumain.o(.text.startScreen) refers to st7735.o(.text.ST7735_DrawBitmap) for ST7735_DrawBitmap
    osumain.o(.text.startScreen) refers to st7735.o(.text.ST7735_SetCursor) for ST7735_SetCursor
    osumain.o(.text.startScreen) refers to osumain.o(.rodata.str1.1) for .L.str
    osumain.o(.text.startScreen) refers to st7735.o(.text.ST7735_OutString) for ST7735_OutString
    osumain.o(.ARM.exidx.text.startScreen) refers to osumain.o(.text.startScreen) for [Anonymous Symbol]
    osumain.o(.text.menuScreen) refers to st7735.o(.text.ST7735_FillScreen) for ST7735_FillScreen
    osumain.o(.text.menuScreen) refers to st7735.o(.text.ST7735_SetCursor) for ST7735_SetCursor
    osumain.o(.text.menuScreen) refers to osumain.o(.rodata.str1.1) for .L.str.2
    osumain.o(.text.menuScreen) refers to st7735.o(.text.ST7735_OutString) for ST7735_OutString
    osumain.o(.ARM.exidx.text.menuScreen) refers to osumain.o(.text.menuScreen) for [Anonymous Symbol]
    osumain.o(.ARM.exidx.text.languageSelectScreen) refers to osumain.o(.text.languageSelectScreen) for [Anonymous Symbol]
    osumain.o(.ARM.exidx.text.difficultySelectScreen) refers to osumain.o(.text.difficultySelectScreen) for [Anonymous Symbol]
    osumain.o(.ARM.exidx.text.gameScreen) refers to osumain.o(.text.gameScreen) for [Anonymous Symbol]
    osumain.o(.ARM.exidx.text.pauseScreen) refers to osumain.o(.text.pauseScreen) for [Anonymous Symbol]
    osumain.o(.ARM.exidx.text.endScreen) refers to osumain.o(.text.endScreen) for [Anonymous Symbol]
    __main.o(!!!main) refers to __rtentry.o(.ARM.Collect$$rtentry$$00000000) for __rt_entry
    __rtentry.o(.ARM.Collect$$rtentry$$00000000) refers (Special) to __rtentry2.o(.ARM.Collect$$rtentry$$0000000A) for __rt_entry_li
    __rtentry.o(.ARM.Collect$$rtentry$$00000000) refers (Special) to __rtentry2.o(.ARM.Collect$$rtentry$$0000000D) for __rt_entry_main
    __rtentry.o(.ARM.Collect$$rtentry$$00000000) refers (Special) to __rtentry2.o(.ARM.Collect$$rtentry$$0000000C) for __rt_entry_postli_1
    __rtentry.o(.ARM.Collect$$rtentry$$00000000) refers (Special) to __rtentry2.o(.ARM.Collect$$rtentry$$00000009) for __rt_entry_postsh_1
    __rtentry.o(.ARM.Collect$$rtentry$$00000000) refers (Special) to __rtentry2.o(.ARM.Collect$$rtentry$$00000002) for __rt_entry_presh_1
    __rtentry.o(.ARM.Collect$$rtentry$$00000000) refers (Special) to __rtentry4.o(.ARM.Collect$$rtentry$$00000004) for __rt_entry_sh
    __rtentry2.o(.ARM.Collect$$rtentry$$00000008) refers to boardinit2.o(.text) for _platform_post_stackheap_init
    __rtentry2.o(.ARM.Collect$$rtentry$$0000000A) refers to libinit.o(.ARM.Collect$$libinit$$00000000) for __rt_lib_init
    __rtentry2.o(.ARM.Collect$$rtentry$$0000000B) refers to boardinit3.o(.text) for _platform_post_lib_init
    __rtentry2.o(.ARM.Collect$$rtentry$$0000000D) refers to osumain.o(.text.main) for main
    __rtentry2.o(.ARM.Collect$$rtentry$$0000000D) refers to exit.o(.text) for exit
    __rtentry2.o(.ARM.exidx) refers to __rtentry2.o(.ARM.Collect$$rtentry$$00000001) for .ARM.Collect$$rtentry$$00000001
    __rtentry2.o(.ARM.exidx) refers to __rtentry2.o(.ARM.Collect$$rtentry$$00000008) for .ARM.Collect$$rtentry$$00000008
    __rtentry2.o(.ARM.exidx) refers to __rtentry2.o(.ARM.Collect$$rtentry$$0000000A) for .ARM.Collect$$rtentry$$0000000A
    __rtentry2.o(.ARM.exidx) refers to __rtentry2.o(.ARM.Collect$$rtentry$$0000000B) for .ARM.Collect$$rtentry$$0000000B
    __rtentry2.o(.ARM.exidx) refers to __rtentry2.o(.ARM.Collect$$rtentry$$0000000D) for .ARM.Collect$$rtentry$$0000000D
    __rtentry4.o(.ARM.Collect$$rtentry$$00000004) refers to sys_stackheap_outer.o(.text) for __user_setup_stackheap
    __rtentry4.o(.ARM.exidx) refers to __rtentry4.o(.ARM.Collect$$rtentry$$00000004) for .ARM.Collect$$rtentry$$00000004
    sys_stackheap_outer.o(.text) refers to libspace.o(.text) for __user_perproc_libspace
    sys_stackheap_outer.o(.text) refers to startup.o(.text) for __user_initial_stackheap
    exit.o(.text) refers to rtexit.o(.ARM.Collect$$rtexit$$00000000) for __rt_exit
    libinit.o(.ARM.Collect$$libinit$$00000000) refers (Special) to libinit2.o(.ARM.Collect$$libinit$$00000030) for __rt_lib_init_alloca_1
    libinit.o(.ARM.Collect$$libinit$$00000000) refers (Special) to libinit2.o(.ARM.Collect$$libinit$$0000002E) for __rt_lib_init_argv_1
    libinit.o(.ARM.Collect$$libinit$$00000000) refers (Special) to libinit2.o(.ARM.Collect$$libinit$$0000001D) for __rt_lib_init_atexit_1
    libinit.o(.ARM.Collect$$libinit$$00000000) refers (Special) to libinit2.o(.ARM.Collect$$libinit$$00000023) for __rt_lib_init_clock_1
    libinit.o(.ARM.Collect$$libinit$$00000000) refers (Special) to libinit2.o(.ARM.Collect$$libinit$$00000034) for __rt_lib_init_cpp_1
    libinit.o(.ARM.Collect$$libinit$$00000000) refers (Special) to libinit2.o(.ARM.Collect$$libinit$$00000032) for __rt_lib_init_exceptions_1
    libinit.o(.ARM.Collect$$libinit$$00000000) refers (Special) to libinit2.o(.ARM.Collect$$libinit$$00000002) for __rt_lib_init_fp_1
    libinit.o(.ARM.Collect$$libinit$$00000000) refers (Special) to libinit2.o(.ARM.Collect$$libinit$$00000021) for __rt_lib_init_fp_trap_1
    libinit.o(.ARM.Collect$$libinit$$00000000) refers (Special) to libinit2.o(.ARM.Collect$$libinit$$00000025) for __rt_lib_init_getenv_1
    libinit.o(.ARM.Collect$$libinit$$00000000) refers (Special) to libinit2.o(.ARM.Collect$$libinit$$0000000C) for __rt_lib_init_heap_1
    libinit.o(.ARM.Collect$$libinit$$00000000) refers (Special) to libinit2.o(.ARM.Collect$$libinit$$00000013) for __rt_lib_init_lc_collate_1
    libinit.o(.ARM.Collect$$libinit$$00000000) refers (Special) to libinit2.o(.ARM.Collect$$libinit$$00000015) for __rt_lib_init_lc_ctype_1
    libinit.o(.ARM.Collect$$libinit$$00000000) refers (Special) to libinit2.o(.ARM.Collect$$libinit$$00000017) for __rt_lib_init_lc_monetary_1
    libinit.o(.ARM.Collect$$libinit$$00000000) refers (Special) to libinit2.o(.ARM.Collect$$libinit$$00000019) for __rt_lib_init_lc_numeric_1
    libinit.o(.ARM.Collect$$libinit$$00000000) refers (Special) to libinit2.o(.ARM.Collect$$libinit$$0000001B) for __rt_lib_init_lc_time_1
    libinit.o(.ARM.Collect$$libinit$$00000000) refers (Special) to libinit2.o(.ARM.Collect$$libinit$$00000006) for __rt_lib_init_preinit_1
    libinit.o(.ARM.Collect$$libinit$$00000000) refers (Special) to libinit2.o(.ARM.Collect$$libinit$$00000010) for __rt_lib_init_rand_1
    libinit.o(.ARM.Collect$$libinit$$00000000) refers (Special) to libinit2.o(.ARM.Collect$$libinit$$00000004) for __rt_lib_init_relocate_pie_1
    libinit.o(.ARM.Collect$$libinit$$00000000) refers (Special) to libinit2.o(.ARM.Collect$$libinit$$00000035) for __rt_lib_init_return
    libinit.o(.ARM.Collect$$libinit$$00000000) refers (Special) to libinit2.o(.ARM.Collect$$libinit$$0000001F) for __rt_lib_init_signal_1
    libinit.o(.ARM.Collect$$libinit$$00000000) refers (Special) to libinit2.o(.ARM.Collect$$libinit$$00000027) for __rt_lib_init_stdio_1
    libinit.o(.ARM.Collect$$libinit$$00000000) refers (Special) to libinit2.o(.ARM.Collect$$libinit$$0000000E) for __rt_lib_init_user_alloc_1
    libspace.o(.text) refers to libspace.o(.bss) for __libspace_start
    rtexit.o(.ARM.Collect$$rtexit$$00000000) refers (Special) to rtexit2.o(.ARM.Collect$$rtexit$$00000004) for __rt_exit_exit
    rtexit.o(.ARM.Collect$$rtexit$$00000000) refers (Special) to rtexit2.o(.ARM.Collect$$rtexit$$00000003) for __rt_exit_ls
    rtexit.o(.ARM.Collect$$rtexit$$00000000) refers (Special) to rtexit2.o(.ARM.Collect$$rtexit$$00000002) for __rt_exit_prels_1
    rtexit.o(.ARM.exidx) refers (Special) to rtexit2.o(.ARM.Collect$$rtexit$$00000004) for __rt_exit_exit
    rtexit.o(.ARM.exidx) refers (Special) to rtexit2.o(.ARM.Collect$$rtexit$$00000003) for __rt_exit_ls
    rtexit.o(.ARM.exidx) refers (Special) to rtexit2.o(.ARM.Collect$$rtexit$$00000002) for __rt_exit_prels_1
    rtexit.o(.ARM.exidx) refers to rtexit.o(.ARM.Collect$$rtexit$$00000000) for .ARM.Collect$$rtexit$$00000000
    libinit2.o(.ARM.Collect$$libinit$$00000012) refers to libinit2.o(.ARM.Collect$$libinit$$00000011) for .ARM.Collect$$libinit$$00000011
    libinit2.o(.ARM.Collect$$libinit$$00000014) refers to libinit2.o(.ARM.Collect$$libinit$$00000011) for .ARM.Collect$$libinit$$00000011
    libinit2.o(.ARM.Collect$$libinit$$00000016) refers to libinit2.o(.ARM.Collect$$libinit$$00000011) for .ARM.Collect$$libinit$$00000011
    libinit2.o(.ARM.Collect$$libinit$$00000018) refers to libinit2.o(.ARM.Collect$$libinit$$00000011) for .ARM.Collect$$libinit$$00000011
    libinit2.o(.ARM.Collect$$libinit$$0000001A) refers to libinit2.o(.ARM.Collect$$libinit$$00000011) for .ARM.Collect$$libinit$$00000011
    libinit2.o(.ARM.Collect$$libinit$$00000028) refers to argv_veneer.o(.emb_text) for __ARM_argv_veneer
    libinit2.o(.ARM.Collect$$libinit$$00000029) refers to argv_veneer.o(.emb_text) for __ARM_argv_veneer
    rtexit2.o(.ARM.Collect$$rtexit$$00000003) refers to libshutdown.o(.ARM.Collect$$libshutdown$$00000000) for __rt_lib_shutdown
    rtexit2.o(.ARM.Collect$$rtexit$$00000004) refers to sys_exit.o(.text) for _sys_exit
    rtexit2.o(.ARM.exidx) refers to rtexit2.o(.ARM.Collect$$rtexit$$00000001) for .ARM.Collect$$rtexit$$00000001
    rtexit2.o(.ARM.exidx) refers to rtexit2.o(.ARM.Collect$$rtexit$$00000003) for .ARM.Collect$$rtexit$$00000003
    rtexit2.o(.ARM.exidx) refers to rtexit2.o(.ARM.Collect$$rtexit$$00000004) for .ARM.Collect$$rtexit$$00000004
    argv_veneer.o(.emb_text) refers to no_argv.o(.text) for __ARM_get_argv
    sys_exit.o(.text) refers (Special) to use_no_semi.o(.text) for __I$use$semihosting
    sys_exit.o(.text) refers (Special) to indicate_semi.o(.text) for __semihosting_library_function
    sys_exit_hlt.o(.text) refers (Special) to use_no_semi.o(.text) for __I$use$semihosting
    sys_exit_hlt.o(.text) refers (Special) to indicate_semi.o(.text) for __semihosting_library_function
    _get_argv_nomalloc.o(.text) refers (Special) to hrguard.o(.text) for __heap_region$guard
    _get_argv_nomalloc.o(.text) refers to defsig_rtmem_outer.o(.text) for __rt_SIGRTMEM
    _get_argv_nomalloc.o(.text) refers to sys_command.o(.text) for _sys_command_string
    libshutdown.o(.ARM.Collect$$libshutdown$$00000000) refers (Special) to libshutdown2.o(.ARM.Collect$$libshutdown$$00000002) for __rt_lib_shutdown_cpp_1
    libshutdown.o(.ARM.Collect$$libshutdown$$00000000) refers (Special) to libshutdown2.o(.ARM.Collect$$libshutdown$$00000007) for __rt_lib_shutdown_fp_trap_1
    libshutdown.o(.ARM.Collect$$libshutdown$$00000000) refers (Special) to libshutdown2.o(.ARM.Collect$$libshutdown$$0000000F) for __rt_lib_shutdown_heap_1
    libshutdown.o(.ARM.Collect$$libshutdown$$00000000) refers (Special) to libshutdown2.o(.ARM.Collect$$libshutdown$$00000010) for __rt_lib_shutdown_return
    libshutdown.o(.ARM.Collect$$libshutdown$$00000000) refers (Special) to libshutdown2.o(.ARM.Collect$$libshutdown$$0000000A) for __rt_lib_shutdown_signal_1
    libshutdown.o(.ARM.Collect$$libshutdown$$00000000) refers (Special) to libshutdown2.o(.ARM.Collect$$libshutdown$$00000004) for __rt_lib_shutdown_stdio_1
    libshutdown.o(.ARM.Collect$$libshutdown$$00000000) refers (Special) to libshutdown2.o(.ARM.Collect$$libshutdown$$0000000C) for __rt_lib_shutdown_user_alloc_1
    sys_command.o(.text) refers (Special) to use_no_semi.o(.text) for __I$use$semihosting
    sys_command.o(.text) refers (Special) to indicate_semi.o(.text) for __semihosting_library_function
    sys_command_hlt.o(.text) refers (Special) to use_no_semi.o(.text) for __I$use$semihosting
    sys_command_hlt.o(.text) refers (Special) to indicate_semi.o(.text) for __semihosting_library_function
    defsig_rtmem_outer.o(.text) refers to defsig_rtmem_inner.o(.text) for __rt_SIGRTMEM_inner
    defsig_rtmem_outer.o(.text) refers to defsig_exit.o(.text) for __sig_exit
    defsig_rtmem_formal.o(.text) refers to rt_raise.o(.text) for __rt_raise
    rt_raise.o(.text) refers to __raise.o(.text) for __raise
    rt_raise.o(.text) refers to sys_exit.o(.text) for _sys_exit
    defsig_exit.o(.text) refers to sys_exit.o(.text) for _sys_exit
    defsig_rtmem_inner.o(.text) refers to defsig_general.o(.text) for __default_signal_display
    __raise.o(.text) refers to defsig.o(CL$$defsig) for __default_signal_handler
    defsig_general.o(.text) refers to sys_wrch.o(.text) for _ttywrch
    sys_wrch.o(.text) refers (Special) to use_no_semi.o(.text) for __I$use$semihosting
    sys_wrch.o(.text) refers (Special) to indicate_semi.o(.text) for __semihosting_library_function
    sys_wrch_hlt.o(.text) refers (Special) to use_no_semi.o(.text) for __I$use$semihosting
    sys_wrch_hlt.o(.text) refers (Special) to indicate_semi.o(.text) for __semihosting_library_function
    defsig.o(CL$$defsig) refers to defsig_rtmem_inner.o(.text) for __rt_SIGRTMEM_inner
    defsig_abrt_inner.o(.text) refers to defsig_general.o(.text) for __default_signal_display
    defsig_fpe_inner.o(.text) refers to defsig_general.o(.text) for __default_signal_display
    defsig_rtred_inner.o(.text) refers to defsig_general.o(.text) for __default_signal_display
    defsig_stak_inner.o(.text) refers to defsig_general.o(.text) for __default_signal_display
    defsig_pvfn_inner.o(.text) refers to defsig_general.o(.text) for __default_signal_display
    defsig_cppl_inner.o(.text) refers to defsig_general.o(.text) for __default_signal_display
    defsig_segv_inner.o(.text) refers to defsig_general.o(.text) for __default_signal_display
    defsig_other.o(.text) refers to defsig_general.o(.text) for __default_signal_display


==============================================================================

Removing Unused input sections from the image.

    Removing random.o(DATA), (4 bytes).
    Removing random.o(.text), (60 bytes).
    Removing timer0.o(.text), (0 bytes).
    Removing timer0.o(.text.Timer0_Init), (108 bytes).
    Removing timer0.o(.ARM.exidx.text.Timer0_Init), (8 bytes).
    Removing timer1.o(.text), (0 bytes).
    Removing timer1.o(.ARM.exidx.text.Timer1_Init), (8 bytes).
    Removing texas.o(.text), (0 bytes).
    Removing texas.o(.ARM.exidx.text.Scope), (8 bytes).
    Removing texas.o(.ARM.exidx.text.LogicAnalyzerA), (8 bytes).
    Removing texas.o(.ARM.exidx.text.LogicAnalyzerB), (8 bytes).
    Removing texas.o(.ARM.exidx.text.LogicAnalyzerC), (8 bytes).
    Removing texas.o(.ARM.exidx.text.LogicAnalyzerE), (8 bytes).
    Removing texas.o(.ARM.exidx.text.LogicAnalyzerF), (8 bytes).
    Removing texas.o(.text.PeriodicTask2_Init), (184 bytes).
    Removing texas.o(.ARM.exidx.text.PeriodicTask2_Init), (8 bytes).
    Removing texas.o(.ARM.exidx.text.Timer5A_Handler), (8 bytes).
    Removing texas.o(.text.PeriodicTask2_Stop), (44 bytes).
    Removing texas.o(.ARM.exidx.text.PeriodicTask2_Stop), (8 bytes).
    Removing texas.o(.text.UART0_Init), (122 bytes).
    Removing texas.o(.ARM.exidx.text.UART0_Init), (8 bytes).
    Removing texas.o(.text.UART0_InChar), (20 bytes).
    Removing texas.o(.ARM.exidx.text.UART0_InChar), (8 bytes).
    Removing texas.o(.text.UART0_OutChar), (18 bytes).
    Removing texas.o(.ARM.exidx.text.UART0_OutChar), (8 bytes).
    Removing texas.o(.text.UART0_OutString), (34 bytes).
    Removing texas.o(.ARM.exidx.text.UART0_OutString), (8 bytes).
    Removing texas.o(.text.ADC1_Init), (170 bytes).
    Removing texas.o(.ARM.exidx.text.ADC1_Init), (8 bytes).
    Removing texas.o(.ARM.exidx.text.TExaS_Init), (8 bytes).
    Removing texas.o(.text.TExaS_Stop), (44 bytes).
    Removing texas.o(.ARM.exidx.text.TExaS_Stop), (8 bytes).
    Removing adc.o(.text), (0 bytes).
    Removing adc.o(.ARM.exidx.text.ADC_Init), (8 bytes).
    Removing adc.o(.text.ADC_In), (32 bytes).
    Removing adc.o(.ARM.exidx.text.ADC_In), (8 bytes).
    Removing dac.o(.text), (0 bytes).
    Removing dac.o(.text.DAC_Init), (66 bytes).
    Removing dac.o(.ARM.exidx.text.DAC_Init), (8 bytes).
    Removing dac.o(.text.DAC_Out), (12 bytes).
    Removing dac.o(.ARM.exidx.text.DAC_Out), (8 bytes).
    Removing pll.o(.text), (0 bytes).
    Removing pll.o(.ARM.exidx.text.PLL_Init), (8 bytes).
    Removing st7735.o(.text), (0 bytes).
    Removing st7735.o(.text.writecommand), (22 bytes).
    Removing st7735.o(.ARM.exidx.text.writecommand), (8 bytes).
    Removing st7735.o(.text.writedata), (22 bytes).
    Removing st7735.o(.ARM.exidx.text.writedata), (8 bytes).
    Removing st7735.o(.text.Delay1ms), (38 bytes).
    Removing st7735.o(.ARM.exidx.text.Delay1ms), (8 bytes).
    Removing st7735.o(.text.ST7735_InitB), (114 bytes).
    Removing st7735.o(.ARM.exidx.text.ST7735_InitB), (8 bytes).
    Removing st7735.o(.ARM.exidx.text.commonInit), (8 bytes).
    Removing st7735.o(.ARM.exidx.text.ST7735_SetCursor), (8 bytes).
    Removing st7735.o(.ARM.exidx.text.ST7735_FillScreen), (8 bytes).
    Removing st7735.o(.text.ST7735_InitR), (230 bytes).
    Removing st7735.o(.ARM.exidx.text.ST7735_InitR), (8 bytes).
    Removing st7735.o(.ARM.exidx.text.commandList), (8 bytes).
    Removing st7735.o(.text.ST7735_DrawPixel), (122 bytes).
    Removing st7735.o(.ARM.exidx.text.ST7735_DrawPixel), (8 bytes).
    Removing st7735.o(.ARM.exidx.text.setAddrWindow), (8 bytes).
    Removing st7735.o(.text.ST7735_DrawFastVLine), (146 bytes).
    Removing st7735.o(.ARM.exidx.text.ST7735_DrawFastVLine), (8 bytes).
    Removing st7735.o(.text.ST7735_DrawFastHLine), (146 bytes).
    Removing st7735.o(.ARM.exidx.text.ST7735_DrawFastHLine), (8 bytes).
    Removing st7735.o(.ARM.exidx.text.ST7735_FillRect), (8 bytes).
    Removing st7735.o(.text.ST7735_DrawSmallCircle), (210 bytes).
    Removing st7735.o(.ARM.exidx.text.ST7735_DrawSmallCircle), (8 bytes).
    Removing st7735.o(.text.ST7735_DrawCircle), (210 bytes).
    Removing st7735.o(.ARM.exidx.text.ST7735_DrawCircle), (8 bytes).
    Removing st7735.o(.text.ST7735_Color565), (20 bytes).
    Removing st7735.o(.ARM.exidx.text.ST7735_Color565), (8 bytes).
    Removing st7735.o(.text.ST7735_SwapColor), (16 bytes).
    Removing st7735.o(.ARM.exidx.text.ST7735_SwapColor), (8 bytes).
    Removing st7735.o(.ARM.exidx.text.ST7735_DrawBitmap), (8 bytes).
    Removing st7735.o(.ARM.exidx.text.ST7735_DrawCharS), (8 bytes).
    Removing st7735.o(.text.ST7735_DrawChar), (356 bytes).
    Removing st7735.o(.ARM.exidx.text.ST7735_DrawChar), (8 bytes).
    Removing st7735.o(.text.ST7735_DrawString), (106 bytes).
    Removing st7735.o(.ARM.exidx.text.ST7735_DrawString), (8 bytes).
    Removing st7735.o(.text.ST7735_OutUDec), (216 bytes).
    Removing st7735.o(.ARM.exidx.text.ST7735_OutUDec), (8 bytes).
    Removing st7735.o(.text.ST7735_OutFix), (216 bytes).
    Removing st7735.o(.ARM.exidx.text.ST7735_OutFix), (8 bytes).
    Removing st7735.o(.text.ST7735_SetRotation), (168 bytes).
    Removing st7735.o(.ARM.exidx.text.ST7735_SetRotation), (8 bytes).
    Removing st7735.o(.text.ST7735_InvertDisplay), (36 bytes).
    Removing st7735.o(.ARM.exidx.text.ST7735_InvertDisplay), (8 bytes).
    Removing st7735.o(.text.ST7735_PlotClear), (88 bytes).
    Removing st7735.o(.ARM.exidx.text.ST7735_PlotClear), (8 bytes).
    Removing st7735.o(.text.ST7735_PlotPoint), (518 bytes).
    Removing st7735.o(.ARM.exidx.text.ST7735_PlotPoint), (8 bytes).
    Removing st7735.o(.text.ST7735_PlotLine), (942 bytes).
    Removing st7735.o(.ARM.exidx.text.ST7735_PlotLine), (8 bytes).
    Removing st7735.o(.text.ST7735_PlotPoints), (374 bytes).
    Removing st7735.o(.ARM.exidx.text.ST7735_PlotPoints), (8 bytes).
    Removing st7735.o(.text.ST7735_PlotBar), (206 bytes).
    Removing st7735.o(.ARM.exidx.text.ST7735_PlotBar), (8 bytes).
    Removing st7735.o(.text.ST7735_PlotdBfs), (170 bytes).
    Removing st7735.o(.ARM.exidx.text.ST7735_PlotdBfs), (8 bytes).
    Removing st7735.o(.text.ST7735_PlotNext), (22 bytes).
    Removing st7735.o(.ARM.exidx.text.ST7735_PlotNext), (8 bytes).
    Removing st7735.o(.text.ST7735_PlotNextErase), (134 bytes).
    Removing st7735.o(.ARM.exidx.text.ST7735_PlotNextErase), (8 bytes).
    Removing st7735.o(.ARM.exidx.text.ST7735_OutChar), (8 bytes).
    Removing st7735.o(.ARM.exidx.text.ST7735_OutString), (8 bytes).
    Removing st7735.o(.text.ST7735_SetTextColor), (12 bytes).
    Removing st7735.o(.ARM.exidx.text.ST7735_SetTextColor), (8 bytes).
    Removing st7735.o(.text.fputc), (12 bytes).
    Removing st7735.o(.ARM.exidx.text.fputc), (8 bytes).
    Removing st7735.o(.text.fgetc), (4 bytes).
    Removing st7735.o(.ARM.exidx.text.fgetc), (8 bytes).
    Removing st7735.o(.text.ferror), (6 bytes).
    Removing st7735.o(.ARM.exidx.text.ferror), (8 bytes).
    Removing st7735.o(.ARM.exidx.text.Output_Init), (8 bytes).
    Removing st7735.o(.text.Output_Clear), (64 bytes).
    Removing st7735.o(.ARM.exidx.text.Output_Clear), (8 bytes).
    Removing st7735.o(.text.Output_Off), (64 bytes).
    Removing st7735.o(.ARM.exidx.text.Output_Off), (8 bytes).
    Removing st7735.o(.text.Output_On), (190 bytes).
    Removing st7735.o(.ARM.exidx.text.Output_On), (8 bytes).
    Removing st7735.o(.text.Output_Color), (12 bytes).
    Removing st7735.o(.ARM.exidx.text.Output_Color), (8 bytes).
    Removing st7735.o(.rodata.Bcmd), (103 bytes).
    Removing st7735.o(.rodata.Rcmd2green), (13 bytes).
    Removing st7735.o(.rodata.smallCircle), (36 bytes).
    Removing st7735.o(.rodata.circle), (60 bytes).
    Removing st7735.o(.bss.Message), (12 bytes).
    Removing st7735.o(.bss.Ymax), (4 bytes).
    Removing st7735.o(.bss.Ymin), (4 bytes).
    Removing st7735.o(.bss.Yrange), (4 bytes).
    Removing st7735.o(.bss.X), (4 bytes).
    Removing st7735.o(.bss.lastj), (4 bytes).
    Removing st7735.o(.rodata.dBfs), (512 bytes).
    Removing st7735.o(.bss.Messageindex), (4 bytes).
    Removing stringconversion.o(.text), (240 bytes).
    Removing wave.o(.text), (0 bytes).
    Removing wave.o(.text.Timer2A_Init), (92 bytes).
    Removing wave.o(.ARM.exidx.text.Timer2A_Init), (8 bytes).
    Removing wave.o(.text.Timer2A_Start), (16 bytes).
    Removing wave.o(.ARM.exidx.text.Timer2A_Start), (8 bytes).
    Removing wave.o(.text.Wave_Stop), (16 bytes).
    Removing wave.o(.ARM.exidx.text.Wave_Stop), (8 bytes).
    Removing wave.o(.text.Wave_Init), (106 bytes).
    Removing wave.o(.ARM.exidx.text.Wave_Init), (8 bytes).
    Removing wave.o(.ARM.exidx.text.Timer2A_Handler), (8 bytes).
    Removing wave.o(.text.Wave_Start), (2 bytes).
    Removing wave.o(.ARM.exidx.text.Wave_Start), (8 bytes).
    Removing wave.o(.text.Wave_Shoot), (2 bytes).
    Removing wave.o(.ARM.exidx.text.Wave_Shoot), (8 bytes).
    Removing wave.o(.text.Wave_Killed), (2 bytes).
    Removing wave.o(.ARM.exidx.text.Wave_Killed), (8 bytes).
    Removing wave.o(.text.Wave_Explosion), (2 bytes).
    Removing wave.o(.ARM.exidx.text.Wave_Explosion), (8 bytes).
    Removing wave.o(.text.Wave_Highpitch), (2 bytes).
    Removing wave.o(.ARM.exidx.text.Wave_Highpitch), (8 bytes).
    Removing wave.o(.rodata.shoot), (4080 bytes).
    Removing wave.o(.rodata.invaderkilled), (3377 bytes).
    Removing wave.o(.rodata.explosion), (2000 bytes).
    Removing wave.o(.rodata.highpitch), (1802 bytes).
    Removing wave.o(.rodata.fastinvader1), (982 bytes).
    Removing wave.o(.rodata.fastinvader2), (1042 bytes).
    Removing wave.o(.rodata.fastinvader3), (1054 bytes).
    Removing wave.o(.rodata.fastinvader4), (1098 bytes).
    Removing edgetrigger.o(.text), (0 bytes).
    Removing edgetrigger.o(.ARM.exidx.text.EdgeTrigger_Init), (8 bytes).
    Removing joystick.o(.text), (0 bytes).
    Removing joystick.o(.ARM.exidx.text.JoyStick_Init), (8 bytes).
    Removing joystick.o(.ARM.exidx.text.JoyStick_In), (8 bytes).
    Removing osumain.o(.text), (0 bytes).
    Removing osumain.o(.ARM.exidx.text.GPIOPortE_Handler), (8 bytes).
    Removing osumain.o(.ARM.exidx.text.GPIOPortC_Handler), (8 bytes).
    Removing osumain.o(.ARM.exidx.text.Timer1A_Handler), (8 bytes).
    Removing osumain.o(.ARM.exidx.text.main), (8 bytes).
    Removing osumain.o(.text.startScreen), (82 bytes).
    Removing osumain.o(.ARM.exidx.text.startScreen), (8 bytes).
    Removing osumain.o(.text.menuScreen), (32 bytes).
    Removing osumain.o(.ARM.exidx.text.menuScreen), (8 bytes).
    Removing osumain.o(.text.languageSelectScreen), (2 bytes).
    Removing osumain.o(.ARM.exidx.text.languageSelectScreen), (8 bytes).
    Removing osumain.o(.text.difficultySelectScreen), (2 bytes).
    Removing osumain.o(.ARM.exidx.text.difficultySelectScreen), (8 bytes).
    Removing osumain.o(.text.gameScreen), (2 bytes).
    Removing osumain.o(.ARM.exidx.text.gameScreen), (8 bytes).
    Removing osumain.o(.text.pauseScreen), (2 bytes).
    Removing osumain.o(.ARM.exidx.text.pauseScreen), (8 bytes).
    Removing osumain.o(.text.endScreen), (2 bytes).
    Removing osumain.o(.ARM.exidx.text.endScreen), (8 bytes).
    Removing osumain.o(.bss.langauge), (1 bytes).
    Removing osumain.o(.data.difficulty), (1 bytes).
    Removing osumain.o(.ARM.use_no_argv), (4 bytes).

191 unused section(s) (total 23671 bytes) removed from the image.

==============================================================================

Image Symbol Table

    Local Symbols

    Symbol Name                              Value     Ov Type        Size  Object(Section)

    ../clib/angel/boardlib.s                 0x00000000   Number         0  boardinit1.o ABSOLUTE
    ../clib/angel/boardlib.s                 0x00000000   Number         0  boardinit2.o ABSOLUTE
    ../clib/angel/boardlib.s                 0x00000000   Number         0  boardinit3.o ABSOLUTE
    ../clib/angel/boardlib.s                 0x00000000   Number         0  boardshut.o ABSOLUTE
    ../clib/angel/handlers.s                 0x00000000   Number         0  __scatter_copy.o ABSOLUTE
    ../clib/angel/handlers.s                 0x00000000   Number         0  __scatter_zi.o ABSOLUTE
    ../clib/angel/kernel.s                   0x00000000   Number         0  __rtentry.o ABSOLUTE
    ../clib/angel/kernel.s                   0x00000000   Number         0  __rtentry2.o ABSOLUTE
    ../clib/angel/kernel.s                   0x00000000   Number         0  __rtentry4.o ABSOLUTE
    ../clib/angel/kernel.s                   0x00000000   Number         0  rtexit.o ABSOLUTE
    ../clib/angel/kernel.s                   0x00000000   Number         0  rtexit2.o ABSOLUTE
    ../clib/angel/rt.s                       0x00000000   Number         0  rt_raise.o ABSOLUTE
    ../clib/angel/scatter.s                  0x00000000   Number         0  __scatter.o ABSOLUTE
    ../clib/angel/startup.s                  0x00000000   Number         0  __main.o ABSOLUTE
    ../clib/angel/sys.s                      0x00000000   Number         0  sys_stackheap_outer.o ABSOLUTE
    ../clib/angel/sys.s                      0x00000000   Number         0  libspace.o ABSOLUTE
    ../clib/angel/sys.s                      0x00000000   Number         0  use_no_semi.o ABSOLUTE
    ../clib/angel/sys.s                      0x00000000   Number         0  indicate_semi.o ABSOLUTE
    ../clib/angel/sysapp.c                   0x00000000   Number         0  sys_exit.o ABSOLUTE
    ../clib/angel/sysapp.c                   0x00000000   Number         0  sys_exit_hlt.o ABSOLUTE
    ../clib/angel/sysapp.c                   0x00000000   Number         0  sys_command.o ABSOLUTE
    ../clib/angel/sysapp.c                   0x00000000   Number         0  sys_command_hlt.o ABSOLUTE
    ../clib/angel/sysapp.c                   0x00000000   Number         0  sys_wrch.o ABSOLUTE
    ../clib/angel/sysapp.c                   0x00000000   Number         0  sys_wrch_hlt.o ABSOLUTE
    ../clib/armsys.c                         0x00000000   Number         0  argv_veneer.o ABSOLUTE
    ../clib/armsys.c                         0x00000000   Number         0  argv_veneer.o ABSOLUTE
    ../clib/armsys.c                         0x00000000   Number         0  _get_argv_nomalloc.o ABSOLUTE
    ../clib/armsys.c                         0x00000000   Number         0  no_argv.o ABSOLUTE
    ../clib/heapalloc.c                      0x00000000   Number         0  hrguard.o ABSOLUTE
    ../clib/heapaux.c                        0x00000000   Number         0  heapauxi.o ABSOLUTE
    ../clib/libinit.s                        0x00000000   Number         0  libinit.o ABSOLUTE
    ../clib/libinit.s                        0x00000000   Number         0  libinit2.o ABSOLUTE
    ../clib/libinit.s                        0x00000000   Number         0  libshutdown.o ABSOLUTE
    ../clib/libinit.s                        0x00000000   Number         0  libshutdown2.o ABSOLUTE
    ../clib/signal.c                         0x00000000   Number         0  defsig_rtmem_outer.o ABSOLUTE
    ../clib/signal.c                         0x00000000   Number         0  defsig_rtmem_formal.o ABSOLUTE
    ../clib/signal.c                         0x00000000   Number         0  defsig_exit.o ABSOLUTE
    ../clib/signal.c                         0x00000000   Number         0  defsig_rtmem_inner.o ABSOLUTE
    ../clib/signal.c                         0x00000000   Number         0  __raise.o ABSOLUTE
    ../clib/signal.c                         0x00000000   Number         0  defsig_general.o ABSOLUTE
    ../clib/signal.c                         0x00000000   Number         0  defsig_abrt_inner.o ABSOLUTE
    ../clib/signal.c                         0x00000000   Number         0  defsig_fpe_inner.o ABSOLUTE
    ../clib/signal.c                         0x00000000   Number         0  defsig_rtred_inner.o ABSOLUTE
    ../clib/signal.c                         0x00000000   Number         0  defsig_stak_inner.o ABSOLUTE
    ../clib/signal.c                         0x00000000   Number         0  defsig_pvfn_inner.o ABSOLUTE
    ../clib/signal.c                         0x00000000   Number         0  defsig_cppl_inner.o ABSOLUTE
    ../clib/signal.c                         0x00000000   Number         0  defsig_segv_inner.o ABSOLUTE
    ../clib/signal.c                         0x00000000   Number         0  defsig_other.o ABSOLUTE
    ../clib/signal.s                         0x00000000   Number         0  defsig.o ABSOLUTE
    ../clib/stdlib.c                         0x00000000   Number         0  exit.o ABSOLUTE
    ../fplib/fpinit.s                        0x00000000   Number         0  fpinit.o ABSOLUTE
    ../fplib/fpinit_empty.s                  0x00000000   Number         0  fpinit_empty.o ABSOLUTE
    ..\inc\BusyWait.s                        0x00000000   Number         0  busywait.o ABSOLUTE
    ..\inc\StringConversion.s                0x00000000   Number         0  stringconversion.o ABSOLUTE
    ADC.c                                    0x00000000   Number         0  adc.o ABSOLUTE
    DAC.c                                    0x00000000   Number         0  dac.o ABSOLUTE
    EdgeTrigger.c                            0x00000000   Number         0  edgetrigger.o ABSOLUTE
    JoyStick.c                               0x00000000   Number         0  joystick.o ABSOLUTE
    OsuMain.c                                0x00000000   Number         0  osumain.o ABSOLUTE
    PLL.c                                    0x00000000   Number         0  pll.o ABSOLUTE
    ST7735.c                                 0x00000000   Number         0  st7735.o ABSOLUTE
    TExaS.c                                  0x00000000   Number         0  texas.o ABSOLUTE
    Timer0.c                                 0x00000000   Number         0  timer0.o ABSOLUTE
    Timer1.c                                 0x00000000   Number         0  timer1.o ABSOLUTE
    dc.s                                     0x00000000   Number         0  dc.o ABSOLUTE
    random.s                                 0x00000000   Number         0  random.o ABSOLUTE
    startup.s                                0x00000000   Number         0  startup.o ABSOLUTE
    wave.c                                   0x00000000   Number         0  wave.o ABSOLUTE
    RESET                                    0x00000000   Section      644  startup.o(RESET)
    !!!main                                  0x00000284   Section        8  __main.o(!!!main)
    !!!scatter                               0x0000028c   Section       52  __scatter.o(!!!scatter)
    !!handler_copy                           0x000002c0   Section       26  __scatter_copy.o(!!handler_copy)
    !!handler_zi                             0x000002dc   Section       28  __scatter_zi.o(!!handler_zi)
    .ARM.Collect$$libinit$$00000000          0x000002f8   Section        2  libinit.o(.ARM.Collect$$libinit$$00000000)
    .ARM.Collect$$libinit$$00000002          0x000002fa   Section        0  libinit2.o(.ARM.Collect$$libinit$$00000002)
    .ARM.Collect$$libinit$$00000004          0x000002fa   Section        0  libinit2.o(.ARM.Collect$$libinit$$00000004)
    .ARM.Collect$$libinit$$00000006          0x000002fa   Section        0  libinit2.o(.ARM.Collect$$libinit$$00000006)
    .ARM.Collect$$libinit$$0000000C          0x000002fa   Section        0  libinit2.o(.ARM.Collect$$libinit$$0000000C)
    .ARM.Collect$$libinit$$0000000E          0x000002fa   Section        0  libinit2.o(.ARM.Collect$$libinit$$0000000E)
    .ARM.Collect$$libinit$$00000010          0x000002fa   Section        0  libinit2.o(.ARM.Collect$$libinit$$00000010)
    .ARM.Collect$$libinit$$00000013          0x000002fa   Section        0  libinit2.o(.ARM.Collect$$libinit$$00000013)
    .ARM.Collect$$libinit$$00000015          0x000002fa   Section        0  libinit2.o(.ARM.Collect$$libinit$$00000015)
    .ARM.Collect$$libinit$$00000017          0x000002fa   Section        0  libinit2.o(.ARM.Collect$$libinit$$00000017)
    .ARM.Collect$$libinit$$00000019          0x000002fa   Section        0  libinit2.o(.ARM.Collect$$libinit$$00000019)
    .ARM.Collect$$libinit$$0000001B          0x000002fa   Section        0  libinit2.o(.ARM.Collect$$libinit$$0000001B)
    .ARM.Collect$$libinit$$0000001D          0x000002fa   Section        0  libinit2.o(.ARM.Collect$$libinit$$0000001D)
    .ARM.Collect$$libinit$$0000001F          0x000002fa   Section        0  libinit2.o(.ARM.Collect$$libinit$$0000001F)
    .ARM.Collect$$libinit$$00000021          0x000002fa   Section        0  libinit2.o(.ARM.Collect$$libinit$$00000021)
    .ARM.Collect$$libinit$$00000023          0x000002fa   Section        0  libinit2.o(.ARM.Collect$$libinit$$00000023)
    .ARM.Collect$$libinit$$00000025          0x000002fa   Section        0  libinit2.o(.ARM.Collect$$libinit$$00000025)
    .ARM.Collect$$libinit$$00000027          0x000002fa   Section        0  libinit2.o(.ARM.Collect$$libinit$$00000027)
    .ARM.Collect$$libinit$$0000002E          0x000002fa   Section        0  libinit2.o(.ARM.Collect$$libinit$$0000002E)
    .ARM.Collect$$libinit$$00000030          0x000002fa   Section        0  libinit2.o(.ARM.Collect$$libinit$$00000030)
    .ARM.Collect$$libinit$$00000032          0x000002fa   Section        0  libinit2.o(.ARM.Collect$$libinit$$00000032)
    .ARM.Collect$$libinit$$00000034          0x000002fa   Section        0  libinit2.o(.ARM.Collect$$libinit$$00000034)
    .ARM.Collect$$libinit$$00000035          0x000002fa   Section        2  libinit2.o(.ARM.Collect$$libinit$$00000035)
    .ARM.Collect$$libshutdown$$00000000      0x000002fc   Section        2  libshutdown.o(.ARM.Collect$$libshutdown$$00000000)
    .ARM.Collect$$libshutdown$$00000002      0x000002fe   Section        0  libshutdown2.o(.ARM.Collect$$libshutdown$$00000002)
    .ARM.Collect$$libshutdown$$00000004      0x000002fe   Section        0  libshutdown2.o(.ARM.Collect$$libshutdown$$00000004)
    .ARM.Collect$$libshutdown$$00000007      0x000002fe   Section        0  libshutdown2.o(.ARM.Collect$$libshutdown$$00000007)
    .ARM.Collect$$libshutdown$$0000000A      0x000002fe   Section        0  libshutdown2.o(.ARM.Collect$$libshutdown$$0000000A)
    .ARM.Collect$$libshutdown$$0000000C      0x000002fe   Section        0  libshutdown2.o(.ARM.Collect$$libshutdown$$0000000C)
    .ARM.Collect$$libshutdown$$0000000F      0x000002fe   Section        0  libshutdown2.o(.ARM.Collect$$libshutdown$$0000000F)
    .ARM.Collect$$libshutdown$$00000010      0x000002fe   Section        2  libshutdown2.o(.ARM.Collect$$libshutdown$$00000010)
    .ARM.Collect$$rtentry$$00000000          0x00000300   Section        0  __rtentry.o(.ARM.Collect$$rtentry$$00000000)
    .ARM.Collect$$rtentry$$00000002          0x00000300   Section        0  __rtentry2.o(.ARM.Collect$$rtentry$$00000002)
    .ARM.Collect$$rtentry$$00000004          0x00000300   Section        6  __rtentry4.o(.ARM.Collect$$rtentry$$00000004)
    .ARM.Collect$$rtentry$$00000009          0x00000306   Section        0  __rtentry2.o(.ARM.Collect$$rtentry$$00000009)
    .ARM.Collect$$rtentry$$0000000A          0x00000306   Section        4  __rtentry2.o(.ARM.Collect$$rtentry$$0000000A)
    .ARM.Collect$$rtentry$$0000000C          0x0000030a   Section        0  __rtentry2.o(.ARM.Collect$$rtentry$$0000000C)
    .ARM.Collect$$rtentry$$0000000D          0x0000030a   Section        8  __rtentry2.o(.ARM.Collect$$rtentry$$0000000D)
    .ARM.Collect$$rtexit$$00000000           0x00000312   Section        2  rtexit.o(.ARM.Collect$$rtexit$$00000000)
    .ARM.Collect$$rtexit$$00000002           0x00000314   Section        0  rtexit2.o(.ARM.Collect$$rtexit$$00000002)
    .ARM.Collect$$rtexit$$00000003           0x00000314   Section        4  rtexit2.o(.ARM.Collect$$rtexit$$00000003)
    .ARM.Collect$$rtexit$$00000004           0x00000318   Section        6  rtexit2.o(.ARM.Collect$$rtexit$$00000004)
    .text                                    0x00000320   Section       48  startup.o(.text)
    .text                                    0x00000350   Section       56  busywait.o(.text)
    .text                                    0x00000388   Section        0  heapauxi.o(.text)
    .text                                    0x0000038e   Section       74  sys_stackheap_outer.o(.text)
    .text                                    0x000003d8   Section        0  exit.o(.text)
    .text                                    0x000003ec   Section        8  libspace.o(.text)
    .text                                    0x000003f4   Section        0  sys_exit.o(.text)
    .text                                    0x00000400   Section        2  use_no_semi.o(.text)
    .text                                    0x00000402   Section        0  indicate_semi.o(.text)
    [Anonymous Symbol]                       0x00000404   Section        0  adc.o(.text.ADC_Init)
    [Anonymous Symbol]                       0x000004b4   Section        0  edgetrigger.o(.text.EdgeTrigger_Init)
    [Anonymous Symbol]                       0x00000524   Section        0  osumain.o(.text.GPIOPortC_Handler)
    [Anonymous Symbol]                       0x00000540   Section        0  osumain.o(.text.GPIOPortE_Handler)
    [Anonymous Symbol]                       0x00000550   Section        0  joystick.o(.text.JoyStick_In)
    [Anonymous Symbol]                       0x00000580   Section        0  joystick.o(.text.JoyStick_Init)
    [Anonymous Symbol]                       0x0000069c   Section        0  texas.o(.text.LogicAnalyzerA)
    [Anonymous Symbol]                       0x000006b8   Section        0  texas.o(.text.LogicAnalyzerB)
    [Anonymous Symbol]                       0x000006d4   Section        0  texas.o(.text.LogicAnalyzerC)
    [Anonymous Symbol]                       0x000006f0   Section        0  texas.o(.text.LogicAnalyzerE)
    [Anonymous Symbol]                       0x0000070c   Section        0  texas.o(.text.LogicAnalyzerF)
    [Anonymous Symbol]                       0x00000728   Section        0  st7735.o(.text.Output_Init)
    [Anonymous Symbol]                       0x000007e8   Section        0  pll.o(.text.PLL_Init)
    [Anonymous Symbol]                       0x00000854   Section        0  st7735.o(.text.ST7735_DrawBitmap)
    [Anonymous Symbol]                       0x000009a8   Section        0  st7735.o(.text.ST7735_DrawCharS)
    [Anonymous Symbol]                       0x00000ba8   Section        0  st7735.o(.text.ST7735_FillRect)
    [Anonymous Symbol]                       0x00000c68   Section        0  st7735.o(.text.ST7735_FillScreen)
    [Anonymous Symbol]                       0x00000cac   Section        0  st7735.o(.text.ST7735_OutChar)
    [Anonymous Symbol]                       0x00000dcc   Section        0  st7735.o(.text.ST7735_OutString)
    [Anonymous Symbol]                       0x00000de8   Section        0  st7735.o(.text.ST7735_SetCursor)
    [Anonymous Symbol]                       0x00000e08   Section        0  texas.o(.text.Scope)
    [Anonymous Symbol]                       0x00000e20   Section        0  texas.o(.text.TExaS_Init)
    [Anonymous Symbol]                       0x00001264   Section        0  osumain.o(.text.Timer1A_Handler)
    [Anonymous Symbol]                       0x000012d8   Section        0  timer1.o(.text.Timer1_Init)
    [Anonymous Symbol]                       0x00001348   Section        0  wave.o(.text.Timer2A_Handler)
    [Anonymous Symbol]                       0x00001358   Section        0  texas.o(.text.Timer5A_Handler)
    commandList                              0x00001371   Thumb Code   156  st7735.o(.text.commandList)
    [Anonymous Symbol]                       0x00001370   Section        0  st7735.o(.text.commandList)
    commonInit                               0x0000140d   Thumb Code   428  st7735.o(.text.commonInit)
    [Anonymous Symbol]                       0x0000140c   Section        0  st7735.o(.text.commonInit)
    [Anonymous Symbol]                       0x000015b8   Section        0  osumain.o(.text.main)
    setAddrWindow                            0x000016a9   Thumb Code   214  st7735.o(.text.setAddrWindow)
    [Anonymous Symbol]                       0x000016a8   Section        0  st7735.o(.text.setAddrWindow)
    Font                                     0x0000177e   Data        1275  st7735.o(.rodata.Font)
    [Anonymous Symbol]                       0x0000177e   Section        0  st7735.o(.rodata.Font)
    Rcmd1                                    0x00001c79   Data          59  st7735.o(.rodata.Rcmd1)
    [Anonymous Symbol]                       0x00001c79   Section        0  st7735.o(.rodata.Rcmd1)
    Rcmd2red                                 0x00001cb4   Data          13  st7735.o(.rodata.Rcmd2red)
    [Anonymous Symbol]                       0x00001cb4   Section        0  st7735.o(.rodata.Rcmd2red)
    Rcmd3                                    0x00001cc1   Data          43  st7735.o(.rodata.Rcmd3)
    [Anonymous Symbol]                       0x00001cc1   Section        0  st7735.o(.rodata.Rcmd3)
    .L.str.1                                 0x00004fb4   Data          13  osumain.o(.rodata.str1.1)
    [Anonymous Symbol]                       0x00004fb4   Section        0  osumain.o(.rodata.str1.1)
    .L.str.2                                 0x00004fc1   Data          13  osumain.o(.rodata.str1.1)
    .L.str                                   0x00004fce   Data          15  osumain.o(.rodata.str1.1)
    .bss                                     0x20000008   Section       96  libspace.o(.bss)
    ColStart                                 0x20000068   Data           1  st7735.o(.bss.ColStart)
    [Anonymous Symbol]                       0x20000068   Section        0  st7735.o(.bss.ColStart)
    RowStart                                 0x20000070   Data           1  st7735.o(.bss.RowStart)
    [Anonymous Symbol]                       0x20000070   Section        0  st7735.o(.bss.RowStart)
    TabColor                                 0x2000007c   Data           1  st7735.o(.bss.TabColor)
    [Anonymous Symbol]                       0x2000007c   Section        0  st7735.o(.bss.TabColor)
    _height                                  0x2000007e   Data           1  st7735.o(.bss._height)
    [Anonymous Symbol]                       0x2000007e   Section        0  st7735.o(.bss._height)
    _width                                   0x20000080   Data           1  st7735.o(.bss._width)
    [Anonymous Symbol]                       0x20000080   Section        0  st7735.o(.bss._width)
    HeapMem                                  0x20000098   Data           0  startup.o(HEAP)
    StackMem                                 0x20000098   Data           0  startup.o(STACK)
    HEAP                                     0x20000098   Section        0  startup.o(HEAP)
    STACK                                    0x20000098   Section     1024  startup.o(STACK)

    Global Symbols

    Symbol Name                              Value     Ov Type        Size  Object(Section)

    BuildAttributes$$THM_ISAv4$E$P$D$K$B$S$7EM$PE$A:L22UL41UL21$X:L11$S22US41US21$IEEE1$IW$~IW$USESV6$~STKCKD$USESV7$~SHL$OTIME$ROPI$EBA8$UX$STANDARDLIB$REQ8$PRES8$EABIv2 0x00000000   Number         0  anon$$obj.o ABSOLUTE
    __Vectors                                0x00000000   Data           0  startup.o(RESET)
    __fp_init_empty                          0x00000000   Number         0  fpinit_empty.o ABSOLUTE
    __ARM_exceptions_init                     - Undefined Weak Reference
    __alloca_initialize                       - Undefined Weak Reference
    __arm_preinit_                            - Undefined Weak Reference
    __arm_relocate_pie_                       - Undefined Weak Reference
    __cpp_initialize__aeabi_                  - Undefined Weak Reference
    __cxa_finalize                            - Undefined Weak Reference
    __rt_locale                               - Undefined Weak Reference
    __sigvec_lookup                           - Undefined Weak Reference
    _atexit_init                              - Undefined Weak Reference
    _call_atexit_fns                          - Undefined Weak Reference
    _clock_init                               - Undefined Weak Reference
    _fp_trap_init                             - Undefined Weak Reference
    _fp_trap_shutdown                         - Undefined Weak Reference
    _get_lc_collate                           - Undefined Weak Reference
    _get_lc_ctype                             - Undefined Weak Reference
    _get_lc_monetary                          - Undefined Weak Reference
    _get_lc_numeric                           - Undefined Weak Reference
    _get_lc_time                              - Undefined Weak Reference
    _getenv_init                              - Undefined Weak Reference
    _handle_redirection                       - Undefined Weak Reference
    _init_alloc                               - Undefined Weak Reference
    _init_user_alloc                          - Undefined Weak Reference
    _initio                                   - Undefined Weak Reference
    _rand_init                                - Undefined Weak Reference
    _signal_finish                            - Undefined Weak Reference
    _signal_init                              - Undefined Weak Reference
    _terminate_alloc                          - Undefined Weak Reference
    _terminate_user_alloc                     - Undefined Weak Reference
    _terminateio                              - Undefined Weak Reference
    Reset_Handler                            0x0000026d   Thumb Code     0  startup.o(RESET)
    NMI_Handler                              0x00000271   Thumb Code     2  startup.o(RESET)
    HardFault_Handler                        0x00000273   Thumb Code     2  startup.o(RESET)
    MemManage_Handler                        0x00000275   Thumb Code     2  startup.o(RESET)
    BusFault_Handler                         0x00000277   Thumb Code     2  startup.o(RESET)
    UsageFault_Handler                       0x00000279   Thumb Code     2  startup.o(RESET)
    SVC_Handler                              0x0000027b   Thumb Code     2  startup.o(RESET)
    DebugMon_Handler                         0x0000027d   Thumb Code     2  startup.o(RESET)
    PendSV_Handler                           0x0000027f   Thumb Code     2  startup.o(RESET)
    SysTick_Handler                          0x00000281   Thumb Code     2  startup.o(RESET)
    ADC0Seq0_Handler                         0x00000283   Thumb Code     0  startup.o(RESET)
    ADC0Seq1_Handler                         0x00000283   Thumb Code     0  startup.o(RESET)
    ADC0Seq2_Handler                         0x00000283   Thumb Code     0  startup.o(RESET)
    ADC0Seq3_Handler                         0x00000283   Thumb Code     0  startup.o(RESET)
    ADC1Seq0_Handler                         0x00000283   Thumb Code     0  startup.o(RESET)
    ADC1Seq1_Handler                         0x00000283   Thumb Code     0  startup.o(RESET)
    ADC1Seq2_Handler                         0x00000283   Thumb Code     0  startup.o(RESET)
    ADC1Seq3_Handler                         0x00000283   Thumb Code     0  startup.o(RESET)
    CAN0_Handler                             0x00000283   Thumb Code     0  startup.o(RESET)
    CAN1_Handler                             0x00000283   Thumb Code     0  startup.o(RESET)
    CAN2_Handler                             0x00000283   Thumb Code     0  startup.o(RESET)
    Comp0_Handler                            0x00000283   Thumb Code     0  startup.o(RESET)
    Comp1_Handler                            0x00000283   Thumb Code     0  startup.o(RESET)
    Comp2_Handler                            0x00000283   Thumb Code     0  startup.o(RESET)
    Ethernet_Handler                         0x00000283   Thumb Code     0  startup.o(RESET)
    ExtBus_Handler                           0x00000283   Thumb Code     0  startup.o(RESET)
    FPU_Handler                              0x00000283   Thumb Code     0  startup.o(RESET)
    Fan0_Handler                             0x00000283   Thumb Code     0  startup.o(RESET)
    FlashCtl_Handler                         0x00000283   Thumb Code     0  startup.o(RESET)
    GPIOPortA_Handler                        0x00000283   Thumb Code     0  startup.o(RESET)
    GPIOPortB_Handler                        0x00000283   Thumb Code     0  startup.o(RESET)
    GPIOPortD_Handler                        0x00000283   Thumb Code     0  startup.o(RESET)
    GPIOPortF_Handler                        0x00000283   Thumb Code     0  startup.o(RESET)
    GPIOPortG_Handler                        0x00000283   Thumb Code     0  startup.o(RESET)
    GPIOPortH_Handler                        0x00000283   Thumb Code     0  startup.o(RESET)
    GPIOPortJ_Handler                        0x00000283   Thumb Code     0  startup.o(RESET)
    GPIOPortK_Handler                        0x00000283   Thumb Code     0  startup.o(RESET)
    GPIOPortL_Handler                        0x00000283   Thumb Code     0  startup.o(RESET)
    GPIOPortM_Handler                        0x00000283   Thumb Code     0  startup.o(RESET)
    GPIOPortN_Handler                        0x00000283   Thumb Code     0  startup.o(RESET)
    GPIOPortP1_Handler                       0x00000283   Thumb Code     0  startup.o(RESET)
    GPIOPortP2_Handler                       0x00000283   Thumb Code     0  startup.o(RESET)
    GPIOPortP3_Handler                       0x00000283   Thumb Code     0  startup.o(RESET)
    GPIOPortP4_Handler                       0x00000283   Thumb Code     0  startup.o(RESET)
    GPIOPortP5_Handler                       0x00000283   Thumb Code     0  startup.o(RESET)
    GPIOPortP6_Handler                       0x00000283   Thumb Code     0  startup.o(RESET)
    GPIOPortP7_Handler                       0x00000283   Thumb Code     0  startup.o(RESET)
    GPIOPortP_Handler                        0x00000283   Thumb Code     0  startup.o(RESET)
    GPIOPortQ1_Handler                       0x00000283   Thumb Code     0  startup.o(RESET)
    GPIOPortQ2_Handler                       0x00000283   Thumb Code     0  startup.o(RESET)
    GPIOPortQ3_Handler                       0x00000283   Thumb Code     0  startup.o(RESET)
    GPIOPortQ4_Handler                       0x00000283   Thumb Code     0  startup.o(RESET)
    GPIOPortQ5_Handler                       0x00000283   Thumb Code     0  startup.o(RESET)
    GPIOPortQ6_Handler                       0x00000283   Thumb Code     0  startup.o(RESET)
    GPIOPortQ7_Handler                       0x00000283   Thumb Code     0  startup.o(RESET)
    GPIOPortQ_Handler                        0x00000283   Thumb Code     0  startup.o(RESET)
    GPIOPortR_Handler                        0x00000283   Thumb Code     0  startup.o(RESET)
    GPIOPortS_Handler                        0x00000283   Thumb Code     0  startup.o(RESET)
    Hibernate_Handler                        0x00000283   Thumb Code     0  startup.o(RESET)
    I2C0_Handler                             0x00000283   Thumb Code     0  startup.o(RESET)
    I2C1_Handler                             0x00000283   Thumb Code     0  startup.o(RESET)
    I2C2_Handler                             0x00000283   Thumb Code     0  startup.o(RESET)
    I2C3_Handler                             0x00000283   Thumb Code     0  startup.o(RESET)
    I2C4_Handler                             0x00000283   Thumb Code     0  startup.o(RESET)
    I2C5_Handler                             0x00000283   Thumb Code     0  startup.o(RESET)
    I2S0_Handler                             0x00000283   Thumb Code     0  startup.o(RESET)
    LPC0_Handler                             0x00000283   Thumb Code     0  startup.o(RESET)
    PECI0_Handler                            0x00000283   Thumb Code     0  startup.o(RESET)
    PWM0Fault_Handler                        0x00000283   Thumb Code     0  startup.o(RESET)
    PWM0Generator0_Handler                   0x00000283   Thumb Code     0  startup.o(RESET)
    PWM0Generator1_Handler                   0x00000283   Thumb Code     0  startup.o(RESET)
    PWM0Generator2_Handler                   0x00000283   Thumb Code     0  startup.o(RESET)
    PWM0Generator3_Handler                   0x00000283   Thumb Code     0  startup.o(RESET)
    PWM1Fault_Handler                        0x00000283   Thumb Code     0  startup.o(RESET)
    PWM1Generator0_Handler                   0x00000283   Thumb Code     0  startup.o(RESET)
    PWM1Generator1_Handler                   0x00000283   Thumb Code     0  startup.o(RESET)
    PWM1Generator2_Handler                   0x00000283   Thumb Code     0  startup.o(RESET)
    PWM1Generator3_Handler                   0x00000283   Thumb Code     0  startup.o(RESET)
    Quadrature0_Handler                      0x00000283   Thumb Code     0  startup.o(RESET)
    Quadrature1_Handler                      0x00000283   Thumb Code     0  startup.o(RESET)
    Quadrature2_Handler                      0x00000283   Thumb Code     0  startup.o(RESET)
    SSI0_Handler                             0x00000283   Thumb Code     0  startup.o(RESET)
    SSI1_Handler                             0x00000283   Thumb Code     0  startup.o(RESET)
    SSI2_Handler                             0x00000283   Thumb Code     0  startup.o(RESET)
    SSI3_Handler                             0x00000283   Thumb Code     0  startup.o(RESET)
    SysCtl_Handler                           0x00000283   Thumb Code     0  startup.o(RESET)
    Timer0A_Handler                          0x00000283   Thumb Code     0  startup.o(RESET)
    Timer0B_Handler                          0x00000283   Thumb Code     0  startup.o(RESET)
    Timer1B_Handler                          0x00000283   Thumb Code     0  startup.o(RESET)
    Timer2B_Handler                          0x00000283   Thumb Code     0  startup.o(RESET)
    Timer3A_Handler                          0x00000283   Thumb Code     0  startup.o(RESET)
    Timer3B_Handler                          0x00000283   Thumb Code     0  startup.o(RESET)
    Timer4A_Handler                          0x00000283   Thumb Code     0  startup.o(RESET)
    Timer4B_Handler                          0x00000283   Thumb Code     0  startup.o(RESET)
    Timer5B_Handler                          0x00000283   Thumb Code     0  startup.o(RESET)
    UART0_Handler                            0x00000283   Thumb Code     0  startup.o(RESET)
    UART1_Handler                            0x00000283   Thumb Code     0  startup.o(RESET)
    UART2_Handler                            0x00000283   Thumb Code     0  startup.o(RESET)
    UART3_Handler                            0x00000283   Thumb Code     0  startup.o(RESET)
    UART4_Handler                            0x00000283   Thumb Code     0  startup.o(RESET)
    UART5_Handler                            0x00000283   Thumb Code     0  startup.o(RESET)
    UART6_Handler                            0x00000283   Thumb Code     0  startup.o(RESET)
    UART7_Handler                            0x00000283   Thumb Code     0  startup.o(RESET)
    USB0_Handler                             0x00000283   Thumb Code     0  startup.o(RESET)
    WDT_Handler                              0x00000283   Thumb Code     0  startup.o(RESET)
    WideTimer0A_Handler                      0x00000283   Thumb Code     0  startup.o(RESET)
    WideTimer0B_Handler                      0x00000283   Thumb Code     0  startup.o(RESET)
    WideTimer1A_Handler                      0x00000283   Thumb Code     0  startup.o(RESET)
    WideTimer1B_Handler                      0x00000283   Thumb Code     0  startup.o(RESET)
    WideTimer2A_Handler                      0x00000283   Thumb Code     0  startup.o(RESET)
    WideTimer2B_Handler                      0x00000283   Thumb Code     0  startup.o(RESET)
    WideTimer3A_Handler                      0x00000283   Thumb Code     0  startup.o(RESET)
    WideTimer3B_Handler                      0x00000283   Thumb Code     0  startup.o(RESET)
    WideTimer4A_Handler                      0x00000283   Thumb Code     0  startup.o(RESET)
    WideTimer4B_Handler                      0x00000283   Thumb Code     0  startup.o(RESET)
    WideTimer5A_Handler                      0x00000283   Thumb Code     0  startup.o(RESET)
    WideTimer5B_Handler                      0x00000283   Thumb Code     0  startup.o(RESET)
    uDMA_Error                               0x00000283   Thumb Code     0  startup.o(RESET)
    uDMA_Handler                             0x00000283   Thumb Code     0  startup.o(RESET)
    __main                                   0x00000285   Thumb Code     8  __main.o(!!!main)
    __scatterload                            0x0000028d   Thumb Code     0  __scatter.o(!!!scatter)
    __scatterload_rt2                        0x0000028d   Thumb Code    44  __scatter.o(!!!scatter)
    __scatterload_rt2_thumb_only             0x0000028d   Thumb Code     0  __scatter.o(!!!scatter)
    __scatterload_null                       0x0000029b   Thumb Code     0  __scatter.o(!!!scatter)
    __scatterload_copy                       0x000002c1   Thumb Code    26  __scatter_copy.o(!!handler_copy)
    __scatterload_zeroinit                   0x000002dd   Thumb Code    28  __scatter_zi.o(!!handler_zi)
    __rt_lib_init                            0x000002f9   Thumb Code     0  libinit.o(.ARM.Collect$$libinit$$00000000)
    __rt_lib_init_alloca_1                   0x000002fb   Thumb Code     0  libinit2.o(.ARM.Collect$$libinit$$00000030)
    __rt_lib_init_argv_1                     0x000002fb   Thumb Code     0  libinit2.o(.ARM.Collect$$libinit$$0000002E)
    __rt_lib_init_atexit_1                   0x000002fb   Thumb Code     0  libinit2.o(.ARM.Collect$$libinit$$0000001D)
    __rt_lib_init_clock_1                    0x000002fb   Thumb Code     0  libinit2.o(.ARM.Collect$$libinit$$00000023)
    __rt_lib_init_cpp_1                      0x000002fb   Thumb Code     0  libinit2.o(.ARM.Collect$$libinit$$00000034)
    __rt_lib_init_exceptions_1               0x000002fb   Thumb Code     0  libinit2.o(.ARM.Collect$$libinit$$00000032)
    __rt_lib_init_fp_1                       0x000002fb   Thumb Code     0  libinit2.o(.ARM.Collect$$libinit$$00000002)
    __rt_lib_init_fp_trap_1                  0x000002fb   Thumb Code     0  libinit2.o(.ARM.Collect$$libinit$$00000021)
    __rt_lib_init_getenv_1                   0x000002fb   Thumb Code     0  libinit2.o(.ARM.Collect$$libinit$$00000025)
    __rt_lib_init_heap_1                     0x000002fb   Thumb Code     0  libinit2.o(.ARM.Collect$$libinit$$0000000C)
    __rt_lib_init_lc_collate_1               0x000002fb   Thumb Code     0  libinit2.o(.ARM.Collect$$libinit$$00000013)
    __rt_lib_init_lc_ctype_1                 0x000002fb   Thumb Code     0  libinit2.o(.ARM.Collect$$libinit$$00000015)
    __rt_lib_init_lc_monetary_1              0x000002fb   Thumb Code     0  libinit2.o(.ARM.Collect$$libinit$$00000017)
    __rt_lib_init_lc_numeric_1               0x000002fb   Thumb Code     0  libinit2.o(.ARM.Collect$$libinit$$00000019)
    __rt_lib_init_lc_time_1                  0x000002fb   Thumb Code     0  libinit2.o(.ARM.Collect$$libinit$$0000001B)
    __rt_lib_init_preinit_1                  0x000002fb   Thumb Code     0  libinit2.o(.ARM.Collect$$libinit$$00000006)
    __rt_lib_init_rand_1                     0x000002fb   Thumb Code     0  libinit2.o(.ARM.Collect$$libinit$$00000010)
    __rt_lib_init_relocate_pie_1             0x000002fb   Thumb Code     0  libinit2.o(.ARM.Collect$$libinit$$00000004)
    __rt_lib_init_return                     0x000002fb   Thumb Code     0  libinit2.o(.ARM.Collect$$libinit$$00000035)
    __rt_lib_init_signal_1                   0x000002fb   Thumb Code     0  libinit2.o(.ARM.Collect$$libinit$$0000001F)
    __rt_lib_init_stdio_1                    0x000002fb   Thumb Code     0  libinit2.o(.ARM.Collect$$libinit$$00000027)
    __rt_lib_init_user_alloc_1               0x000002fb   Thumb Code     0  libinit2.o(.ARM.Collect$$libinit$$0000000E)
    __rt_lib_shutdown                        0x000002fd   Thumb Code     0  libshutdown.o(.ARM.Collect$$libshutdown$$00000000)
    __rt_lib_shutdown_cpp_1                  0x000002ff   Thumb Code     0  libshutdown2.o(.ARM.Collect$$libshutdown$$00000002)
    __rt_lib_shutdown_fp_trap_1              0x000002ff   Thumb Code     0  libshutdown2.o(.ARM.Collect$$libshutdown$$00000007)
    __rt_lib_shutdown_heap_1                 0x000002ff   Thumb Code     0  libshutdown2.o(.ARM.Collect$$libshutdown$$0000000F)
    __rt_lib_shutdown_return                 0x000002ff   Thumb Code     0  libshutdown2.o(.ARM.Collect$$libshutdown$$00000010)
    __rt_lib_shutdown_signal_1               0x000002ff   Thumb Code     0  libshutdown2.o(.ARM.Collect$$libshutdown$$0000000A)
    __rt_lib_shutdown_stdio_1                0x000002ff   Thumb Code     0  libshutdown2.o(.ARM.Collect$$libshutdown$$00000004)
    __rt_lib_shutdown_user_alloc_1           0x000002ff   Thumb Code     0  libshutdown2.o(.ARM.Collect$$libshutdown$$0000000C)
    __rt_entry                               0x00000301   Thumb Code     0  __rtentry.o(.ARM.Collect$$rtentry$$00000000)
    __rt_entry_presh_1                       0x00000301   Thumb Code     0  __rtentry2.o(.ARM.Collect$$rtentry$$00000002)
    __rt_entry_sh                            0x00000301   Thumb Code     0  __rtentry4.o(.ARM.Collect$$rtentry$$00000004)
    __rt_entry_li                            0x00000307   Thumb Code     0  __rtentry2.o(.ARM.Collect$$rtentry$$0000000A)
    __rt_entry_postsh_1                      0x00000307   Thumb Code     0  __rtentry2.o(.ARM.Collect$$rtentry$$00000009)
    __rt_entry_main                          0x0000030b   Thumb Code     0  __rtentry2.o(.ARM.Collect$$rtentry$$0000000D)
    __rt_entry_postli_1                      0x0000030b   Thumb Code     0  __rtentry2.o(.ARM.Collect$$rtentry$$0000000C)
    __rt_exit                                0x00000313   Thumb Code     0  rtexit.o(.ARM.Collect$$rtexit$$00000000)
    __rt_exit_ls                             0x00000315   Thumb Code     0  rtexit2.o(.ARM.Collect$$rtexit$$00000003)
    __rt_exit_prels_1                        0x00000315   Thumb Code     0  rtexit2.o(.ARM.Collect$$rtexit$$00000002)
    __rt_exit_exit                           0x00000319   Thumb Code     0  rtexit2.o(.ARM.Collect$$rtexit$$00000004)
    DisableInterrupts                        0x00000321   Thumb Code     0  startup.o(.text)
    EnableInterrupts                         0x00000325   Thumb Code     0  startup.o(.text)
    StartCritical                            0x00000329   Thumb Code     0  startup.o(.text)
    EndCritical                              0x00000331   Thumb Code     0  startup.o(.text)
    WaitForInterrupt                         0x00000337   Thumb Code     0  startup.o(.text)
    __user_initial_stackheap                 0x0000033b   Thumb Code     0  startup.o(.text)
    SPIOutCommand                            0x00000351   Thumb Code     0  busywait.o(.text)
    SPIOutData                               0x00000371   Thumb Code     0  busywait.o(.text)
    __use_two_region_memory                  0x00000389   Thumb Code     2  heapauxi.o(.text)
    __rt_heap_escrow$2region                 0x0000038b   Thumb Code     2  heapauxi.o(.text)
    __rt_heap_expand$2region                 0x0000038d   Thumb Code     2  heapauxi.o(.text)
    __user_setup_stackheap                   0x0000038f   Thumb Code    74  sys_stackheap_outer.o(.text)
    exit                                     0x000003d9   Thumb Code    18  exit.o(.text)
    __user_libspace                          0x000003ed   Thumb Code     8  libspace.o(.text)
    __user_perproc_libspace                  0x000003ed   Thumb Code     0  libspace.o(.text)
    __user_perthread_libspace                0x000003ed   Thumb Code     0  libspace.o(.text)
    _sys_exit                                0x000003f5   Thumb Code     8  sys_exit.o(.text)
    __I$use$semihosting                      0x00000401   Thumb Code     0  use_no_semi.o(.text)
    __use_no_semihosting_swi                 0x00000401   Thumb Code     2  use_no_semi.o(.text)
    __semihosting_library_function           0x00000403   Thumb Code     0  indicate_semi.o(.text)
    ADC_Init                                 0x00000405   Thumb Code   174  adc.o(.text.ADC_Init)
    EdgeTrigger_Init                         0x000004b5   Thumb Code   110  edgetrigger.o(.text.EdgeTrigger_Init)
    GPIOPortC_Handler                        0x00000525   Thumb Code    26  osumain.o(.text.GPIOPortC_Handler)
    GPIOPortE_Handler                        0x00000541   Thumb Code    14  osumain.o(.text.GPIOPortE_Handler)
    JoyStick_In                              0x00000551   Thumb Code    48  joystick.o(.text.JoyStick_In)
    JoyStick_Init                            0x00000581   Thumb Code   284  joystick.o(.text.JoyStick_Init)
    LogicAnalyzerA                           0x0000069d   Thumb Code    28  texas.o(.text.LogicAnalyzerA)
    LogicAnalyzerB                           0x000006b9   Thumb Code    26  texas.o(.text.LogicAnalyzerB)
    LogicAnalyzerC                           0x000006d5   Thumb Code    28  texas.o(.text.LogicAnalyzerC)
    LogicAnalyzerE                           0x000006f1   Thumb Code    26  texas.o(.text.LogicAnalyzerE)
    LogicAnalyzerF                           0x0000070d   Thumb Code    26  texas.o(.text.LogicAnalyzerF)
    Output_Init                              0x00000729   Thumb Code   190  st7735.o(.text.Output_Init)
    PLL_Init                                 0x000007e9   Thumb Code   106  pll.o(.text.PLL_Init)
    ST7735_DrawBitmap                        0x00000855   Thumb Code   340  st7735.o(.text.ST7735_DrawBitmap)
    ST7735_DrawCharS                         0x000009a9   Thumb Code   510  st7735.o(.text.ST7735_DrawCharS)
    ST7735_FillRect                          0x00000ba9   Thumb Code   190  st7735.o(.text.ST7735_FillRect)
    ST7735_FillScreen                        0x00000c69   Thumb Code    68  st7735.o(.text.ST7735_FillScreen)
    ST7735_OutChar                           0x00000cad   Thumb Code   264  st7735.o(.text.ST7735_OutChar)
    ST7735_OutString                         0x00000dcd   Thumb Code    28  st7735.o(.text.ST7735_OutString)
    ST7735_SetCursor                         0x00000de9   Thumb Code    32  st7735.o(.text.ST7735_SetCursor)
    Scope                                    0x00000e09   Thumb Code    24  texas.o(.text.Scope)
    TExaS_Init                               0x00000e21   Thumb Code  1090  texas.o(.text.TExaS_Init)
    Timer1A_Handler                          0x00001265   Thumb Code   114  osumain.o(.text.Timer1A_Handler)
    Timer1_Init                              0x000012d9   Thumb Code   110  timer1.o(.text.Timer1_Init)
    Timer2A_Handler                          0x00001349   Thumb Code    14  wave.o(.text.Timer2A_Handler)
    Timer5A_Handler                          0x00001359   Thumb Code    24  texas.o(.text.Timer5A_Handler)
    main                                     0x000015b9   Thumb Code   238  osumain.o(.text.main)
    cursor                                   0x00001cec   Data        3200  osumain.o(.rodata.cursor)
    osuLogo                                  0x0000296c   Data        9800  osumain.o(.rodata.osuLogo)
    Region$$Table$$Base                      0x00004fe0   Number         0  anon$$obj.o(Region$$Table)
    Region$$Table$$Limit                     0x00005000   Number         0  anon$$obj.o(Region$$Table)
    StTextColor                              0x20000000   Data           2  st7735.o(.data.StTextColor)
    prevScreen                               0x20000002   Data           1  osumain.o(.data.prevScreen)
    __libspace_start                         0x20000008   Data          96  libspace.o(.bss)
    __temporary_stack_top$libspace           0x20000068   Data           0  libspace.o(.bss)
    PeriodicTask2                            0x2000006c   Data           4  texas.o(.bss.PeriodicTask2)
    StX                                      0x20000074   Data           4  st7735.o(.bss.StX)
    StY                                      0x20000078   Data           4  st7735.o(.bss.StY)
    currScreen                               0x20000081   Data           1  osumain.o(.bss.currScreen)
    joystickData                             0x20000084   Data           8  osumain.o(.bss.joystickData)
    mouse                                    0x2000008c   Data          12  osumain.o(.bss.mouse)



==============================================================================

Memory Map of the image

  Image Entry point : 0x0000026d

  Load Region LR_1 (Base: 0x00000000, Size: 0x00005004, Max: 0xffffffff, ABSOLUTE)

    Execution Region ER_RO (Exec base: 0x00000000, Load base: 0x00000000, Size: 0x00005000, Max: 0xffffffff, ABSOLUTE)

    Exec Addr    Load Addr    Size         Type   Attr      Idx    E Section Name        Object

    0x00000000   0x00000000   0x00000284   Code   RO            3  * RESET               startup.o
    0x00000284   0x00000284   0x00000008   Code   RO          335  * !!!main             c_w.l(__main.o)
    0x0000028c   0x0000028c   0x00000034   Code   RO          500    !!!scatter          c_w.l(__scatter.o)
    0x000002c0   0x000002c0   0x0000001a   Code   RO          502    !!handler_copy      c_w.l(__scatter_copy.o)
    0x000002da   0x000002da   0x00000002   PAD
    0x000002dc   0x000002dc   0x0000001c   Code   RO          504    !!handler_zi        c_w.l(__scatter_zi.o)
    0x000002f8   0x000002f8   0x00000002   Code   RO          362    .ARM.Collect$$libinit$$00000000  c_w.l(libinit.o)
    0x000002fa   0x000002fa   0x00000000   Code   RO          369    .ARM.Collect$$libinit$$00000002  c_w.l(libinit2.o)
    0x000002fa   0x000002fa   0x00000000   Code   RO          371    .ARM.Collect$$libinit$$00000004  c_w.l(libinit2.o)
    0x000002fa   0x000002fa   0x00000000   Code   RO          373    .ARM.Collect$$libinit$$00000006  c_w.l(libinit2.o)
    0x000002fa   0x000002fa   0x00000000   Code   RO          376    .ARM.Collect$$libinit$$0000000C  c_w.l(libinit2.o)
    0x000002fa   0x000002fa   0x00000000   Code   RO          378    .ARM.Collect$$libinit$$0000000E  c_w.l(libinit2.o)
    0x000002fa   0x000002fa   0x00000000   Code   RO          380    .ARM.Collect$$libinit$$00000010  c_w.l(libinit2.o)
    0x000002fa   0x000002fa   0x00000000   Code   RO          383    .ARM.Collect$$libinit$$00000013  c_w.l(libinit2.o)
    0x000002fa   0x000002fa   0x00000000   Code   RO          385    .ARM.Collect$$libinit$$00000015  c_w.l(libinit2.o)
    0x000002fa   0x000002fa   0x00000000   Code   RO          387    .ARM.Collect$$libinit$$00000017  c_w.l(libinit2.o)
    0x000002fa   0x000002fa   0x00000000   Code   RO          389    .ARM.Collect$$libinit$$00000019  c_w.l(libinit2.o)
    0x000002fa   0x000002fa   0x00000000   Code   RO          391    .ARM.Collect$$libinit$$0000001B  c_w.l(libinit2.o)
    0x000002fa   0x000002fa   0x00000000   Code   RO          393    .ARM.Collect$$libinit$$0000001D  c_w.l(libinit2.o)
    0x000002fa   0x000002fa   0x00000000   Code   RO          395    .ARM.Collect$$libinit$$0000001F  c_w.l(libinit2.o)
    0x000002fa   0x000002fa   0x00000000   Code   RO          397    .ARM.Collect$$libinit$$00000021  c_w.l(libinit2.o)
    0x000002fa   0x000002fa   0x00000000   Code   RO          399    .ARM.Collect$$libinit$$00000023  c_w.l(libinit2.o)
    0x000002fa   0x000002fa   0x00000000   Code   RO          401    .ARM.Collect$$libinit$$00000025  c_w.l(libinit2.o)
    0x000002fa   0x000002fa   0x00000000   Code   RO          403    .ARM.Collect$$libinit$$00000027  c_w.l(libinit2.o)
    0x000002fa   0x000002fa   0x00000000   Code   RO          407    .ARM.Collect$$libinit$$0000002E  c_w.l(libinit2.o)
    0x000002fa   0x000002fa   0x00000000   Code   RO          409    .ARM.Collect$$libinit$$00000030  c_w.l(libinit2.o)
    0x000002fa   0x000002fa   0x00000000   Code   RO          411    .ARM.Collect$$libinit$$00000032  c_w.l(libinit2.o)
    0x000002fa   0x000002fa   0x00000000   Code   RO          413    .ARM.Collect$$libinit$$00000034  c_w.l(libinit2.o)
    0x000002fa   0x000002fa   0x00000002   Code   RO          414    .ARM.Collect$$libinit$$00000035  c_w.l(libinit2.o)
    0x000002fc   0x000002fc   0x00000002   Code   RO          436    .ARM.Collect$$libshutdown$$00000000  c_w.l(libshutdown.o)
    0x000002fe   0x000002fe   0x00000000   Code   RO          451    .ARM.Collect$$libshutdown$$00000002  c_w.l(libshutdown2.o)
    0x000002fe   0x000002fe   0x00000000   Code   RO          453    .ARM.Collect$$libshutdown$$00000004  c_w.l(libshutdown2.o)
    0x000002fe   0x000002fe   0x00000000   Code   RO          456    .ARM.Collect$$libshutdown$$00000007  c_w.l(libshutdown2.o)
    0x000002fe   0x000002fe   0x00000000   Code   RO          459    .ARM.Collect$$libshutdown$$0000000A  c_w.l(libshutdown2.o)
    0x000002fe   0x000002fe   0x00000000   Code   RO          461    .ARM.Collect$$libshutdown$$0000000C  c_w.l(libshutdown2.o)
    0x000002fe   0x000002fe   0x00000000   Code   RO          464    .ARM.Collect$$libshutdown$$0000000F  c_w.l(libshutdown2.o)
    0x000002fe   0x000002fe   0x00000002   Code   RO          465    .ARM.Collect$$libshutdown$$00000010  c_w.l(libshutdown2.o)
    0x00000300   0x00000300   0x00000000   Code   RO          337    .ARM.Collect$$rtentry$$00000000  c_w.l(__rtentry.o)
    0x00000300   0x00000300   0x00000000   Code   RO          339    .ARM.Collect$$rtentry$$00000002  c_w.l(__rtentry2.o)
    0x00000300   0x00000300   0x00000006   Code   RO          351    .ARM.Collect$$rtentry$$00000004  c_w.l(__rtentry4.o)
    0x00000306   0x00000306   0x00000000   Code   RO          341    .ARM.Collect$$rtentry$$00000009  c_w.l(__rtentry2.o)
    0x00000306   0x00000306   0x00000004   Code   RO          342    .ARM.Collect$$rtentry$$0000000A  c_w.l(__rtentry2.o)
    0x0000030a   0x0000030a   0x00000000   Code   RO          344    .ARM.Collect$$rtentry$$0000000C  c_w.l(__rtentry2.o)
    0x0000030a   0x0000030a   0x00000008   Code   RO          345    .ARM.Collect$$rtentry$$0000000D  c_w.l(__rtentry2.o)
    0x00000312   0x00000312   0x00000002   Code   RO          366    .ARM.Collect$$rtexit$$00000000  c_w.l(rtexit.o)
    0x00000314   0x00000314   0x00000000   Code   RO          416    .ARM.Collect$$rtexit$$00000002  c_w.l(rtexit2.o)
    0x00000314   0x00000314   0x00000004   Code   RO          417    .ARM.Collect$$rtexit$$00000003  c_w.l(rtexit2.o)
    0x00000318   0x00000318   0x00000006   Code   RO          418    .ARM.Collect$$rtexit$$00000004  c_w.l(rtexit2.o)
    0x0000031e   0x0000031e   0x00000002   PAD
    0x00000320   0x00000320   0x00000030   Code   RO            4    .text               startup.o
    0x00000350   0x00000350   0x00000038   Code   RO          229    .text               busywait.o
    0x00000388   0x00000388   0x00000006   Code   RO          333    .text               c_w.l(heapauxi.o)
    0x0000038e   0x0000038e   0x0000004a   Code   RO          353    .text               c_w.l(sys_stackheap_outer.o)
    0x000003d8   0x000003d8   0x00000012   Code   RO          355    .text               c_w.l(exit.o)
    0x000003ea   0x000003ea   0x00000002   PAD
    0x000003ec   0x000003ec   0x00000008   Code   RO          363    .text               c_w.l(libspace.o)
    0x000003f4   0x000003f4   0x0000000c   Code   RO          426    .text               c_w.l(sys_exit.o)
    0x00000400   0x00000400   0x00000002   Code   RO          441    .text               c_w.l(use_no_semi.o)
    0x00000402   0x00000402   0x00000000   Code   RO          443    .text               c_w.l(indicate_semi.o)
    0x00000402   0x00000402   0x00000002   PAD
    0x00000404   0x00000404   0x000000ae   Code   RO           76    .text.ADC_Init      adc.o
    0x000004b2   0x000004b2   0x00000002   PAD
    0x000004b4   0x000004b4   0x0000006e   Code   RO          272    .text.EdgeTrigger_Init  edgetrigger.o
    0x00000522   0x00000522   0x00000002   PAD
    0x00000524   0x00000524   0x0000001a   Code   RO          294    .text.GPIOPortC_Handler  osumain.o
    0x0000053e   0x0000053e   0x00000002   PAD
    0x00000540   0x00000540   0x0000000e   Code   RO          292    .text.GPIOPortE_Handler  osumain.o
    0x0000054e   0x0000054e   0x00000002   PAD
    0x00000550   0x00000550   0x00000030   Code   RO          282    .text.JoyStick_In   joystick.o
    0x00000580   0x00000580   0x0000011c   Code   RO          280    .text.JoyStick_Init  joystick.o
    0x0000069c   0x0000069c   0x0000001c   Code   RO           37    .text.LogicAnalyzerA  texas.o
    0x000006b8   0x000006b8   0x0000001a   Code   RO           39    .text.LogicAnalyzerB  texas.o
    0x000006d2   0x000006d2   0x00000002   PAD
    0x000006d4   0x000006d4   0x0000001c   Code   RO           41    .text.LogicAnalyzerC  texas.o
    0x000006f0   0x000006f0   0x0000001a   Code   RO           43    .text.LogicAnalyzerE  texas.o
    0x0000070a   0x0000070a   0x00000002   PAD
    0x0000070c   0x0000070c   0x0000001a   Code   RO           45    .text.LogicAnalyzerF  texas.o
    0x00000726   0x00000726   0x00000002   PAD
    0x00000728   0x00000728   0x000000be   Code   RO          188    .text.Output_Init   st7735.o
    0x000007e6   0x000007e6   0x00000002   PAD
    0x000007e8   0x000007e8   0x0000006a   Code   RO           99    .text.PLL_Init      pll.o
    0x00000852   0x00000852   0x00000002   PAD
    0x00000854   0x00000854   0x00000154   Code   RO          144    .text.ST7735_DrawBitmap  st7735.o
    0x000009a8   0x000009a8   0x000001fe   Code   RO          146    .text.ST7735_DrawCharS  st7735.o
    0x00000ba6   0x00000ba6   0x00000002   PAD
    0x00000ba8   0x00000ba8   0x000000be   Code   RO          134    .text.ST7735_FillRect  st7735.o
    0x00000c66   0x00000c66   0x00000002   PAD
    0x00000c68   0x00000c68   0x00000044   Code   RO          120    .text.ST7735_FillScreen  st7735.o
    0x00000cac   0x00000cac   0x00000120   Code   RO          176    .text.ST7735_OutChar  st7735.o
    0x00000dcc   0x00000dcc   0x0000001c   Code   RO          178    .text.ST7735_OutString  st7735.o
    0x00000de8   0x00000de8   0x00000020   Code   RO          118    .text.ST7735_SetCursor  st7735.o
    0x00000e08   0x00000e08   0x00000018   Code   RO           35    .text.Scope         texas.o
    0x00000e20   0x00000e20   0x00000442   Code   RO           63    .text.TExaS_Init    texas.o
    0x00001262   0x00001262   0x00000002   PAD
    0x00001264   0x00001264   0x00000072   Code   RO          296    .text.Timer1A_Handler  osumain.o
    0x000012d6   0x000012d6   0x00000002   PAD
    0x000012d8   0x000012d8   0x0000006e   Code   RO           26    .text.Timer1_Init   timer1.o
    0x00001346   0x00001346   0x00000002   PAD
    0x00001348   0x00001348   0x0000000e   Code   RO          244    .text.Timer2A_Handler  wave.o
    0x00001356   0x00001356   0x00000002   PAD
    0x00001358   0x00001358   0x00000018   Code   RO           49    .text.Timer5A_Handler  texas.o
    0x00001370   0x00001370   0x0000009c   Code   RO          124    .text.commandList   st7735.o
    0x0000140c   0x0000140c   0x000001ac   Code   RO          116    .text.commonInit    st7735.o
    0x000015b8   0x000015b8   0x000000ee   Code   RO          298    .text.main          osumain.o
    0x000016a6   0x000016a6   0x00000002   PAD
    0x000016a8   0x000016a8   0x000000d6   Code   RO          128    .text.setAddrWindow  st7735.o
    0x0000177e   0x0000177e   0x000004fb   Data   RO          213    .rodata.Font        st7735.o
    0x00001c79   0x00001c79   0x0000003b   Data   RO          202    .rodata.Rcmd1       st7735.o
    0x00001cb4   0x00001cb4   0x0000000d   Data   RO          206    .rodata.Rcmd2red    st7735.o
    0x00001cc1   0x00001cc1   0x0000002b   Data   RO          207    .rodata.Rcmd3       st7735.o
    0x00001cec   0x00001cec   0x00000c80   Data   RO          314    .rodata.cursor      osumain.o
    0x0000296c   0x0000296c   0x00002648   Data   RO          315    .rodata.osuLogo     osumain.o
    0x00004fb4   0x00004fb4   0x00000029   Data   RO          322    .rodata.str1.1      osumain.o
    0x00004fdd   0x00004fdd   0x00000003   PAD
    0x00004fe0   0x00004fe0   0x00000020   Data   RO          499    Region$$Table       anon$$obj.o


    Execution Region ER_RW (Exec base: 0x20000000, Load base: 0x00005000, Size: 0x00000004, Max: 0xffffffff, ABSOLUTE)

    Exec Addr    Load Addr    Size         Type   Attr      Idx    E Section Name        Object

    0x20000000   0x00005000   0x00000002   Data   RW          200    .data.StTextColor   st7735.o
    0x20000002   0x00005002   0x00000001   Data   RW          317    .data.prevScreen    osumain.o


    Execution Region ER_ZI (Exec base: 0x20000008, Load base: 0x00005004, Size: 0x00000490, Max: 0xffffffff, ABSOLUTE)

    Exec Addr    Load Addr    Size         Type   Attr      Idx    E Section Name        Object

    0x20000008        -       0x00000060   Zero   RW          364    .bss                c_w.l(libspace.o)
    0x20000068        -       0x00000001   Zero   RW          204    .bss.ColStart       st7735.o
    0x20000069   0x00005004   0x00000003   PAD
    0x2000006c        -       0x00000004   Zero   RW           67    .bss.PeriodicTask2  texas.o
    0x20000070        -       0x00000001   Zero   RW          205    .bss.RowStart       st7735.o
    0x20000071   0x00005004   0x00000003   PAD
    0x20000074        -       0x00000004   Zero   RW          198    .bss.StX            st7735.o
    0x20000078        -       0x00000004   Zero   RW          199    .bss.StY            st7735.o
    0x2000007c        -       0x00000001   Zero   RW          208    .bss.TabColor       st7735.o
    0x2000007d   0x00005004   0x00000001   PAD
    0x2000007e        -       0x00000001   Zero   RW          210    .bss._height        st7735.o
    0x2000007f   0x00005004   0x00000001   PAD
    0x20000080        -       0x00000001   Zero   RW          209    .bss._width         st7735.o
    0x20000081        -       0x00000001   Zero   RW          316    .bss.currScreen     osumain.o
    0x20000082   0x00005004   0x00000002   PAD
    0x20000084        -       0x00000008   Zero   RW          320    .bss.joystickData   osumain.o
    0x2000008c        -       0x0000000c   Zero   RW          321    .bss.mouse          osumain.o
    0x20000098        -       0x00000000   Zero   RW            2    HEAP                startup.o
    0x20000098        -       0x00000400   Zero   RW            1    STACK               startup.o


==============================================================================

Image component sizes


      Code (inc. data)   RO Data    RW Data    ZI Data      Debug   Object Name

       174          0          0          0          0        744   adc.o
        56          0          0          0          0        248   busywait.o
       110          0          0          0          0        510   edgetrigger.o
       332          0          0          0          0        826   joystick.o
       392          0      13041          1         21       2933   osumain.o
       106          0          0          0          0        585   pll.o
      2444         24       1390          2         13      24837   st7735.o
       692        632          0          0       1024        956   startup.o
      1272         12          0          0          4       4984   texas.o
       110          0          0          0          0        706   timer1.o
        14          0          0          0          0       2268   wave.o

    ----------------------------------------------------------------------
      5734        668      14466          4       1072      39597   Object Totals
         0          0         32          0          0          0   (incl. Generated)
        32          0          3          1         10          0   (incl. Padding)

    ----------------------------------------------------------------------

      Code (inc. data)   RO Data    RW Data    ZI Data      Debug   Library Member Name

         8          0          0          0          0         68   __main.o
         0          0          0          0          0          0   __rtentry.o
        12          0          0          0          0          0   __rtentry2.o
         6          0          0          0          0          0   __rtentry4.o
        52          8          0          0          0          0   __scatter.o
        26          0          0          0          0          0   __scatter_copy.o
        28          0          0          0          0          0   __scatter_zi.o
        18          0          0          0          0         80   exit.o
         6          0          0          0          0        152   heapauxi.o
         0          0          0          0          0          0   indicate_semi.o
         2          0          0          0          0          0   libinit.o
         2          0          0          0          0          0   libinit2.o
         2          0          0          0          0          0   libshutdown.o
         2          0          0          0          0          0   libshutdown2.o
         8          4          0          0         96         68   libspace.o
         2          0          0          0          0          0   rtexit.o
        10          0          0          0          0          0   rtexit2.o
        12          4          0          0          0         68   sys_exit.o
        74          0          0          0          0         80   sys_stackheap_outer.o
         2          0          0          0          0         68   use_no_semi.o

    ----------------------------------------------------------------------
       280         16          0          0         96        584   Library Totals
         8          0          0          0          0          0   (incl. Padding)

    ----------------------------------------------------------------------

      Code (inc. data)   RO Data    RW Data    ZI Data      Debug   Library Name

       272         16          0          0         96        584   c_w.l

    ----------------------------------------------------------------------
       280         16          0          0         96        584   Library Totals

    ----------------------------------------------------------------------

==============================================================================


      Code (inc. data)   RO Data    RW Data    ZI Data      Debug   

      6014        684      14466          4       1168      39913   Grand Totals
      6014        684      14466          4       1168      39913   ELF Image Totals
      6014        684      14466          4          0          0   ROM Totals

==============================================================================

    Total RO  Size (Code + RO Data)                20480 (  20.00kB)
    Total RW  Size (RW Data + ZI Data)              1172 (   1.14kB)
    Total ROM Size (Code + RO Data + RW Data)      20484 (  20.00kB)

==============================================================================

